******************************************************************************
                  MSP430 Linker PC v16.9.6                     
******************************************************************************
>> Linked Sun Oct 16 02:00:29 2022

OUTPUT FILE NAME:   <UART_wdt_adc.out>
ENTRY POINT SYMBOL: "_c_int00_noargs_noexit"  address: 0000e3f8


MEMORY CONFIGURATION

         name            origin    length      used     unused   attr    fill
----------------------  --------  ---------  --------  --------  ----  --------
  SFR                   00000000   00000010  00000000  00000010  RWIX
  PERIPHERALS_8BIT      00000010   000000f0  00000000  000000f0  RWIX
  PERIPHERALS_16BIT     00000100   00000100  00000000  00000100  RWIX
  RAM                   00000200   00000100  0000007b  00000085  RWIX
  INFOD                 00001000   00000040  00000000  00000040  RWIX
  INFOC                 00001040   00000040  00000000  00000040  RWIX
  INFOB                 00001080   00000040  00000000  00000040  RWIX
  INFOA                 000010c0   00000040  00000000  00000040  RWIX
  FLASH                 0000e000   00001fe0  000004d6  00001b0a  RWIX
  INT00                 0000ffe0   00000002  00000000  00000002  RWIX
  INT01                 0000ffe2   00000002  00000000  00000002  RWIX
  INT02                 0000ffe4   00000002  00000002  00000000  RWIX
  INT03                 0000ffe6   00000002  00000002  00000000  RWIX
  INT04                 0000ffe8   00000002  00000002  00000000  RWIX
  INT05                 0000ffea   00000002  00000002  00000000  RWIX
  INT06                 0000ffec   00000002  00000000  00000002  RWIX
  INT07                 0000ffee   00000002  00000000  00000002  RWIX
  INT08                 0000fff0   00000002  00000002  00000000  RWIX
  INT09                 0000fff2   00000002  00000002  00000000  RWIX
  INT10                 0000fff4   00000002  00000002  00000000  RWIX
  INT11                 0000fff6   00000002  00000002  00000000  RWIX
  INT12                 0000fff8   00000002  00000000  00000002  RWIX
  INT13                 0000fffa   00000002  00000000  00000002  RWIX
  INT14                 0000fffc   00000002  00000002  00000000  RWIX
  RESET                 0000fffe   00000002  00000002  00000000  RWIX


SECTION ALLOCATION MAP

 output                                  attributes/
section   page    origin      length       input sections
--------  ----  ----------  ----------   ----------------
.data      0    00000200    00000022     UNINITIALIZED
                  00000200    0000000a     main.obj (.data:TxHI)
                  0000020a    0000000a     main.obj (.data:TxIN)
                  00000214    0000000a     main.obj (.data:TxLO)
                  0000021e    00000004     main.obj (.data)

.bss       0    00000222    00000009     UNINITIALIZED
                  00000222    00000004     (.common:rawTemperature)
                  00000226    00000002     (.common:TXByte)
                  00000228    00000002     (.common:i)
                  0000022a    00000001     (.common:BitCnt)

.stack     0    000002b0    00000050     UNINITIALIZED
                  000002b0    00000002     rts430_eabi.lib : boot.obj (.stack)
                  000002b2    0000004e     --HOLE--

.text      0    0000e000    000004a8     
                  0000e000    00000130     main.obj (.text:main)
                  0000e130    0000007c     rts430_eabi.lib : copy_decompress_lzss.obj (.text:decompress:lzss:__TI_decompress_lzss)
                  0000e1ac    0000006e                     : autoinit.obj (.text:_auto_init)
                  0000e21a    0000005a                     : cpy_tbl.obj (.text:copy_in)
                  0000e274    0000004c                     : lsr16.obj (.text)
                  0000e2c0    0000003e     main.obj (.text:TA0_ISR)
                  0000e2fe    0000003e     main.obj (.text:TransmitData)
                  0000e33c    0000003e     main.obj (.text:WDT_ISR)
                  0000e37a    00000030     main.obj (.text:ConfigClocks)
                  0000e3aa    0000002c     rts430_eabi.lib : lsl16.obj (.text)
                  0000e3d6    00000022     main.obj (.text:ConfigPins)
                  0000e3f8    0000001a     rts430_eabi.lib : boot_special.obj (.text:_c_int00_noargs_noexit)
                  0000e412    00000014                     : copy_zero_init.obj (.text:decompress:ZI:__TI_zero_init)
                  0000e426    00000014                     : mult16.obj (.text)
                  0000e43a    00000012                     : copy_decompress_none.obj (.text:decompress:none:__TI_decompress_none)
                  0000e44c    00000012                     : memcpy.obj (.text:memcpy)
                  0000e45e    00000010                     : epilog.obj (.text)
                  0000e46e    0000000c     main.obj (.text:ConfigTimerA2)
                  0000e47a    0000000c     main.obj (.text:ConfigWDT)
                  0000e486    00000008     main.obj (.text:ConfigADC)
                  0000e48e    00000008     rts430_eabi.lib : isr_trap.obj (.text:_isr:__TI_ISR_TRAP)
                  0000e496    00000006     main.obj (.text:FaultRoutine)
                  0000e49c    00000006     rts430_eabi.lib : exit.obj (.text:abort)
                  0000e4a2    00000004                     : pre_init.obj (.text:_system_pre_init)
                  0000e4a6    00000002                     : startup.obj (.text:_system_post_cinit)

.cinit     0    0000e4a8    0000002e     
                  0000e4a8    0000001b     (.cinit..data.load) [load image, compression = lzss]
                  0000e4c3    00000001     --HOLE-- [fill = 0]
                  0000e4c4    00000006     (__TI_handler_table)
                  0000e4ca    00000004     (.cinit..bss.load) [load image, compression = zero_init]
                  0000e4ce    00000008     (__TI_cinit_table)

.binit     0    0000e000    00000000     

.init_array 
*          0    0000e000    00000000     UNINITIALIZED

PORT1      0    0000ffe4    00000002     
                  0000ffe4    00000002     rts430_eabi.lib : int02.obj (.int02)

PORT2      0    0000ffe6    00000002     
                  0000ffe6    00000002     rts430_eabi.lib : int03.obj (.int03)

USI        0    0000ffe8    00000002     
                  0000ffe8    00000002     rts430_eabi.lib : int04.obj (.int04)

ADC10      0    0000ffea    00000002     
                  0000ffea    00000002     rts430_eabi.lib : int05.obj (.int05)

TIMER0_A1 
*          0    0000fff0    00000002     
                  0000fff0    00000002     rts430_eabi.lib : int08.obj (.int08)

TIMER0_A0 
*          0    0000fff2    00000002     
                  0000fff2    00000002     main.obj (.int09)

WDT        0    0000fff4    00000002     
                  0000fff4    00000002     main.obj (.int10)

COMPARATORA 
*          0    0000fff6    00000002     
                  0000fff6    00000002     rts430_eabi.lib : int11.obj (.int11)

NMI        0    0000fffc    00000002     
                  0000fffc    00000002     rts430_eabi.lib : int14.obj (.int14)

.reset     0    0000fffe    00000002     
                  0000fffe    00000002     rts430_eabi.lib : boot.obj (.reset)

MODULE SUMMARY

       Module                     code   ro data   rw data
       ------                     ----   -------   -------
    .\
       main.obj                   610    4         43     
    +--+--------------------------+------+---------+---------+
       Total:                     610    4         43     
                                                          
    C:\ti\ccs740\ccsv7\tools\compiler\ti-cgt-msp430_16.9.6.LTS\lib\rts430_eabi.lib
       copy_decompress_lzss.obj   124    0         0      
       autoinit.obj               110    0         0      
       cpy_tbl.obj                90     0         0      
       lsr16.obj                  76     0         0      
       lsl16.obj                  44     0         0      
       boot_special.obj           26     0         0      
       copy_zero_init.obj         20     0         0      
       mult16.obj                 20     0         0      
       copy_decompress_none.obj   18     0         0      
       memcpy.obj                 18     0         0      
       epilog.obj                 16     0         0      
       isr_trap.obj               8      0         0      
       exit.obj                   6      0         0      
       pre_init.obj               4      0         0      
       boot.obj                   0      2         0      
       int02.obj                  0      2         0      
       int03.obj                  0      2         0      
       int04.obj                  0      2         0      
       int05.obj                  0      2         0      
       int08.obj                  0      2         0      
       int11.obj                  0      2         0      
       int14.obj                  0      2         0      
       startup.obj                2      0         0      
    +--+--------------------------+------+---------+---------+
       Total:                     582    16        0      
                                                          
       Stack:                     0      0         80     
       Linker Generated:          0      45        0      
    +--+--------------------------+------+---------+---------+
       Grand Total:               1192   65        123    


LINKER GENERATED COPY TABLES

__TI_cinit_table @ 0000e4ce records: 2, size/record: 4, table size: 8
	.data: load addr=0000e4a8, load size=0000001b bytes, run addr=00000200, run size=00000022 bytes, compression=lzss
	.bss: load addr=0000e4ca, load size=00000004 bytes, run addr=00000222, run size=00000009 bytes, compression=zero_init


LINKER GENERATED HANDLER TABLE

__TI_handler_table @ 0000e4c4 records: 3, size/record: 2, table size: 6
	index: 0, handler: __TI_zero_init
	index: 1, handler: __TI_decompress_lzss
	index: 2, handler: __TI_decompress_none


GLOBAL SYMBOLS: SORTED ALPHABETICALLY BY Name 

address   name                    
-------   ----                    
0000004a  ADC10AE0                
000001b0  ADC10CTL0               
000001b2  ADC10CTL1               
00000048  ADC10DTC0               
00000049  ADC10DTC1               
000001b4  ADC10MEM                
000001bc  ADC10SA                 
00000057  BCSCTL1                 
00000058  BCSCTL2                 
00000053  BCSCTL3                 
0000022a  BitCnt                  
0000e49c  C$$EXIT                 
00000059  CACTL1                  
0000005a  CACTL2                  
000010fb  CALBC1_12MHZ            
000010f9  CALBC1_16MHZ            
000010ff  CALBC1_1MHZ             
000010fd  CALBC1_8MHZ             
000010fa  CALDCO_12MHZ            
000010f8  CALDCO_16MHZ            
000010fe  CALDCO_1MHZ             
000010fc  CALDCO_8MHZ             
0000005b  CAPD                    
0000e486  ConfigADC               
0000e37a  ConfigClocks            
0000e3d6  ConfigPins              
0000e46e  ConfigTimerA2           
0000e47a  ConfigWDT               
00000056  DCOCTL                  
00000128  FCTL1                   
0000012a  FCTL2                   
0000012c  FCTL3                   
0000e496  FaultRoutine            
00000000  IE1                     
00000002  IFG1                    
00000022  P1DIR                   
00000025  P1IE                    
00000024  P1IES                   
00000023  P1IFG                   
00000020  P1IN                    
00000021  P1OUT                   
00000027  P1REN                   
00000026  P1SEL                   
00000041  P1SEL2                  
0000002a  P2DIR                   
0000002d  P2IE                    
0000002c  P2IES                   
0000002b  P2IFG                   
00000028  P2IN                    
00000029  P2OUT                   
0000002f  P2REN                   
0000002e  P2SEL                   
00000042  P2SEL2                  
00000172  TA0CCR0                 
00000174  TA0CCR1                 
00000176  TA0CCR2                 
00000162  TA0CCTL0                
00000164  TA0CCTL1                
00000166  TA0CCTL2                
00000160  TA0CTL                  
0000012e  TA0IV                   
00000170  TA0R                    
0000e2c0  TA0_ISR                 
000010db  TLV_ADC10_1_LEN         
000010da  TLV_ADC10_1_TAG         
000010c0  TLV_CHECKSUM            
000010f7  TLV_DCO_30_LEN          
000010f6  TLV_DCO_30_TAG          
00000226  TXByte                  
0000e2fe  TransmitData            
00000200  TxHI                    
0000020a  TxIN                    
00000214  TxLO                    
0000007a  USICCTL                 
0000007a  USICKCTL                
0000007b  USICNT                  
00000078  USICTL                  
00000078  USICTL0                 
00000079  USICTL1                 
0000007c  USISR                   
0000007d  USISRH                  
0000007c  USISRL                  
00000120  WDTCTL                  
0000e33c  WDT_ISR                 
00000300  __STACK_END             
00000050  __STACK_SIZE            
UNDEFED   __TI_BINIT_Base         
UNDEFED   __TI_BINIT_Limit        
0000e4ce  __TI_CINIT_Base         
0000e4d6  __TI_CINIT_Limit        
0000e4c4  __TI_Handler_Table_Base 
0000e4ca  __TI_Handler_Table_Limit
UNDEFED   __TI_INITARRAY_Base     
UNDEFED   __TI_INITARRAY_Limit    
0000e48e  __TI_ISR_TRAP           
0000e130  __TI_decompress_lzss    
0000e43a  __TI_decompress_none    
0000ffe4  __TI_int02              
0000ffe6  __TI_int03              
0000ffe8  __TI_int04              
0000ffea  __TI_int05              
0000fff0  __TI_int08              
0000fff2  __TI_int09              
0000fff4  __TI_int10              
0000fff6  __TI_int11              
0000fffc  __TI_int14              
ffffffff  __TI_pprof_out_hndl     
ffffffff  __TI_prof_data_size     
ffffffff  __TI_prof_data_start    
0000e412  __TI_zero_init          
ffffffff  __c_args__              
0000e46a  __mspabi_func_epilog_1  
0000e468  __mspabi_func_epilog_2  
0000e466  __mspabi_func_epilog_3  
0000e464  __mspabi_func_epilog_4  
0000e462  __mspabi_func_epilog_5  
0000e460  __mspabi_func_epilog_6  
0000e45e  __mspabi_func_epilog_7  
0000e426  __mspabi_mpyi           
0000e426  __mspabi_mpyi_sw        
0000e3aa  __mspabi_slli           
0000e3d2  __mspabi_slli_1         
0000e3c0  __mspabi_slli_10        
0000e3be  __mspabi_slli_11        
0000e3bc  __mspabi_slli_12        
0000e3ba  __mspabi_slli_13        
0000e3b8  __mspabi_slli_14        
0000e3b6  __mspabi_slli_15        
0000e3d0  __mspabi_slli_2         
0000e3ce  __mspabi_slli_3         
0000e3cc  __mspabi_slli_4         
0000e3ca  __mspabi_slli_5         
0000e3c8  __mspabi_slli_6         
0000e3c6  __mspabi_slli_7         
0000e3c4  __mspabi_slli_8         
0000e3c2  __mspabi_slli_9         
0000e274  __mspabi_srli           
0000e2ba  __mspabi_srli_1         
0000e296  __mspabi_srli_10        
0000e292  __mspabi_srli_11        
0000e28e  __mspabi_srli_12        
0000e28a  __mspabi_srli_13        
0000e286  __mspabi_srli_14        
0000e282  __mspabi_srli_15        
0000e2b6  __mspabi_srli_2         
0000e2b2  __mspabi_srli_3         
0000e2ae  __mspabi_srli_4         
0000e2aa  __mspabi_srli_5         
0000e2a6  __mspabi_srli_6         
0000e2a2  __mspabi_srli_7         
0000e29e  __mspabi_srli_8         
0000e29a  __mspabi_srli_9         
0000e1ac  _auto_init              
0000e3f8  _c_int00_noargs_noexit  
0000fffe  _reset_vector           
000002b0  _stack                  
0000e4a6  _system_post_cinit      
0000e4a2  _system_pre_init        
0000e49c  abort                   
0000e21a  copy_in                 
00000228  i                       
0000e000  main                    
0000e44c  memcpy                  
00000222  rawTemperature          
0000021e  tempSet                 


GLOBAL SYMBOLS: SORTED BY Symbol Address 

address   name                    
-------   ----                    
00000000  IE1                     
00000002  IFG1                    
00000020  P1IN                    
00000021  P1OUT                   
00000022  P1DIR                   
00000023  P1IFG                   
00000024  P1IES                   
00000025  P1IE                    
00000026  P1SEL                   
00000027  P1REN                   
00000028  P2IN                    
00000029  P2OUT                   
0000002a  P2DIR                   
0000002b  P2IFG                   
0000002c  P2IES                   
0000002d  P2IE                    
0000002e  P2SEL                   
0000002f  P2REN                   
00000041  P1SEL2                  
00000042  P2SEL2                  
00000048  ADC10DTC0               
00000049  ADC10DTC1               
0000004a  ADC10AE0                
00000050  __STACK_SIZE            
00000053  BCSCTL3                 
00000056  DCOCTL                  
00000057  BCSCTL1                 
00000058  BCSCTL2                 
00000059  CACTL1                  
0000005a  CACTL2                  
0000005b  CAPD                    
00000078  USICTL                  
00000078  USICTL0                 
00000079  USICTL1                 
0000007a  USICCTL                 
0000007a  USICKCTL                
0000007b  USICNT                  
0000007c  USISR                   
0000007c  USISRL                  
0000007d  USISRH                  
00000120  WDTCTL                  
00000128  FCTL1                   
0000012a  FCTL2                   
0000012c  FCTL3                   
0000012e  TA0IV                   
00000160  TA0CTL                  
00000162  TA0CCTL0                
00000164  TA0CCTL1                
00000166  TA0CCTL2                
00000170  TA0R                    
00000172  TA0CCR0                 
00000174  TA0CCR1                 
00000176  TA0CCR2                 
000001b0  ADC10CTL0               
000001b2  ADC10CTL1               
000001b4  ADC10MEM                
000001bc  ADC10SA                 
00000200  TxHI                    
0000020a  TxIN                    
00000214  TxLO                    
0000021e  tempSet                 
00000222  rawTemperature          
00000226  TXByte                  
00000228  i                       
0000022a  BitCnt                  
000002b0  _stack                  
00000300  __STACK_END             
000010c0  TLV_CHECKSUM            
000010da  TLV_ADC10_1_TAG         
000010db  TLV_ADC10_1_LEN         
000010f6  TLV_DCO_30_TAG          
000010f7  TLV_DCO_30_LEN          
000010f8  CALDCO_16MHZ            
000010f9  CALBC1_16MHZ            
000010fa  CALDCO_12MHZ            
000010fb  CALBC1_12MHZ            
000010fc  CALDCO_8MHZ             
000010fd  CALBC1_8MHZ             
000010fe  CALDCO_1MHZ             
000010ff  CALBC1_1MHZ             
0000e000  main                    
0000e130  __TI_decompress_lzss    
0000e1ac  _auto_init              
0000e21a  copy_in                 
0000e274  __mspabi_srli           
0000e282  __mspabi_srli_15        
0000e286  __mspabi_srli_14        
0000e28a  __mspabi_srli_13        
0000e28e  __mspabi_srli_12        
0000e292  __mspabi_srli_11        
0000e296  __mspabi_srli_10        
0000e29a  __mspabi_srli_9         
0000e29e  __mspabi_srli_8         
0000e2a2  __mspabi_srli_7         
0000e2a6  __mspabi_srli_6         
0000e2aa  __mspabi_srli_5         
0000e2ae  __mspabi_srli_4         
0000e2b2  __mspabi_srli_3         
0000e2b6  __mspabi_srli_2         
0000e2ba  __mspabi_srli_1         
0000e2c0  TA0_ISR                 
0000e2fe  TransmitData            
0000e33c  WDT_ISR                 
0000e37a  ConfigClocks            
0000e3aa  __mspabi_slli           
0000e3b6  __mspabi_slli_15        
0000e3b8  __mspabi_slli_14        
0000e3ba  __mspabi_slli_13        
0000e3bc  __mspabi_slli_12        
0000e3be  __mspabi_slli_11        
0000e3c0  __mspabi_slli_10        
0000e3c2  __mspabi_slli_9         
0000e3c4  __mspabi_slli_8         
0000e3c6  __mspabi_slli_7         
0000e3c8  __mspabi_slli_6         
0000e3ca  __mspabi_slli_5         
0000e3cc  __mspabi_slli_4         
0000e3ce  __mspabi_slli_3         
0000e3d0  __mspabi_slli_2         
0000e3d2  __mspabi_slli_1         
0000e3d6  ConfigPins              
0000e3f8  _c_int00_noargs_noexit  
0000e412  __TI_zero_init          
0000e426  __mspabi_mpyi           
0000e426  __mspabi_mpyi_sw        
0000e43a  __TI_decompress_none    
0000e44c  memcpy                  
0000e45e  __mspabi_func_epilog_7  
0000e460  __mspabi_func_epilog_6  
0000e462  __mspabi_func_epilog_5  
0000e464  __mspabi_func_epilog_4  
0000e466  __mspabi_func_epilog_3  
0000e468  __mspabi_func_epilog_2  
0000e46a  __mspabi_func_epilog_1  
0000e46e  ConfigTimerA2           
0000e47a  ConfigWDT               
0000e486  ConfigADC               
0000e48e  __TI_ISR_TRAP           
0000e496  FaultRoutine            
0000e49c  C$$EXIT                 
0000e49c  abort                   
0000e4a2  _system_pre_init        
0000e4a6  _system_post_cinit      
0000e4c4  __TI_Handler_Table_Base 
0000e4ca  __TI_Handler_Table_Limit
0000e4ce  __TI_CINIT_Base         
0000e4d6  __TI_CINIT_Limit        
0000ffe4  __TI_int02              
0000ffe6  __TI_int03              
0000ffe8  __TI_int04              
0000ffea  __TI_int05              
0000fff0  __TI_int08              
0000fff2  __TI_int09              
0000fff4  __TI_int10              
0000fff6  __TI_int11              
0000fffc  __TI_int14              
0000fffe  _reset_vector           
ffffffff  __TI_pprof_out_hndl     
ffffffff  __TI_prof_data_size     
ffffffff  __TI_prof_data_start    
ffffffff  __c_args__              
UNDEFED   __TI_BINIT_Base         
UNDEFED   __TI_BINIT_Limit        
UNDEFED   __TI_INITARRAY_Base     
UNDEFED   __TI_INITARRAY_Limit    

[165 symbols]
