******************************************************************************
                  MSP430 Linker PC v16.9.6                     
******************************************************************************
>> Linked Sun Oct 09 02:26:39 2022

OUTPUT FILE NAME:   <adc_level_convert.out>
ENTRY POINT SYMBOL: "_c_int00_noargs_noexit"  address: 0000f51c


MEMORY CONFIGURATION

         name            origin    length      used     unused   attr    fill
----------------------  --------  ---------  --------  --------  ----  --------
  SFR                   00000000   00000010  00000000  00000010  RWIX
  PERIPHERALS_8BIT      00000010   000000f0  00000000  000000f0  RWIX
  PERIPHERALS_16BIT     00000100   00000100  00000000  00000100  RWIX
  RAM                   00000200   00000100  00000073  0000008d  RWIX
  INFOD                 00001000   00000040  00000000  00000040  RWIX
  INFOC                 00001040   00000040  00000000  00000040  RWIX
  INFOB                 00001080   00000040  00000000  00000040  RWIX
  INFOA                 000010c0   00000040  00000000  00000040  RWIX
  FLASH                 0000e000   00001fe0  0000168c  00000954  RWIX
  INT00                 0000ffe0   00000002  00000000  00000002  RWIX
  INT01                 0000ffe2   00000002  00000000  00000002  RWIX
  INT02                 0000ffe4   00000002  00000002  00000000  RWIX
  INT03                 0000ffe6   00000002  00000002  00000000  RWIX
  INT04                 0000ffe8   00000002  00000002  00000000  RWIX
  INT05                 0000ffea   00000002  00000002  00000000  RWIX
  INT06                 0000ffec   00000002  00000000  00000002  RWIX
  INT07                 0000ffee   00000002  00000000  00000002  RWIX
  INT08                 0000fff0   00000002  00000002  00000000  RWIX
  INT09                 0000fff2   00000002  00000002  00000000  RWIX
  INT10                 0000fff4   00000002  00000002  00000000  RWIX
  INT11                 0000fff6   00000002  00000002  00000000  RWIX
  INT12                 0000fff8   00000002  00000000  00000002  RWIX
  INT13                 0000fffa   00000002  00000000  00000002  RWIX
  INT14                 0000fffc   00000002  00000002  00000000  RWIX
  RESET                 0000fffe   00000002  00000002  00000000  RWIX


SECTION ALLOCATION MAP

 output                                  attributes/
section   page    origin      length       input sections
--------  ----  ----------  ----------   ----------------
.bss       0    00000200    00000014     UNINITIALIZED
                  00000200    00000010     (.common:buffer)
                  00000210    00000004     (.common:voltage)

.data      0    00000214    0000000f     UNINITIALIZED
                  00000214    0000000f     main.obj (.data:message)

.stack     0    000002b0    00000050     UNINITIALIZED
                  000002b0    00000002     rts430_eabi.lib : boot.obj (.stack)
                  000002b2    0000004e     --HOLE--

.text      0    0000e000    0000161e     
                  0000e000    00000480     rts430_eabi.lib : frcdivd.obj (.text:__TI_frcdivd)
                  0000e480    00000286                     : frcmpyd.obj (.text:__TI_frcmpyd)
                  0000e706    0000026e                     : mpyd.obj (.text:__mspabi_mpyd)
                  0000e974    00000238                     : divd.obj (.text:__mspabi_divd)
                  0000ebac    00000132                     : fs_add.obj (.text)
                  0000ecde    000000e0     lcd.obj (.text:FloatToCharPtr)
                  0000edbe    000000c4     rts430_eabi.lib : fs_mpy.obj (.text)
                  0000ee82    0000009c                     : fs_div.obj (.text)
                  0000ef1e    00000090     main.obj (.text:main)
                  0000efae    0000008c     rts430_eabi.lib : cvtdf.obj (.text:__mspabi_cvtdf)
                  0000f03a    0000008a                     : fltuld.obj (.text:__mspabi_fltuld)
                  0000f0c4    0000007c                     : copy_decompress_lzss.obj (.text:decompress:lzss:__TI_decompress_lzss)
                  0000f140    0000006e                     : autoinit.obj (.text:_auto_init)
                  0000f1ae    00000068                     : fs_toi.obj (.text)
                  0000f216    0000005c                     : lsr32.obj (.text:l_lsr_const)
                  0000f272    0000005a     lcd.obj (.text:Lcd_Init)
                  0000f2cc    0000005a     rts430_eabi.lib : cpy_tbl.obj (.text:copy_in)
                  0000f326    0000004c                     : lsr16.obj (.text)
                  0000f372    0000004a                     : fs_cmp.obj (.text)
                  0000f3bc    0000003e                     : asr32.obj (.text:l_asr_const)
                  0000f3fa    0000003e                     : lsl32.obj (.text:l_lsl_const)
                  0000f438    0000002c                     : asr16.obj (.text)
                  0000f464    0000002c                     : lsl16.obj (.text)
                  0000f490    00000026     main.obj (.text:Show_Value)
                  0000f4b6    00000026     rts430_eabi.lib : mult32.obj (.text)
                  0000f4dc    00000022     lcd.obj (.text:Lcd_GoTo)
                  0000f4fe    0000001e     lcd.obj (.text:Lcd_Send)
                  0000f51c    0000001a     rts430_eabi.lib : boot_special.obj (.text:_c_int00_noargs_noexit)
                  0000f536    00000016     lcd.obj (.text:Lcd_Delay_ms)
                  0000f54c    00000016     lcd.obj (.text:Lcd_WrtStr)
                  0000f562    00000014     rts430_eabi.lib : copy_zero_init.obj (.text:decompress:ZI:__TI_zero_init)
                  0000f576    00000014                     : mult16.obj (.text)
                  0000f58a    00000012                     : copy_decompress_none.obj (.text:decompress:none:__TI_decompress_none)
                  0000f59c    00000012                     : memcpy.obj (.text:memcpy)
                  0000f5ae    00000010                     : epilog.obj (.text)
                  0000f5be    0000000e     main.obj (.text:ADC_Config)
                  0000f5cc    0000000e     lcd.obj (.text:Lcd_Change)
                  0000f5da    0000000a     main.obj (.text:ADC_Start)
                  0000f5e4    00000008     lcd.obj (.text:Lcd_SendChar)
                  0000f5ec    00000008     lcd.obj (.text:Lcd_SendCmd)
                  0000f5f4    00000008     main.obj (.text:Pin_Config)
                  0000f5fc    00000008     main.obj (.text:Stop_Watchdog_Tmr)
                  0000f604    00000008     rts430_eabi.lib : isr_trap.obj (.text:_isr:__TI_ISR_TRAP)
                  0000f60c    00000006                     : fltud.obj (.text:__mspabi_fltud)
                  0000f612    00000006                     : exit.obj (.text:abort)
                  0000f618    00000004                     : pre_init.obj (.text:_system_pre_init)
                  0000f61c    00000002                     : startup.obj (.text:_system_post_cinit)

.binit     0    0000e000    00000000     

.const     0    0000f61e    00000048     
                  0000f61e    00000048     lcd.obj (.const:.string)

.cinit     0    0000f666    00000026     
                  0000f666    00000013     (.cinit..data.load) [load image]
                  0000f679    00000001     --HOLE-- [fill = 0]
                  0000f67a    00000006     (__TI_handler_table)
                  0000f680    00000004     (.cinit..bss.load) [load image, compression = zero_init]
                  0000f684    00000008     (__TI_cinit_table)

.init_array 
*          0    0000e000    00000000     UNINITIALIZED

PORT1      0    0000ffe4    00000002     
                  0000ffe4    00000002     rts430_eabi.lib : int02.obj (.int02)

PORT2      0    0000ffe6    00000002     
                  0000ffe6    00000002     rts430_eabi.lib : int03.obj (.int03)

USI        0    0000ffe8    00000002     
                  0000ffe8    00000002     rts430_eabi.lib : int04.obj (.int04)

ADC10      0    0000ffea    00000002     
                  0000ffea    00000002     rts430_eabi.lib : int05.obj (.int05)

TIMER0_A1 
*          0    0000fff0    00000002     
                  0000fff0    00000002     rts430_eabi.lib : int08.obj (.int08)

TIMER0_A0 
*          0    0000fff2    00000002     
                  0000fff2    00000002     rts430_eabi.lib : int09.obj (.int09)

WDT        0    0000fff4    00000002     
                  0000fff4    00000002     rts430_eabi.lib : int10.obj (.int10)

COMPARATORA 
*          0    0000fff6    00000002     
                  0000fff6    00000002     rts430_eabi.lib : int11.obj (.int11)

NMI        0    0000fffc    00000002     
                  0000fffc    00000002     rts430_eabi.lib : int14.obj (.int14)

.reset     0    0000fffe    00000002     
                  0000fffe    00000002     rts430_eabi.lib : boot.obj (.reset)

MODULE SUMMARY

       Module                     code   ro data   rw data
       ------                     ----   -------   -------
    .\
       lcd.obj                    452    72        0      
       main.obj                   222    0         35     
    +--+--------------------------+------+---------+---------+
       Total:                     674    72        35     
                                                          
    C:\ti\ccs740\ccsv7\tools\compiler\ti-cgt-msp430_16.9.6.LTS\lib\rts430_eabi.lib
       frcdivd.obj                1152   0         0      
       frcmpyd.obj                646    0         0      
       mpyd.obj                   622    0         0      
       divd.obj                   568    0         0      
       fs_add.obj                 306    0         0      
       fs_mpy.obj                 196    0         0      
       fs_div.obj                 156    0         0      
       cvtdf.obj                  140    0         0      
       fltuld.obj                 138    0         0      
       copy_decompress_lzss.obj   124    0         0      
       autoinit.obj               110    0         0      
       fs_toi.obj                 104    0         0      
       lsr32.obj                  92     0         0      
       cpy_tbl.obj                90     0         0      
       lsr16.obj                  76     0         0      
       fs_cmp.obj                 74     0         0      
       asr32.obj                  62     0         0      
       lsl32.obj                  62     0         0      
       asr16.obj                  44     0         0      
       lsl16.obj                  44     0         0      
       mult32.obj                 38     0         0      
       boot_special.obj           26     0         0      
       copy_zero_init.obj         20     0         0      
       mult16.obj                 20     0         0      
       copy_decompress_none.obj   18     0         0      
       memcpy.obj                 18     0         0      
       epilog.obj                 16     0         0      
       isr_trap.obj               8      0         0      
       exit.obj                   6      0         0      
       fltud.obj                  6      0         0      
       pre_init.obj               4      0         0      
       boot.obj                   0      2         0      
       int02.obj                  0      2         0      
       int03.obj                  0      2         0      
       int04.obj                  0      2         0      
       int05.obj                  0      2         0      
       int08.obj                  0      2         0      
       int09.obj                  0      2         0      
       int10.obj                  0      2         0      
       int11.obj                  0      2         0      
       int14.obj                  0      2         0      
       startup.obj                2      0         0      
    +--+--------------------------+------+---------+---------+
       Total:                     4988   20        0      
                                                          
       Stack:                     0      0         80     
       Linker Generated:          0      37        0      
    +--+--------------------------+------+---------+---------+
       Grand Total:               5662   129       115    


LINKER GENERATED COPY TABLES

__TI_cinit_table @ 0000f684 records: 2, size/record: 4, table size: 8
	.data: load addr=0000f666, load size=00000013 bytes, run addr=00000214, run size=0000000f bytes, compression=copy
	.bss: load addr=0000f680, load size=00000004 bytes, run addr=00000200, run size=00000014 bytes, compression=zero_init


LINKER GENERATED HANDLER TABLE

__TI_handler_table @ 0000f67a records: 3, size/record: 2, table size: 6
	index: 0, handler: __TI_zero_init
	index: 1, handler: __TI_decompress_lzss
	index: 2, handler: __TI_decompress_none


GLOBAL SYMBOLS: SORTED ALPHABETICALLY BY Name 

address   name                    
-------   ----                    
0000004a  ADC10AE0                
000001b0  ADC10CTL0               
000001b2  ADC10CTL1               
00000048  ADC10DTC0               
00000049  ADC10DTC1               
000001b4  ADC10MEM                
000001bc  ADC10SA                 
0000f5be  ADC_Config              
0000f5da  ADC_Start               
00000057  BCSCTL1                 
00000058  BCSCTL2                 
00000053  BCSCTL3                 
0000f612  C$$EXIT                 
00000059  CACTL1                  
0000005a  CACTL2                  
000010fb  CALBC1_12MHZ            
000010f9  CALBC1_16MHZ            
000010ff  CALBC1_1MHZ             
000010fd  CALBC1_8MHZ             
000010fa  CALDCO_12MHZ            
000010f8  CALDCO_16MHZ            
000010fe  CALDCO_1MHZ             
000010fc  CALDCO_8MHZ             
0000005b  CAPD                    
00000056  DCOCTL                  
00000128  FCTL1                   
0000012a  FCTL2                   
0000012c  FCTL3                   
0000ecde  FloatToCharPtr          
00000000  IE1                     
00000002  IFG1                    
0000f5cc  Lcd_Change              
0000f536  Lcd_Delay_ms            
0000f4dc  Lcd_GoTo                
0000f272  Lcd_Init                
0000f4fe  Lcd_Send                
0000f5e4  Lcd_SendChar            
0000f5ec  Lcd_SendCmd             
0000f54c  Lcd_WrtStr              
00000022  P1DIR                   
00000025  P1IE                    
00000024  P1IES                   
00000023  P1IFG                   
00000020  P1IN                    
00000021  P1OUT                   
00000027  P1REN                   
00000026  P1SEL                   
00000041  P1SEL2                  
0000002a  P2DIR                   
0000002d  P2IE                    
0000002c  P2IES                   
0000002b  P2IFG                   
00000028  P2IN                    
00000029  P2OUT                   
0000002f  P2REN                   
0000002e  P2SEL                   
00000042  P2SEL2                  
0000f5f4  Pin_Config              
0000f490  Show_Value              
0000f5fc  Stop_Watchdog_Tmr       
00000172  TA0CCR0                 
00000174  TA0CCR1                 
00000176  TA0CCR2                 
00000162  TA0CCTL0                
00000164  TA0CCTL1                
00000166  TA0CCTL2                
00000160  TA0CTL                  
0000012e  TA0IV                   
00000170  TA0R                    
000010db  TLV_ADC10_1_LEN         
000010da  TLV_ADC10_1_TAG         
000010c0  TLV_CHECKSUM            
000010f7  TLV_DCO_30_LEN          
000010f6  TLV_DCO_30_TAG          
0000007a  USICCTL                 
0000007a  USICKCTL                
0000007b  USICNT                  
00000078  USICTL                  
00000078  USICTL0                 
00000079  USICTL1                 
0000007c  USISR                   
0000007d  USISRH                  
0000007c  USISRL                  
00000120  WDTCTL                  
00000300  __STACK_END             
00000050  __STACK_SIZE            
UNDEFED   __TI_BINIT_Base         
UNDEFED   __TI_BINIT_Limit        
0000f684  __TI_CINIT_Base         
0000f68c  __TI_CINIT_Limit        
0000f67a  __TI_Handler_Table_Base 
0000f680  __TI_Handler_Table_Limit
UNDEFED   __TI_INITARRAY_Base     
UNDEFED   __TI_INITARRAY_Limit    
0000f604  __TI_ISR_TRAP           
0000f0c4  __TI_decompress_lzss    
0000f58a  __TI_decompress_none    
0000e000  __TI_frcdivd            
0000e480  __TI_frcmpyd            
0000ffe4  __TI_int02              
0000ffe6  __TI_int03              
0000ffe8  __TI_int04              
0000ffea  __TI_int05              
0000fff0  __TI_int08              
0000fff2  __TI_int09              
0000fff4  __TI_int10              
0000fff6  __TI_int11              
0000fffc  __TI_int14              
ffffffff  __TI_pprof_out_hndl     
ffffffff  __TI_prof_data_size     
ffffffff  __TI_prof_data_start    
0000f562  __TI_zero_init          
ffffffff  __c_args__              
0000ebb2  __mspabi_addf           
0000f372  __mspabi_cmpf           
0000efae  __mspabi_cvtdf          
0000e974  __mspabi_divd           
0000ee82  __mspabi_divf           
0000f1ae  __mspabi_fixfi          
0000f60c  __mspabi_fltud          
0000f03a  __mspabi_fltuld         
0000f5ba  __mspabi_func_epilog_1  
0000f5b8  __mspabi_func_epilog_2  
0000f5b6  __mspabi_func_epilog_3  
0000f5b4  __mspabi_func_epilog_4  
0000f5b2  __mspabi_func_epilog_5  
0000f5b0  __mspabi_func_epilog_6  
0000f5ae  __mspabi_func_epilog_7  
0000e706  __mspabi_mpyd           
0000edbe  __mspabi_mpyf           
0000f576  __mspabi_mpyi           
0000f576  __mspabi_mpyi_sw        
0000f4b6  __mspabi_mpyl           
0000f4b6  __mspabi_mpyl_sw        
0000f464  __mspabi_slli           
0000f48c  __mspabi_slli_1         
0000f47a  __mspabi_slli_10        
0000f478  __mspabi_slli_11        
0000f476  __mspabi_slli_12        
0000f474  __mspabi_slli_13        
0000f472  __mspabi_slli_14        
0000f470  __mspabi_slli_15        
0000f48a  __mspabi_slli_2         
0000f488  __mspabi_slli_3         
0000f486  __mspabi_slli_4         
0000f484  __mspabi_slli_5         
0000f482  __mspabi_slli_6         
0000f480  __mspabi_slli_7         
0000f47e  __mspabi_slli_8         
0000f47c  __mspabi_slli_9         
0000f432  __mspabi_slll_1         
0000f40e  __mspabi_slll_10        
0000f40a  __mspabi_slll_11        
0000f406  __mspabi_slll_12        
0000f402  __mspabi_slll_13        
0000f3fe  __mspabi_slll_14        
0000f3fa  __mspabi_slll_15        
0000f42e  __mspabi_slll_2         
0000f42a  __mspabi_slll_3         
0000f426  __mspabi_slll_4         
0000f422  __mspabi_slll_5         
0000f41e  __mspabi_slll_6         
0000f41a  __mspabi_slll_7         
0000f416  __mspabi_slll_8         
0000f412  __mspabi_slll_9         
0000f438  __mspabi_srai           
0000f460  __mspabi_srai_1         
0000f44e  __mspabi_srai_10        
0000f44c  __mspabi_srai_11        
0000f44a  __mspabi_srai_12        
0000f448  __mspabi_srai_13        
0000f446  __mspabi_srai_14        
0000f444  __mspabi_srai_15        
0000f45e  __mspabi_srai_2         
0000f45c  __mspabi_srai_3         
0000f45a  __mspabi_srai_4         
0000f458  __mspabi_srai_5         
0000f456  __mspabi_srai_6         
0000f454  __mspabi_srai_7         
0000f452  __mspabi_srai_8         
0000f450  __mspabi_srai_9         
0000f3f4  __mspabi_sral_1         
0000f3d0  __mspabi_sral_10        
0000f3cc  __mspabi_sral_11        
0000f3c8  __mspabi_sral_12        
0000f3c4  __mspabi_sral_13        
0000f3c0  __mspabi_sral_14        
0000f3bc  __mspabi_sral_15        
0000f3f0  __mspabi_sral_2         
0000f3ec  __mspabi_sral_3         
0000f3e8  __mspabi_sral_4         
0000f3e4  __mspabi_sral_5         
0000f3e0  __mspabi_sral_6         
0000f3dc  __mspabi_sral_7         
0000f3d8  __mspabi_sral_8         
0000f3d4  __mspabi_sral_9         
0000f326  __mspabi_srli           
0000f36c  __mspabi_srli_1         
0000f348  __mspabi_srli_10        
0000f344  __mspabi_srli_11        
0000f340  __mspabi_srli_12        
0000f33c  __mspabi_srli_13        
0000f338  __mspabi_srli_14        
0000f334  __mspabi_srli_15        
0000f368  __mspabi_srli_2         
0000f364  __mspabi_srli_3         
0000f360  __mspabi_srli_4         
0000f35c  __mspabi_srli_5         
0000f358  __mspabi_srli_6         
0000f354  __mspabi_srli_7         
0000f350  __mspabi_srli_8         
0000f34c  __mspabi_srli_9         
0000f26a  __mspabi_srll_1         
0000f234  __mspabi_srll_10        
0000f22e  __mspabi_srll_11        
0000f228  __mspabi_srll_12        
0000f222  __mspabi_srll_13        
0000f21c  __mspabi_srll_14        
0000f216  __mspabi_srll_15        
0000f264  __mspabi_srll_2         
0000f25e  __mspabi_srll_3         
0000f258  __mspabi_srll_4         
0000f252  __mspabi_srll_5         
0000f24c  __mspabi_srll_6         
0000f246  __mspabi_srll_7         
0000f240  __mspabi_srll_8         
0000f23a  __mspabi_srll_9         
0000ebac  __mspabi_subf           
0000f140  _auto_init              
0000f51c  _c_int00_noargs_noexit  
0000fffe  _reset_vector           
000002b0  _stack                  
0000f61c  _system_post_cinit      
0000f618  _system_pre_init        
0000f612  abort                   
00000200  buffer                  
0000f2cc  copy_in                 
0000ef1e  main                    
0000f59c  memcpy                  
00000214  message                 
00000210  voltage                 


GLOBAL SYMBOLS: SORTED BY Symbol Address 

address   name                    
-------   ----                    
00000000  IE1                     
00000002  IFG1                    
00000020  P1IN                    
00000021  P1OUT                   
00000022  P1DIR                   
00000023  P1IFG                   
00000024  P1IES                   
00000025  P1IE                    
00000026  P1SEL                   
00000027  P1REN                   
00000028  P2IN                    
00000029  P2OUT                   
0000002a  P2DIR                   
0000002b  P2IFG                   
0000002c  P2IES                   
0000002d  P2IE                    
0000002e  P2SEL                   
0000002f  P2REN                   
00000041  P1SEL2                  
00000042  P2SEL2                  
00000048  ADC10DTC0               
00000049  ADC10DTC1               
0000004a  ADC10AE0                
00000050  __STACK_SIZE            
00000053  BCSCTL3                 
00000056  DCOCTL                  
00000057  BCSCTL1                 
00000058  BCSCTL2                 
00000059  CACTL1                  
0000005a  CACTL2                  
0000005b  CAPD                    
00000078  USICTL                  
00000078  USICTL0                 
00000079  USICTL1                 
0000007a  USICCTL                 
0000007a  USICKCTL                
0000007b  USICNT                  
0000007c  USISR                   
0000007c  USISRL                  
0000007d  USISRH                  
00000120  WDTCTL                  
00000128  FCTL1                   
0000012a  FCTL2                   
0000012c  FCTL3                   
0000012e  TA0IV                   
00000160  TA0CTL                  
00000162  TA0CCTL0                
00000164  TA0CCTL1                
00000166  TA0CCTL2                
00000170  TA0R                    
00000172  TA0CCR0                 
00000174  TA0CCR1                 
00000176  TA0CCR2                 
000001b0  ADC10CTL0               
000001b2  ADC10CTL1               
000001b4  ADC10MEM                
000001bc  ADC10SA                 
00000200  buffer                  
00000210  voltage                 
00000214  message                 
000002b0  _stack                  
00000300  __STACK_END             
000010c0  TLV_CHECKSUM            
000010da  TLV_ADC10_1_TAG         
000010db  TLV_ADC10_1_LEN         
000010f6  TLV_DCO_30_TAG          
000010f7  TLV_DCO_30_LEN          
000010f8  CALDCO_16MHZ            
000010f9  CALBC1_16MHZ            
000010fa  CALDCO_12MHZ            
000010fb  CALBC1_12MHZ            
000010fc  CALDCO_8MHZ             
000010fd  CALBC1_8MHZ             
000010fe  CALDCO_1MHZ             
000010ff  CALBC1_1MHZ             
0000e000  __TI_frcdivd            
0000e480  __TI_frcmpyd            
0000e706  __mspabi_mpyd           
0000e974  __mspabi_divd           
0000ebac  __mspabi_subf           
0000ebb2  __mspabi_addf           
0000ecde  FloatToCharPtr          
0000edbe  __mspabi_mpyf           
0000ee82  __mspabi_divf           
0000ef1e  main                    
0000efae  __mspabi_cvtdf          
0000f03a  __mspabi_fltuld         
0000f0c4  __TI_decompress_lzss    
0000f140  _auto_init              
0000f1ae  __mspabi_fixfi          
0000f216  __mspabi_srll_15        
0000f21c  __mspabi_srll_14        
0000f222  __mspabi_srll_13        
0000f228  __mspabi_srll_12        
0000f22e  __mspabi_srll_11        
0000f234  __mspabi_srll_10        
0000f23a  __mspabi_srll_9         
0000f240  __mspabi_srll_8         
0000f246  __mspabi_srll_7         
0000f24c  __mspabi_srll_6         
0000f252  __mspabi_srll_5         
0000f258  __mspabi_srll_4         
0000f25e  __mspabi_srll_3         
0000f264  __mspabi_srll_2         
0000f26a  __mspabi_srll_1         
0000f272  Lcd_Init                
0000f2cc  copy_in                 
0000f326  __mspabi_srli           
0000f334  __mspabi_srli_15        
0000f338  __mspabi_srli_14        
0000f33c  __mspabi_srli_13        
0000f340  __mspabi_srli_12        
0000f344  __mspabi_srli_11        
0000f348  __mspabi_srli_10        
0000f34c  __mspabi_srli_9         
0000f350  __mspabi_srli_8         
0000f354  __mspabi_srli_7         
0000f358  __mspabi_srli_6         
0000f35c  __mspabi_srli_5         
0000f360  __mspabi_srli_4         
0000f364  __mspabi_srli_3         
0000f368  __mspabi_srli_2         
0000f36c  __mspabi_srli_1         
0000f372  __mspabi_cmpf           
0000f3bc  __mspabi_sral_15        
0000f3c0  __mspabi_sral_14        
0000f3c4  __mspabi_sral_13        
0000f3c8  __mspabi_sral_12        
0000f3cc  __mspabi_sral_11        
0000f3d0  __mspabi_sral_10        
0000f3d4  __mspabi_sral_9         
0000f3d8  __mspabi_sral_8         
0000f3dc  __mspabi_sral_7         
0000f3e0  __mspabi_sral_6         
0000f3e4  __mspabi_sral_5         
0000f3e8  __mspabi_sral_4         
0000f3ec  __mspabi_sral_3         
0000f3f0  __mspabi_sral_2         
0000f3f4  __mspabi_sral_1         
0000f3fa  __mspabi_slll_15        
0000f3fe  __mspabi_slll_14        
0000f402  __mspabi_slll_13        
0000f406  __mspabi_slll_12        
0000f40a  __mspabi_slll_11        
0000f40e  __mspabi_slll_10        
0000f412  __mspabi_slll_9         
0000f416  __mspabi_slll_8         
0000f41a  __mspabi_slll_7         
0000f41e  __mspabi_slll_6         
0000f422  __mspabi_slll_5         
0000f426  __mspabi_slll_4         
0000f42a  __mspabi_slll_3         
0000f42e  __mspabi_slll_2         
0000f432  __mspabi_slll_1         
0000f438  __mspabi_srai           
0000f444  __mspabi_srai_15        
0000f446  __mspabi_srai_14        
0000f448  __mspabi_srai_13        
0000f44a  __mspabi_srai_12        
0000f44c  __mspabi_srai_11        
0000f44e  __mspabi_srai_10        
0000f450  __mspabi_srai_9         
0000f452  __mspabi_srai_8         
0000f454  __mspabi_srai_7         
0000f456  __mspabi_srai_6         
0000f458  __mspabi_srai_5         
0000f45a  __mspabi_srai_4         
0000f45c  __mspabi_srai_3         
0000f45e  __mspabi_srai_2         
0000f460  __mspabi_srai_1         
0000f464  __mspabi_slli           
0000f470  __mspabi_slli_15        
0000f472  __mspabi_slli_14        
0000f474  __mspabi_slli_13        
0000f476  __mspabi_slli_12        
0000f478  __mspabi_slli_11        
0000f47a  __mspabi_slli_10        
0000f47c  __mspabi_slli_9         
0000f47e  __mspabi_slli_8         
0000f480  __mspabi_slli_7         
0000f482  __mspabi_slli_6         
0000f484  __mspabi_slli_5         
0000f486  __mspabi_slli_4         
0000f488  __mspabi_slli_3         
0000f48a  __mspabi_slli_2         
0000f48c  __mspabi_slli_1         
0000f490  Show_Value              
0000f4b6  __mspabi_mpyl           
0000f4b6  __mspabi_mpyl_sw        
0000f4dc  Lcd_GoTo                
0000f4fe  Lcd_Send                
0000f51c  _c_int00_noargs_noexit  
0000f536  Lcd_Delay_ms            
0000f54c  Lcd_WrtStr              
0000f562  __TI_zero_init          
0000f576  __mspabi_mpyi           
0000f576  __mspabi_mpyi_sw        
0000f58a  __TI_decompress_none    
0000f59c  memcpy                  
0000f5ae  __mspabi_func_epilog_7  
0000f5b0  __mspabi_func_epilog_6  
0000f5b2  __mspabi_func_epilog_5  
0000f5b4  __mspabi_func_epilog_4  
0000f5b6  __mspabi_func_epilog_3  
0000f5b8  __mspabi_func_epilog_2  
0000f5ba  __mspabi_func_epilog_1  
0000f5be  ADC_Config              
0000f5cc  Lcd_Change              
0000f5da  ADC_Start               
0000f5e4  Lcd_SendChar            
0000f5ec  Lcd_SendCmd             
0000f5f4  Pin_Config              
0000f5fc  Stop_Watchdog_Tmr       
0000f604  __TI_ISR_TRAP           
0000f60c  __mspabi_fltud          
0000f612  C$$EXIT                 
0000f612  abort                   
0000f618  _system_pre_init        
0000f61c  _system_post_cinit      
0000f67a  __TI_Handler_Table_Base 
0000f680  __TI_Handler_Table_Limit
0000f684  __TI_CINIT_Base         
0000f68c  __TI_CINIT_Limit        
0000ffe4  __TI_int02              
0000ffe6  __TI_int03              
0000ffe8  __TI_int04              
0000ffea  __TI_int05              
0000fff0  __TI_int08              
0000fff2  __TI_int09              
0000fff4  __TI_int10              
0000fff6  __TI_int11              
0000fffc  __TI_int14              
0000fffe  _reset_vector           
ffffffff  __TI_pprof_out_hndl     
ffffffff  __TI_prof_data_size     
ffffffff  __TI_prof_data_start    
ffffffff  __c_args__              
UNDEFED   __TI_BINIT_Base         
UNDEFED   __TI_BINIT_Limit        
UNDEFED   __TI_INITARRAY_Base     
UNDEFED   __TI_INITARRAY_Limit    

[241 symbols]
