******************************************************************************
                  MSP430 Linker PC v16.9.6                     
******************************************************************************
>> Linked Sat Oct 08 20:16:31 2022

OUTPUT FILE NAME:   <PWM_servo_potentiometer.out>
ENTRY POINT SYMBOL: "_c_int00_noinit_noargs_noexit"  address: 0000ce88


MEMORY CONFIGURATION

         name            origin    length      used     unused   attr    fill
----------------------  --------  ---------  --------  --------  ----  --------
  SFR                   00000000   00000010  00000000  00000010  RWIX
  PERIPHERALS_8BIT      00000010   000000f0  00000000  000000f0  RWIX
  PERIPHERALS_16BIT     00000100   00000100  00000000  00000100  RWIX
  RAM                   00000200   00000200  00000050  000001b0  RWIX
  INFOD                 00001000   00000040  00000000  00000040  RWIX
  INFOC                 00001040   00000040  00000000  00000040  RWIX
  INFOB                 00001080   00000040  00000000  00000040  RWIX
  INFOA                 000010c0   00000040  00000000  00000040  RWIX
  FLASH                 0000c000   00003fde  00000efa  000030e4  RWIX
  BSLSIGNATURE          0000ffde   00000002  00000002  00000000  RWIX  ffff 
  INT00                 0000ffe0   00000002  00000002  00000000  RWIX
  INT01                 0000ffe2   00000002  00000000  00000002  RWIX
  INT02                 0000ffe4   00000002  00000002  00000000  RWIX
  INT03                 0000ffe6   00000002  00000002  00000000  RWIX
  INT04                 0000ffe8   00000002  00000000  00000002  RWIX
  INT05                 0000ffea   00000002  00000002  00000000  RWIX
  INT06                 0000ffec   00000002  00000002  00000000  RWIX
  INT07                 0000ffee   00000002  00000002  00000000  RWIX
  INT08                 0000fff0   00000002  00000002  00000000  RWIX
  INT09                 0000fff2   00000002  00000002  00000000  RWIX
  INT10                 0000fff4   00000002  00000002  00000000  RWIX
  INT11                 0000fff6   00000002  00000002  00000000  RWIX
  INT12                 0000fff8   00000002  00000002  00000000  RWIX
  INT13                 0000fffa   00000002  00000002  00000000  RWIX
  INT14                 0000fffc   00000002  00000002  00000000  RWIX
  RESET                 0000fffe   00000002  00000002  00000000  RWIX


SECTION ALLOCATION MAP

 output                                  attributes/
section   page    origin      length       input sections
--------  ----  ----------  ----------   ----------------
.stack     0    000003b0    00000050     UNINITIALIZED
                  000003b0    00000002     rts430_eabi.lib : boot.obj (.stack)
                  000003b2    0000004e     --HOLE--

.text      0    0000c000    00000efa     
                  0000c000    000002e8     rts430_eabi.lib : addd.obj (.text:__mspabi_addd)
                  0000c2e8    00000286                     : frcmpyd.obj (.text:__TI_frcmpyd)
                  0000c56e    0000026e                     : mpyd.obj (.text:__mspabi_mpyd)
                  0000c7dc    00000260                     : frcaddd.obj (.text:__TI_frcaddd)
                  0000ca3c    000000be                     : renormd.obj (.text:__TI_renormd)
                  0000cafa    000000ac                     : fltlid.obj (.text:__mspabi_fltlid)
                  0000cba6    000000a6     main.obj (.text:main)
                  0000cc4c    00000072     rts430_eabi.lib : fixdli.obj (.text:__mspabi_fixdli)
                  0000ccbe    0000005c                     : lsr32.obj (.text:l_lsr_const)
                  0000cd1a    0000004c                     : lsr16.obj (.text)
                  0000cd66    0000003e                     : asr32.obj (.text:l_asr_const)
                  0000cda4    0000003e                     : lsl32.obj (.text:l_lsl_const)
                  0000cde2    0000002c                     : asr16.obj (.text)
                  0000ce0e    0000002c                     : lsl16.obj (.text)
                  0000ce3a    00000028                     : fixdi.obj (.text:__mspabi_fixdi)
                  0000ce62    00000026                     : mult32.obj (.text)
                  0000ce88    00000012                     : boot_special.obj (.text:_c_int00_noinit_noargs_noexit)
                  0000ce9a    00000012                     : lsr32.obj (.text:l_lsr)
                  0000ceac    00000010                     : asr32.obj (.text:l_asr)
                  0000cebc    00000010                     : lsl32.obj (.text:l_lsl)
                  0000cecc    00000010                     : epilog.obj (.text)
                  0000cedc    0000000c                     : fltid.obj (.text:__mspabi_fltid)
                  0000cee8    00000008                     : isr_trap.obj (.text:_isr:__TI_ISR_TRAP)
                  0000cef0    00000006                     : exit.obj (.text:abort)
                  0000cef6    00000004                     : pre_init.obj (.text:_system_pre_init)

.cinit     0    0000c000    00000000     UNINITIALIZED

.binit     0    0000c000    00000000     

.init_array 
*          0    0000c000    00000000     UNINITIALIZED

TRAPINT    0    0000ffe0    00000002     
                  0000ffe0    00000002     rts430_eabi.lib : int00.obj (.int00)

$fill000   0    0000ffde    00000002     
                  0000ffde    00000002     --HOLE-- [fill = ffff]

PORT1      0    0000ffe4    00000002     
                  0000ffe4    00000002     rts430_eabi.lib : int02.obj (.int02)

PORT2      0    0000ffe6    00000002     
                  0000ffe6    00000002     rts430_eabi.lib : int03.obj (.int03)

ADC10      0    0000ffea    00000002     
                  0000ffea    00000002     rts430_eabi.lib : int05.obj (.int05)

USCIAB0TX 
*          0    0000ffec    00000002     
                  0000ffec    00000002     rts430_eabi.lib : int06.obj (.int06)

USCIAB0RX 
*          0    0000ffee    00000002     
                  0000ffee    00000002     rts430_eabi.lib : int07.obj (.int07)

TIMER0_A1 
*          0    0000fff0    00000002     
                  0000fff0    00000002     rts430_eabi.lib : int08.obj (.int08)

TIMER0_A0 
*          0    0000fff2    00000002     
                  0000fff2    00000002     rts430_eabi.lib : int09.obj (.int09)

WDT        0    0000fff4    00000002     
                  0000fff4    00000002     rts430_eabi.lib : int10.obj (.int10)

COMPARATORA 
*          0    0000fff6    00000002     
                  0000fff6    00000002     rts430_eabi.lib : int11.obj (.int11)

TIMER1_A1 
*          0    0000fff8    00000002     
                  0000fff8    00000002     rts430_eabi.lib : int12.obj (.int12)

TIMER1_A0 
*          0    0000fffa    00000002     
                  0000fffa    00000002     rts430_eabi.lib : int13.obj (.int13)

NMI        0    0000fffc    00000002     
                  0000fffc    00000002     rts430_eabi.lib : int14.obj (.int14)

.reset     0    0000fffe    00000002     
                  0000fffe    00000002     rts430_eabi.lib : boot.obj (.reset)

MODULE SUMMARY

       Module             code   ro data   rw data
       ------             ----   -------   -------
    .\
       main.obj           166    0         0      
    +--+------------------+------+---------+---------+
       Total:             166    0         0      
                                                  
    C:\ti\ccs740\ccsv7\tools\compiler\ti-cgt-msp430_16.9.6.LTS\lib\rts430_eabi.lib
       addd.obj           744    0         0      
       frcmpyd.obj        646    0         0      
       mpyd.obj           622    0         0      
       frcaddd.obj        608    0         0      
       renormd.obj        190    0         0      
       fltlid.obj         172    0         0      
       fixdli.obj         114    0         0      
       lsr32.obj          110    0         0      
       asr32.obj          78     0         0      
       lsl32.obj          78     0         0      
       lsr16.obj          76     0         0      
       asr16.obj          44     0         0      
       lsl16.obj          44     0         0      
       fixdi.obj          40     0         0      
       mult32.obj         38     0         0      
       boot_special.obj   18     0         0      
       epilog.obj         16     0         0      
       fltid.obj          12     0         0      
       isr_trap.obj       8      0         0      
       exit.obj           6      0         0      
       pre_init.obj       4      0         0      
       boot.obj           0      2         0      
       int00.obj          0      2         0      
       int02.obj          0      2         0      
       int03.obj          0      2         0      
       int05.obj          0      2         0      
       int06.obj          0      2         0      
       int07.obj          0      2         0      
       int08.obj          0      2         0      
       int09.obj          0      2         0      
       int10.obj          0      2         0      
       int11.obj          0      2         0      
       int12.obj          0      2         0      
       int13.obj          0      2         0      
       int14.obj          0      2         0      
    +--+------------------+------+---------+---------+
       Total:             3668   28        0      
                                                  
       Stack:             0      0         80     
    +--+------------------+------+---------+---------+
       Grand Total:       3834   28        80     


GLOBAL SYMBOLS: SORTED ALPHABETICALLY BY Name 

address   name                         
-------   ----                         
0000004a  ADC10AE0                     
000001b0  ADC10CTL0                    
000001b2  ADC10CTL1                    
00000048  ADC10DTC0                    
00000049  ADC10DTC1                    
000001b4  ADC10MEM                     
000001bc  ADC10SA                      
00000057  BCSCTL1                      
00000058  BCSCTL2                      
00000053  BCSCTL3                      
0000cef0  C$$EXIT                      
00000059  CACTL1                       
0000005a  CACTL2                       
000010fb  CALBC1_12MHZ                 
000010f9  CALBC1_16MHZ                 
000010ff  CALBC1_1MHZ                  
000010fd  CALBC1_8MHZ                  
000010fa  CALDCO_12MHZ                 
000010f8  CALDCO_16MHZ                 
000010fe  CALDCO_1MHZ                  
000010fc  CALDCO_8MHZ                  
0000005b  CAPD                         
00000056  DCOCTL                       
00000128  FCTL1                        
0000012a  FCTL2                        
0000012c  FCTL3                        
00000000  IE1                          
00000001  IE2                          
00000002  IFG1                         
00000003  IFG2                         
00000022  P1DIR                        
00000025  P1IE                         
00000024  P1IES                        
00000023  P1IFG                        
00000020  P1IN                         
00000021  P1OUT                        
00000027  P1REN                        
00000026  P1SEL                        
00000041  P1SEL2                       
0000002a  P2DIR                        
0000002d  P2IE                         
0000002c  P2IES                        
0000002b  P2IFG                        
00000028  P2IN                         
00000029  P2OUT                        
0000002f  P2REN                        
0000002e  P2SEL                        
00000042  P2SEL2                       
0000001a  P3DIR                        
00000018  P3IN                         
00000019  P3OUT                        
00000010  P3REN                        
0000001b  P3SEL                        
00000043  P3SEL2                       
00000172  TA0CCR0                      
00000174  TA0CCR1                      
00000176  TA0CCR2                      
00000162  TA0CCTL0                     
00000164  TA0CCTL1                     
00000166  TA0CCTL2                     
00000160  TA0CTL                       
0000012e  TA0IV                        
00000170  TA0R                         
00000192  TA1CCR0                      
00000194  TA1CCR1                      
00000196  TA1CCR2                      
00000182  TA1CCTL0                     
00000184  TA1CCTL1                     
00000186  TA1CCTL2                     
00000180  TA1CTL                       
0000011e  TA1IV                        
00000190  TA1R                         
000010db  TLV_ADC10_1_LEN              
000010da  TLV_ADC10_1_TAG              
000010c0  TLV_CHECKSUM                 
000010f7  TLV_DCO_30_LEN               
000010f6  TLV_DCO_30_TAG               
0000005d  UCA0ABCTL                    
00000062  UCA0BR0                      
00000063  UCA0BR1                      
00000060  UCA0CTL0                     
00000061  UCA0CTL1                     
0000005f  UCA0IRRCTL                   
0000005e  UCA0IRTCTL                   
00000064  UCA0MCTL                     
00000066  UCA0RXBUF                    
00000065  UCA0STAT                     
00000067  UCA0TXBUF                    
0000006a  UCB0BR0                      
0000006b  UCB0BR1                      
00000068  UCB0CTL0                     
00000069  UCB0CTL1                     
0000006c  UCB0I2CIE                    
00000118  UCB0I2COA                    
0000011a  UCB0I2CSA                    
0000006e  UCB0RXBUF                    
0000006d  UCB0STAT                     
0000006f  UCB0TXBUF                    
00000120  WDTCTL                       
00000400  __STACK_END                  
00000050  __STACK_SIZE                 
0000cee8  __TI_ISR_TRAP                
0000c7dc  __TI_frcaddd                 
0000c2e8  __TI_frcmpyd                 
0000ffe0  __TI_int00                   
0000ffe4  __TI_int02                   
0000ffe6  __TI_int03                   
0000ffea  __TI_int05                   
0000ffec  __TI_int06                   
0000ffee  __TI_int07                   
0000fff0  __TI_int08                   
0000fff2  __TI_int09                   
0000fff4  __TI_int10                   
0000fff6  __TI_int11                   
0000fff8  __TI_int12                   
0000fffa  __TI_int13                   
0000fffc  __TI_int14                   
ffffffff  __TI_pprof_out_hndl          
ffffffff  __TI_prof_data_size          
ffffffff  __TI_prof_data_start         
0000ca3c  __TI_renormd                 
ffffffff  __c_args__                   
0000c000  __mspabi_addd                
0000ce3a  __mspabi_fixdi               
0000cc4c  __mspabi_fixdli              
0000cedc  __mspabi_fltid               
0000cafa  __mspabi_fltlid              
0000ced8  __mspabi_func_epilog_1       
0000ced6  __mspabi_func_epilog_2       
0000ced4  __mspabi_func_epilog_3       
0000ced2  __mspabi_func_epilog_4       
0000ced0  __mspabi_func_epilog_5       
0000cece  __mspabi_func_epilog_6       
0000cecc  __mspabi_func_epilog_7       
0000c56e  __mspabi_mpyd                
0000ce62  __mspabi_mpyl                
0000ce62  __mspabi_mpyl_sw             
0000ce0e  __mspabi_slli                
0000ce36  __mspabi_slli_1              
0000ce24  __mspabi_slli_10             
0000ce22  __mspabi_slli_11             
0000ce20  __mspabi_slli_12             
0000ce1e  __mspabi_slli_13             
0000ce1c  __mspabi_slli_14             
0000ce1a  __mspabi_slli_15             
0000ce34  __mspabi_slli_2              
0000ce32  __mspabi_slli_3              
0000ce30  __mspabi_slli_4              
0000ce2e  __mspabi_slli_5              
0000ce2c  __mspabi_slli_6              
0000ce2a  __mspabi_slli_7              
0000ce28  __mspabi_slli_8              
0000ce26  __mspabi_slli_9              
0000cebc  __mspabi_slll                
0000cddc  __mspabi_slll_1              
0000cdb8  __mspabi_slll_10             
0000cdb4  __mspabi_slll_11             
0000cdb0  __mspabi_slll_12             
0000cdac  __mspabi_slll_13             
0000cda8  __mspabi_slll_14             
0000cda4  __mspabi_slll_15             
0000cdd8  __mspabi_slll_2              
0000cdd4  __mspabi_slll_3              
0000cdd0  __mspabi_slll_4              
0000cdcc  __mspabi_slll_5              
0000cdc8  __mspabi_slll_6              
0000cdc4  __mspabi_slll_7              
0000cdc0  __mspabi_slll_8              
0000cdbc  __mspabi_slll_9              
0000cde2  __mspabi_srai                
0000ce0a  __mspabi_srai_1              
0000cdf8  __mspabi_srai_10             
0000cdf6  __mspabi_srai_11             
0000cdf4  __mspabi_srai_12             
0000cdf2  __mspabi_srai_13             
0000cdf0  __mspabi_srai_14             
0000cdee  __mspabi_srai_15             
0000ce08  __mspabi_srai_2              
0000ce06  __mspabi_srai_3              
0000ce04  __mspabi_srai_4              
0000ce02  __mspabi_srai_5              
0000ce00  __mspabi_srai_6              
0000cdfe  __mspabi_srai_7              
0000cdfc  __mspabi_srai_8              
0000cdfa  __mspabi_srai_9              
0000ceac  __mspabi_sral                
0000cd9e  __mspabi_sral_1              
0000cd7a  __mspabi_sral_10             
0000cd76  __mspabi_sral_11             
0000cd72  __mspabi_sral_12             
0000cd6e  __mspabi_sral_13             
0000cd6a  __mspabi_sral_14             
0000cd66  __mspabi_sral_15             
0000cd9a  __mspabi_sral_2              
0000cd96  __mspabi_sral_3              
0000cd92  __mspabi_sral_4              
0000cd8e  __mspabi_sral_5              
0000cd8a  __mspabi_sral_6              
0000cd86  __mspabi_sral_7              
0000cd82  __mspabi_sral_8              
0000cd7e  __mspabi_sral_9              
0000cd1a  __mspabi_srli                
0000cd60  __mspabi_srli_1              
0000cd3c  __mspabi_srli_10             
0000cd38  __mspabi_srli_11             
0000cd34  __mspabi_srli_12             
0000cd30  __mspabi_srli_13             
0000cd2c  __mspabi_srli_14             
0000cd28  __mspabi_srli_15             
0000cd5c  __mspabi_srli_2              
0000cd58  __mspabi_srli_3              
0000cd54  __mspabi_srli_4              
0000cd50  __mspabi_srli_5              
0000cd4c  __mspabi_srli_6              
0000cd48  __mspabi_srli_7              
0000cd44  __mspabi_srli_8              
0000cd40  __mspabi_srli_9              
0000ce9a  __mspabi_srll                
0000cd12  __mspabi_srll_1              
0000ccdc  __mspabi_srll_10             
0000ccd6  __mspabi_srll_11             
0000ccd0  __mspabi_srll_12             
0000ccca  __mspabi_srll_13             
0000ccc4  __mspabi_srll_14             
0000ccbe  __mspabi_srll_15             
0000cd0c  __mspabi_srll_2              
0000cd06  __mspabi_srll_3              
0000cd00  __mspabi_srll_4              
0000ccfa  __mspabi_srll_5              
0000ccf4  __mspabi_srll_6              
0000ccee  __mspabi_srll_7              
0000cce8  __mspabi_srll_8              
0000cce2  __mspabi_srll_9              
0000ce88  _c_int00_noinit_noargs_noexit
0000fffe  _reset_vector                
000003b0  _stack                       
0000cef6  _system_pre_init             
0000cef0  abort                        
0000cba6  main                         


GLOBAL SYMBOLS: SORTED BY Symbol Address 

address   name                         
-------   ----                         
00000000  IE1                          
00000001  IE2                          
00000002  IFG1                         
00000003  IFG2                         
00000010  P3REN                        
00000018  P3IN                         
00000019  P3OUT                        
0000001a  P3DIR                        
0000001b  P3SEL                        
00000020  P1IN                         
00000021  P1OUT                        
00000022  P1DIR                        
00000023  P1IFG                        
00000024  P1IES                        
00000025  P1IE                         
00000026  P1SEL                        
00000027  P1REN                        
00000028  P2IN                         
00000029  P2OUT                        
0000002a  P2DIR                        
0000002b  P2IFG                        
0000002c  P2IES                        
0000002d  P2IE                         
0000002e  P2SEL                        
0000002f  P2REN                        
00000041  P1SEL2                       
00000042  P2SEL2                       
00000043  P3SEL2                       
00000048  ADC10DTC0                    
00000049  ADC10DTC1                    
0000004a  ADC10AE0                     
00000050  __STACK_SIZE                 
00000053  BCSCTL3                      
00000056  DCOCTL                       
00000057  BCSCTL1                      
00000058  BCSCTL2                      
00000059  CACTL1                       
0000005a  CACTL2                       
0000005b  CAPD                         
0000005d  UCA0ABCTL                    
0000005e  UCA0IRTCTL                   
0000005f  UCA0IRRCTL                   
00000060  UCA0CTL0                     
00000061  UCA0CTL1                     
00000062  UCA0BR0                      
00000063  UCA0BR1                      
00000064  UCA0MCTL                     
00000065  UCA0STAT                     
00000066  UCA0RXBUF                    
00000067  UCA0TXBUF                    
00000068  UCB0CTL0                     
00000069  UCB0CTL1                     
0000006a  UCB0BR0                      
0000006b  UCB0BR1                      
0000006c  UCB0I2CIE                    
0000006d  UCB0STAT                     
0000006e  UCB0RXBUF                    
0000006f  UCB0TXBUF                    
00000118  UCB0I2COA                    
0000011a  UCB0I2CSA                    
0000011e  TA1IV                        
00000120  WDTCTL                       
00000128  FCTL1                        
0000012a  FCTL2                        
0000012c  FCTL3                        
0000012e  TA0IV                        
00000160  TA0CTL                       
00000162  TA0CCTL0                     
00000164  TA0CCTL1                     
00000166  TA0CCTL2                     
00000170  TA0R                         
00000172  TA0CCR0                      
00000174  TA0CCR1                      
00000176  TA0CCR2                      
00000180  TA1CTL                       
00000182  TA1CCTL0                     
00000184  TA1CCTL1                     
00000186  TA1CCTL2                     
00000190  TA1R                         
00000192  TA1CCR0                      
00000194  TA1CCR1                      
00000196  TA1CCR2                      
000001b0  ADC10CTL0                    
000001b2  ADC10CTL1                    
000001b4  ADC10MEM                     
000001bc  ADC10SA                      
000003b0  _stack                       
00000400  __STACK_END                  
000010c0  TLV_CHECKSUM                 
000010da  TLV_ADC10_1_TAG              
000010db  TLV_ADC10_1_LEN              
000010f6  TLV_DCO_30_TAG               
000010f7  TLV_DCO_30_LEN               
000010f8  CALDCO_16MHZ                 
000010f9  CALBC1_16MHZ                 
000010fa  CALDCO_12MHZ                 
000010fb  CALBC1_12MHZ                 
000010fc  CALDCO_8MHZ                  
000010fd  CALBC1_8MHZ                  
000010fe  CALDCO_1MHZ                  
000010ff  CALBC1_1MHZ                  
0000c000  __mspabi_addd                
0000c2e8  __TI_frcmpyd                 
0000c56e  __mspabi_mpyd                
0000c7dc  __TI_frcaddd                 
0000ca3c  __TI_renormd                 
0000cafa  __mspabi_fltlid              
0000cba6  main                         
0000cc4c  __mspabi_fixdli              
0000ccbe  __mspabi_srll_15             
0000ccc4  __mspabi_srll_14             
0000ccca  __mspabi_srll_13             
0000ccd0  __mspabi_srll_12             
0000ccd6  __mspabi_srll_11             
0000ccdc  __mspabi_srll_10             
0000cce2  __mspabi_srll_9              
0000cce8  __mspabi_srll_8              
0000ccee  __mspabi_srll_7              
0000ccf4  __mspabi_srll_6              
0000ccfa  __mspabi_srll_5              
0000cd00  __mspabi_srll_4              
0000cd06  __mspabi_srll_3              
0000cd0c  __mspabi_srll_2              
0000cd12  __mspabi_srll_1              
0000cd1a  __mspabi_srli                
0000cd28  __mspabi_srli_15             
0000cd2c  __mspabi_srli_14             
0000cd30  __mspabi_srli_13             
0000cd34  __mspabi_srli_12             
0000cd38  __mspabi_srli_11             
0000cd3c  __mspabi_srli_10             
0000cd40  __mspabi_srli_9              
0000cd44  __mspabi_srli_8              
0000cd48  __mspabi_srli_7              
0000cd4c  __mspabi_srli_6              
0000cd50  __mspabi_srli_5              
0000cd54  __mspabi_srli_4              
0000cd58  __mspabi_srli_3              
0000cd5c  __mspabi_srli_2              
0000cd60  __mspabi_srli_1              
0000cd66  __mspabi_sral_15             
0000cd6a  __mspabi_sral_14             
0000cd6e  __mspabi_sral_13             
0000cd72  __mspabi_sral_12             
0000cd76  __mspabi_sral_11             
0000cd7a  __mspabi_sral_10             
0000cd7e  __mspabi_sral_9              
0000cd82  __mspabi_sral_8              
0000cd86  __mspabi_sral_7              
0000cd8a  __mspabi_sral_6              
0000cd8e  __mspabi_sral_5              
0000cd92  __mspabi_sral_4              
0000cd96  __mspabi_sral_3              
0000cd9a  __mspabi_sral_2              
0000cd9e  __mspabi_sral_1              
0000cda4  __mspabi_slll_15             
0000cda8  __mspabi_slll_14             
0000cdac  __mspabi_slll_13             
0000cdb0  __mspabi_slll_12             
0000cdb4  __mspabi_slll_11             
0000cdb8  __mspabi_slll_10             
0000cdbc  __mspabi_slll_9              
0000cdc0  __mspabi_slll_8              
0000cdc4  __mspabi_slll_7              
0000cdc8  __mspabi_slll_6              
0000cdcc  __mspabi_slll_5              
0000cdd0  __mspabi_slll_4              
0000cdd4  __mspabi_slll_3              
0000cdd8  __mspabi_slll_2              
0000cddc  __mspabi_slll_1              
0000cde2  __mspabi_srai                
0000cdee  __mspabi_srai_15             
0000cdf0  __mspabi_srai_14             
0000cdf2  __mspabi_srai_13             
0000cdf4  __mspabi_srai_12             
0000cdf6  __mspabi_srai_11             
0000cdf8  __mspabi_srai_10             
0000cdfa  __mspabi_srai_9              
0000cdfc  __mspabi_srai_8              
0000cdfe  __mspabi_srai_7              
0000ce00  __mspabi_srai_6              
0000ce02  __mspabi_srai_5              
0000ce04  __mspabi_srai_4              
0000ce06  __mspabi_srai_3              
0000ce08  __mspabi_srai_2              
0000ce0a  __mspabi_srai_1              
0000ce0e  __mspabi_slli                
0000ce1a  __mspabi_slli_15             
0000ce1c  __mspabi_slli_14             
0000ce1e  __mspabi_slli_13             
0000ce20  __mspabi_slli_12             
0000ce22  __mspabi_slli_11             
0000ce24  __mspabi_slli_10             
0000ce26  __mspabi_slli_9              
0000ce28  __mspabi_slli_8              
0000ce2a  __mspabi_slli_7              
0000ce2c  __mspabi_slli_6              
0000ce2e  __mspabi_slli_5              
0000ce30  __mspabi_slli_4              
0000ce32  __mspabi_slli_3              
0000ce34  __mspabi_slli_2              
0000ce36  __mspabi_slli_1              
0000ce3a  __mspabi_fixdi               
0000ce62  __mspabi_mpyl                
0000ce62  __mspabi_mpyl_sw             
0000ce88  _c_int00_noinit_noargs_noexit
0000ce9a  __mspabi_srll                
0000ceac  __mspabi_sral                
0000cebc  __mspabi_slll                
0000cecc  __mspabi_func_epilog_7       
0000cece  __mspabi_func_epilog_6       
0000ced0  __mspabi_func_epilog_5       
0000ced2  __mspabi_func_epilog_4       
0000ced4  __mspabi_func_epilog_3       
0000ced6  __mspabi_func_epilog_2       
0000ced8  __mspabi_func_epilog_1       
0000cedc  __mspabi_fltid               
0000cee8  __TI_ISR_TRAP                
0000cef0  C$$EXIT                      
0000cef0  abort                        
0000cef6  _system_pre_init             
0000ffe0  __TI_int00                   
0000ffe4  __TI_int02                   
0000ffe6  __TI_int03                   
0000ffea  __TI_int05                   
0000ffec  __TI_int06                   
0000ffee  __TI_int07                   
0000fff0  __TI_int08                   
0000fff2  __TI_int09                   
0000fff4  __TI_int10                   
0000fff6  __TI_int11                   
0000fff8  __TI_int12                   
0000fffa  __TI_int13                   
0000fffc  __TI_int14                   
0000fffe  _reset_vector                
ffffffff  __TI_pprof_out_hndl          
ffffffff  __TI_prof_data_size          
ffffffff  __TI_prof_data_start         
ffffffff  __c_args__                   

[239 symbols]
