******************************************************************************
                  MSP430 Linker PC v16.9.6                     
******************************************************************************
>> Linked Sat Oct 22 15:53:03 2022

OUTPUT FILE NAME:   <msp430g2211_7seg_display.out>
ENTRY POINT SYMBOL: "_c_int00_noargs_noexit"  address: 0000fac0


MEMORY CONFIGURATION

         name            origin    length      used     unused   attr    fill
----------------------  --------  ---------  --------  --------  ----  --------
  SFR                   00000000   00000010  00000000  00000010  RWIX
  PERIPHERALS_8BIT      00000010   000000f0  00000000  000000f0  RWIX
  PERIPHERALS_16BIT     00000100   00000100  00000000  00000100  RWIX
  RAM                   00000200   00000080  0000004b  00000035  RWIX
  INFOD                 00001000   00000040  00000000  00000040  RWIX
  INFOC                 00001040   00000040  00000000  00000040  RWIX
  INFOB                 00001080   00000040  00000000  00000040  RWIX
  INFOA                 000010c0   00000040  00000000  00000040  RWIX
  FLASH                 0000f800   000007e0  0000038c  00000454  RWIX
  INT00                 0000ffe0   00000002  00000000  00000002  RWIX
  INT01                 0000ffe2   00000002  00000000  00000002  RWIX
  INT02                 0000ffe4   00000002  00000002  00000000  RWIX
  INT03                 0000ffe6   00000002  00000002  00000000  RWIX
  INT04                 0000ffe8   00000002  00000000  00000002  RWIX
  INT05                 0000ffea   00000002  00000000  00000002  RWIX
  INT06                 0000ffec   00000002  00000000  00000002  RWIX
  INT07                 0000ffee   00000002  00000000  00000002  RWIX
  INT08                 0000fff0   00000002  00000002  00000000  RWIX
  INT09                 0000fff2   00000002  00000002  00000000  RWIX
  INT10                 0000fff4   00000002  00000002  00000000  RWIX
  INT11                 0000fff6   00000002  00000002  00000000  RWIX
  INT12                 0000fff8   00000002  00000000  00000002  RWIX
  INT13                 0000fffa   00000002  00000000  00000002  RWIX
  INT14                 0000fffc   00000002  00000002  00000000  RWIX
  RESET                 0000fffe   00000002  00000002  00000000  RWIX


SECTION ALLOCATION MAP

 output                                  attributes/
section   page    origin      length       input sections
--------  ----  ----------  ----------   ----------------
.data      0    00000200    00000016     UNINITIALIZED
                  00000200    00000016     main.obj (.data:display)

.bss       0    00000216    00000003     UNINITIALIZED
                  00000216    00000002     (.common:mDigit)
                  00000218    00000001     (.common:mDigNo)

.stack     0    0000024c    00000032     UNINITIALIZED
                  0000024c    00000002     rts430_eabi.lib : boot.obj (.stack)
                  0000024e    00000030     --HOLE--

.text      0    0000f800    00000360     
                  0000f800    0000007c     rts430_eabi.lib : copy_decompress_lzss.obj (.text:decompress:lzss:__TI_decompress_lzss)
                  0000f87c    00000072     main.obj (.text:main)
                  0000f8ee    0000006e     rts430_eabi.lib : autoinit.obj (.text:_auto_init)
                  0000f95c    0000005a                     : cpy_tbl.obj (.text:copy_in)
                  0000f9b6    0000004c                     : lsr16.obj (.text)
                  0000fa02    00000038     main.obj (.text:Timer_A)
                  0000fa3a    0000002e     main.obj (.text:To7Seg)
                  0000fa68    0000002c     rts430_eabi.lib : div16s.obj (.text)
                  0000fa94    0000002c                     : lsl16.obj (.text)
                  0000fac0    0000001a                     : boot_special.obj (.text:_c_int00_noargs_noexit)
                  0000fada    00000016                     : div16u.obj (.text)
                  0000faf0    00000014                     : copy_zero_init.obj (.text:decompress:ZI:__TI_zero_init)
                  0000fb04    00000014                     : mult16.obj (.text)
                  0000fb18    00000012                     : copy_decompress_none.obj (.text:decompress:none:__TI_decompress_none)
                  0000fb2a    00000012                     : memcpy.obj (.text:memcpy)
                  0000fb3c    00000010                     : epilog.obj (.text)
                  0000fb4c    00000008                     : isr_trap.obj (.text:_isr:__TI_ISR_TRAP)
                  0000fb54    00000006                     : exit.obj (.text:abort)
                  0000fb5a    00000004                     : pre_init.obj (.text:_system_pre_init)
                  0000fb5e    00000002                     : startup.obj (.text:_system_post_cinit)

.cinit     0    0000fb60    0000002c     
                  0000fb60    0000001a     (.cinit..data.load) [load image]
                  0000fb7a    00000006     (__TI_handler_table)
                  0000fb80    00000004     (.cinit..bss.load) [load image, compression = zero_init]
                  0000fb84    00000008     (__TI_cinit_table)

.binit     0    0000f800    00000000     

.init_array 
*          0    0000f800    00000000     UNINITIALIZED

PORT1      0    0000ffe4    00000002     
                  0000ffe4    00000002     rts430_eabi.lib : int02.obj (.int02)

PORT2      0    0000ffe6    00000002     
                  0000ffe6    00000002     rts430_eabi.lib : int03.obj (.int03)

TIMERA1    0    0000fff0    00000002     
                  0000fff0    00000002     rts430_eabi.lib : int08.obj (.int08)

TIMERA0    0    0000fff2    00000002     
                  0000fff2    00000002     main.obj (.int09)

WDT        0    0000fff4    00000002     
                  0000fff4    00000002     rts430_eabi.lib : int10.obj (.int10)

COMPARATORA 
*          0    0000fff6    00000002     
                  0000fff6    00000002     rts430_eabi.lib : int11.obj (.int11)

NMI        0    0000fffc    00000002     
                  0000fffc    00000002     rts430_eabi.lib : int14.obj (.int14)

.reset     0    0000fffe    00000002     
                  0000fffe    00000002     rts430_eabi.lib : boot.obj (.reset)

MODULE SUMMARY

       Module                     code   ro data   rw data
       ------                     ----   -------   -------
    .\
       main.obj                   216    2         25     
    +--+--------------------------+------+---------+---------+
       Total:                     216    2         25     
                                                          
    C:\ti\ccs740\ccsv7\tools\compiler\ti-cgt-msp430_16.9.6.LTS\lib\rts430_eabi.lib
       copy_decompress_lzss.obj   124    0         0      
       autoinit.obj               110    0         0      
       cpy_tbl.obj                90     0         0      
       lsr16.obj                  76     0         0      
       div16s.obj                 44     0         0      
       lsl16.obj                  44     0         0      
       boot_special.obj           26     0         0      
       div16u.obj                 22     0         0      
       copy_zero_init.obj         20     0         0      
       mult16.obj                 20     0         0      
       copy_decompress_none.obj   18     0         0      
       memcpy.obj                 18     0         0      
       epilog.obj                 16     0         0      
       isr_trap.obj               8      0         0      
       exit.obj                   6      0         0      
       pre_init.obj               4      0         0      
       boot.obj                   0      2         0      
       int02.obj                  0      2         0      
       int03.obj                  0      2         0      
       int08.obj                  0      2         0      
       int10.obj                  0      2         0      
       int11.obj                  0      2         0      
       int14.obj                  0      2         0      
       startup.obj                2      0         0      
    +--+--------------------------+------+---------+---------+
       Total:                     648    14        0      
                                                          
       Stack:                     0      0         50     
       Linker Generated:          0      44        0      
    +--+--------------------------+------+---------+---------+
       Grand Total:               864    60        75     


LINKER GENERATED COPY TABLES

__TI_cinit_table @ 0000fb84 records: 2, size/record: 4, table size: 8
	.data: load addr=0000fb60, load size=0000001a bytes, run addr=00000200, run size=00000016 bytes, compression=copy
	.bss: load addr=0000fb80, load size=00000004 bytes, run addr=00000216, run size=00000003 bytes, compression=zero_init


LINKER GENERATED HANDLER TABLE

__TI_handler_table @ 0000fb7a records: 3, size/record: 2, table size: 6
	index: 0, handler: __TI_zero_init
	index: 1, handler: __TI_decompress_lzss
	index: 2, handler: __TI_decompress_none


GLOBAL SYMBOLS: SORTED ALPHABETICALLY BY Name 

address   name                    
-------   ----                    
00000057  BCSCTL1                 
00000058  BCSCTL2                 
00000053  BCSCTL3                 
0000fb54  C$$EXIT                 
00000059  CACTL1                  
0000005a  CACTL2                  
000010ff  CALBC1_1MHZ             
000010fe  CALDCO_1MHZ             
0000005b  CAPD                    
00000056  DCOCTL                  
00000128  FCTL1                   
0000012a  FCTL2                   
0000012c  FCTL3                   
00000000  IE1                     
00000002  IFG1                    
00000022  P1DIR                   
00000025  P1IE                    
00000024  P1IES                   
00000023  P1IFG                   
00000020  P1IN                    
00000021  P1OUT                   
00000027  P1REN                   
00000026  P1SEL                   
0000002a  P2DIR                   
0000002d  P2IE                    
0000002c  P2IES                   
0000002b  P2IFG                   
00000028  P2IN                    
00000029  P2OUT                   
0000002f  P2REN                   
0000002e  P2SEL                   
00000172  TACCR0                  
00000174  TACCR1                  
00000162  TACCTL0                 
00000164  TACCTL1                 
00000160  TACTL                   
0000012e  TAIV                    
00000170  TAR                     
0000fa02  Timer_A                 
0000fa3a  To7Seg                  
00000120  WDTCTL                  
0000027e  __STACK_END             
00000032  __STACK_SIZE            
UNDEFED   __TI_BINIT_Base         
UNDEFED   __TI_BINIT_Limit        
0000fb84  __TI_CINIT_Base         
0000fb8c  __TI_CINIT_Limit        
0000fb7a  __TI_Handler_Table_Base 
0000fb80  __TI_Handler_Table_Limit
UNDEFED   __TI_INITARRAY_Base     
UNDEFED   __TI_INITARRAY_Limit    
0000fb4c  __TI_ISR_TRAP           
0000f800  __TI_decompress_lzss    
0000fb18  __TI_decompress_none    
0000ffe4  __TI_int02              
0000ffe6  __TI_int03              
0000fff0  __TI_int08              
0000fff2  __TI_int09              
0000fff4  __TI_int10              
0000fff6  __TI_int11              
0000fffc  __TI_int14              
ffffffff  __TI_pprof_out_hndl     
ffffffff  __TI_prof_data_size     
ffffffff  __TI_prof_data_start    
0000faf0  __TI_zero_init          
ffffffff  __c_args__              
0000fa68  __mspabi_divi           
0000fada  __mspabi_divu           
0000fb48  __mspabi_func_epilog_1  
0000fb46  __mspabi_func_epilog_2  
0000fb44  __mspabi_func_epilog_3  
0000fb42  __mspabi_func_epilog_4  
0000fb40  __mspabi_func_epilog_5  
0000fb3e  __mspabi_func_epilog_6  
0000fb3c  __mspabi_func_epilog_7  
0000fb04  __mspabi_mpyi           
0000fb04  __mspabi_mpyi_sw        
0000fa68  __mspabi_remi           
0000fada  __mspabi_remu           
0000fa94  __mspabi_slli           
0000fabc  __mspabi_slli_1         
0000faaa  __mspabi_slli_10        
0000faa8  __mspabi_slli_11        
0000faa6  __mspabi_slli_12        
0000faa4  __mspabi_slli_13        
0000faa2  __mspabi_slli_14        
0000faa0  __mspabi_slli_15        
0000faba  __mspabi_slli_2         
0000fab8  __mspabi_slli_3         
0000fab6  __mspabi_slli_4         
0000fab4  __mspabi_slli_5         
0000fab2  __mspabi_slli_6         
0000fab0  __mspabi_slli_7         
0000faae  __mspabi_slli_8         
0000faac  __mspabi_slli_9         
0000f9b6  __mspabi_srli           
0000f9fc  __mspabi_srli_1         
0000f9d8  __mspabi_srli_10        
0000f9d4  __mspabi_srli_11        
0000f9d0  __mspabi_srli_12        
0000f9cc  __mspabi_srli_13        
0000f9c8  __mspabi_srli_14        
0000f9c4  __mspabi_srli_15        
0000f9f8  __mspabi_srli_2         
0000f9f4  __mspabi_srli_3         
0000f9f0  __mspabi_srli_4         
0000f9ec  __mspabi_srli_5         
0000f9e8  __mspabi_srli_6         
0000f9e4  __mspabi_srli_7         
0000f9e0  __mspabi_srli_8         
0000f9dc  __mspabi_srli_9         
0000f8ee  _auto_init              
0000fac0  _c_int00_noargs_noexit  
0000fffe  _reset_vector           
0000024c  _stack                  
0000fb5e  _system_post_cinit      
0000fb5a  _system_pre_init        
0000fb54  abort                   
0000f95c  copy_in                 
00000200  display                 
00000218  mDigNo                  
00000216  mDigit                  
0000f87c  main                    
0000fb2a  memcpy                  


GLOBAL SYMBOLS: SORTED BY Symbol Address 

address   name                    
-------   ----                    
00000000  IE1                     
00000002  IFG1                    
00000020  P1IN                    
00000021  P1OUT                   
00000022  P1DIR                   
00000023  P1IFG                   
00000024  P1IES                   
00000025  P1IE                    
00000026  P1SEL                   
00000027  P1REN                   
00000028  P2IN                    
00000029  P2OUT                   
0000002a  P2DIR                   
0000002b  P2IFG                   
0000002c  P2IES                   
0000002d  P2IE                    
0000002e  P2SEL                   
0000002f  P2REN                   
00000032  __STACK_SIZE            
00000053  BCSCTL3                 
00000056  DCOCTL                  
00000057  BCSCTL1                 
00000058  BCSCTL2                 
00000059  CACTL1                  
0000005a  CACTL2                  
0000005b  CAPD                    
00000120  WDTCTL                  
00000128  FCTL1                   
0000012a  FCTL2                   
0000012c  FCTL3                   
0000012e  TAIV                    
00000160  TACTL                   
00000162  TACCTL0                 
00000164  TACCTL1                 
00000170  TAR                     
00000172  TACCR0                  
00000174  TACCR1                  
00000200  display                 
00000216  mDigit                  
00000218  mDigNo                  
0000024c  _stack                  
0000027e  __STACK_END             
000010fe  CALDCO_1MHZ             
000010ff  CALBC1_1MHZ             
0000f800  __TI_decompress_lzss    
0000f87c  main                    
0000f8ee  _auto_init              
0000f95c  copy_in                 
0000f9b6  __mspabi_srli           
0000f9c4  __mspabi_srli_15        
0000f9c8  __mspabi_srli_14        
0000f9cc  __mspabi_srli_13        
0000f9d0  __mspabi_srli_12        
0000f9d4  __mspabi_srli_11        
0000f9d8  __mspabi_srli_10        
0000f9dc  __mspabi_srli_9         
0000f9e0  __mspabi_srli_8         
0000f9e4  __mspabi_srli_7         
0000f9e8  __mspabi_srli_6         
0000f9ec  __mspabi_srli_5         
0000f9f0  __mspabi_srli_4         
0000f9f4  __mspabi_srli_3         
0000f9f8  __mspabi_srli_2         
0000f9fc  __mspabi_srli_1         
0000fa02  Timer_A                 
0000fa3a  To7Seg                  
0000fa68  __mspabi_divi           
0000fa68  __mspabi_remi           
0000fa94  __mspabi_slli           
0000faa0  __mspabi_slli_15        
0000faa2  __mspabi_slli_14        
0000faa4  __mspabi_slli_13        
0000faa6  __mspabi_slli_12        
0000faa8  __mspabi_slli_11        
0000faaa  __mspabi_slli_10        
0000faac  __mspabi_slli_9         
0000faae  __mspabi_slli_8         
0000fab0  __mspabi_slli_7         
0000fab2  __mspabi_slli_6         
0000fab4  __mspabi_slli_5         
0000fab6  __mspabi_slli_4         
0000fab8  __mspabi_slli_3         
0000faba  __mspabi_slli_2         
0000fabc  __mspabi_slli_1         
0000fac0  _c_int00_noargs_noexit  
0000fada  __mspabi_divu           
0000fada  __mspabi_remu           
0000faf0  __TI_zero_init          
0000fb04  __mspabi_mpyi           
0000fb04  __mspabi_mpyi_sw        
0000fb18  __TI_decompress_none    
0000fb2a  memcpy                  
0000fb3c  __mspabi_func_epilog_7  
0000fb3e  __mspabi_func_epilog_6  
0000fb40  __mspabi_func_epilog_5  
0000fb42  __mspabi_func_epilog_4  
0000fb44  __mspabi_func_epilog_3  
0000fb46  __mspabi_func_epilog_2  
0000fb48  __mspabi_func_epilog_1  
0000fb4c  __TI_ISR_TRAP           
0000fb54  C$$EXIT                 
0000fb54  abort                   
0000fb5a  _system_pre_init        
0000fb5e  _system_post_cinit      
0000fb7a  __TI_Handler_Table_Base 
0000fb80  __TI_Handler_Table_Limit
0000fb84  __TI_CINIT_Base         
0000fb8c  __TI_CINIT_Limit        
0000ffe4  __TI_int02              
0000ffe6  __TI_int03              
0000fff0  __TI_int08              
0000fff2  __TI_int09              
0000fff4  __TI_int10              
0000fff6  __TI_int11              
0000fffc  __TI_int14              
0000fffe  _reset_vector           
ffffffff  __TI_pprof_out_hndl     
ffffffff  __TI_prof_data_size     
ffffffff  __TI_prof_data_start    
ffffffff  __c_args__              
UNDEFED   __TI_BINIT_Base         
UNDEFED   __TI_BINIT_Limit        
UNDEFED   __TI_INITARRAY_Base     
UNDEFED   __TI_INITARRAY_Limit    

[124 symbols]
