Archive member included because of file (symbol)

C:/Users/NUC/workspace_v7/msp430_MSP-EXP430G2553LP_core/Debug\libmsp430_MSP-EXP430G2553LP_core.a(wiring.o)
                              ./register_control.o (millis)
C:/Users/NUC/workspace_v7/msp430_MSP-EXP430G2553LP_core/Debug\libmsp430_MSP-EXP430G2553LP_core.a(main.o)
                              (main)
c:/users/nuc/desktop/ti_msp430/energia-1.6.10e18-windows/energia-1.6.10e18/hardware/tools/msp430/bin/../lib/gcc/msp430/4.6.3\libgcc.a(_udivmod16.o)
                              C:/Users/NUC/workspace_v7/msp430_MSP-EXP430G2553LP_core/Debug\libmsp430_MSP-EXP430G2553LP_core.a(wiring.o) (__udivhi3)
c:/users/nuc/desktop/ti_msp430/energia-1.6.10e18-windows/energia-1.6.10e18/hardware/tools/msp430/bin/../lib/gcc/msp430/4.6.3\libgcc.a(_udivmod32.o)
                              C:/Users/NUC/workspace_v7/msp430_MSP-EXP430G2553LP_core/Debug\libmsp430_MSP-EXP430G2553LP_core.a(wiring.o) (__udivsi3)
c:/users/nuc/desktop/ti_msp430/energia-1.6.10e18-windows/energia-1.6.10e18/hardware/tools/msp430/bin/../lib/gcc/msp430/4.6.3\libcrt0.a(_reset_vector__.o)
                              c:/users/nuc/desktop/ti_msp430/energia-1.6.10e18-windows/energia-1.6.10e18/hardware/tools/msp430/bin/../lib/gcc/msp430/4.6.3/crt0ivtbl16.o (_reset_vector__)
c:/users/nuc/desktop/ti_msp430/energia-1.6.10e18-windows/energia-1.6.10e18/hardware/tools/msp430/bin/../lib/gcc/msp430/4.6.3\libcrt0.a(__watchdog_support.o)
                              c:/users/nuc/desktop/ti_msp430/energia-1.6.10e18-windows/energia-1.6.10e18/hardware/tools/msp430/bin/../lib/gcc/msp430/4.6.3\libcrt0.a(_reset_vector__.o) (__watchdog_support)
c:/users/nuc/desktop/ti_msp430/energia-1.6.10e18-windows/energia-1.6.10e18/hardware/tools/msp430/bin/../lib/gcc/msp430/4.6.3\libcrt0.a(__init_stack.o)
                              c:/users/nuc/desktop/ti_msp430/energia-1.6.10e18-windows/energia-1.6.10e18/hardware/tools/msp430/bin/../lib/gcc/msp430/4.6.3\libcrt0.a(_reset_vector__.o) (__init_stack)
c:/users/nuc/desktop/ti_msp430/energia-1.6.10e18-windows/energia-1.6.10e18/hardware/tools/msp430/bin/../lib/gcc/msp430/4.6.3\libcrt0.a(__low_level_init.o)
                              c:/users/nuc/desktop/ti_msp430/energia-1.6.10e18-windows/energia-1.6.10e18/hardware/tools/msp430/bin/../lib/gcc/msp430/4.6.3\libcrt0.a(_reset_vector__.o) (__low_level_init)
c:/users/nuc/desktop/ti_msp430/energia-1.6.10e18-windows/energia-1.6.10e18/hardware/tools/msp430/bin/../lib/gcc/msp430/4.6.3\libcrt0.a(_copy_data.o)
                              c:/users/nuc/desktop/ti_msp430/energia-1.6.10e18-windows/energia-1.6.10e18/hardware/tools/msp430/bin/../lib/gcc/msp430/4.6.3\libcrt0.a(_reset_vector__.o) (__do_copy_data)
c:/users/nuc/desktop/ti_msp430/energia-1.6.10e18-windows/energia-1.6.10e18/hardware/tools/msp430/bin/../lib/gcc/msp430/4.6.3\libcrt0.a(_clear_bss.o)
                              c:/users/nuc/desktop/ti_msp430/energia-1.6.10e18-windows/energia-1.6.10e18/hardware/tools/msp430/bin/../lib/gcc/msp430/4.6.3\libcrt0.a(_reset_vector__.o) (__do_clear_bss)
c:/users/nuc/desktop/ti_msp430/energia-1.6.10e18-windows/energia-1.6.10e18/hardware/tools/msp430/bin/../lib/gcc/msp430/4.6.3\libcrt0.a(__stop_progExec__.o)
                              c:/users/nuc/desktop/ti_msp430/energia-1.6.10e18-windows/energia-1.6.10e18/hardware/tools/msp430/bin/../lib/gcc/msp430/4.6.3\libcrt0.a(_reset_vector__.o) (__stop_progExec__)
c:/users/nuc/desktop/ti_msp430/energia-1.6.10e18-windows/energia-1.6.10e18/hardware/tools/msp430/bin/../lib/gcc/msp430/4.6.3\libcrt0.a(_endless_loop__.o)
                              c:/users/nuc/desktop/ti_msp430/energia-1.6.10e18-windows/energia-1.6.10e18/hardware/tools/msp430/bin/../lib/gcc/msp430/4.6.3\libcrt0.a(_reset_vector__.o) (_endless_loop__)
c:/users/nuc/desktop/ti_msp430/energia-1.6.10e18-windows/energia-1.6.10e18/hardware/tools/msp430/bin/../lib/gcc/msp430/4.6.3\libcrt0.a(_unexpected_.o)
                              c:/users/nuc/desktop/ti_msp430/energia-1.6.10e18-windows/energia-1.6.10e18/hardware/tools/msp430/bin/../lib/gcc/msp430/4.6.3/crt0ivtbl16.o (_unexpected_)

Allocating common symbols
Common symbol       size              file

SMILLIS_INC         0x2               C:/Users/NUC/workspace_v7/msp430_MSP-EXP430G2553LP_core/Debug\libmsp430_MSP-EXP430G2553LP_core.a(wiring.o)
SFRACT_INC          0x2               C:/Users/NUC/workspace_v7/msp430_MSP-EXP430G2553LP_core/Debug\libmsp430_MSP-EXP430G2553LP_core.a(wiring.o)

Discarded input sections

 .data          0x00000000        0x0 c:/users/nuc/desktop/ti_msp430/energia-1.6.10e18-windows/energia-1.6.10e18/hardware/tools/msp430/bin/../lib/gcc/msp430/4.6.3/crt0ivtbl16.o
 .bss           0x00000000        0x0 c:/users/nuc/desktop/ti_msp430/energia-1.6.10e18-windows/energia-1.6.10e18/hardware/tools/msp430/bin/../lib/gcc/msp430/4.6.3/crt0ivtbl16.o
 .text.crt0     0x00000000        0x0 c:/users/nuc/desktop/ti_msp430/energia-1.6.10e18-windows/energia-1.6.10e18/hardware/tools/msp430/bin/../lib/gcc/msp430/4.6.3/crt0ivtbl16.o
 .text          0x00000000        0x0 ./register_control.o
 .data          0x00000000        0x0 ./register_control.o
 .bss           0x00000000        0x0 ./register_control.o
 .text._Z10toggleLedsv
                0x00000000        0x8 ./register_control.o
 .text          0x00000000        0x0 C:/Users/NUC/workspace_v7/msp430_MSP-EXP430G2553LP_core/Debug\libmsp430_MSP-EXP430G2553LP_core.a(wiring.o)
 .data          0x00000000        0x0 C:/Users/NUC/workspace_v7/msp430_MSP-EXP430G2553LP_core/Debug\libmsp430_MSP-EXP430G2553LP_core.a(wiring.o)
 .bss           0x00000000        0x0 C:/Users/NUC/workspace_v7/msp430_MSP-EXP430G2553LP_core/Debug\libmsp430_MSP-EXP430G2553LP_core.a(wiring.o)
 .text.disableWatchDog
                0x00000000        0x8 C:/Users/NUC/workspace_v7/msp430_MSP-EXP430G2553LP_core/Debug\libmsp430_MSP-EXP430G2553LP_core.a(wiring.o)
 .text.enableWatchDog
                0x00000000        0xc C:/Users/NUC/workspace_v7/msp430_MSP-EXP430G2553LP_core/Debug\libmsp430_MSP-EXP430G2553LP_core.a(wiring.o)
 .text.enableWatchDogIntervalMode
                0x00000000        0xc C:/Users/NUC/workspace_v7/msp430_MSP-EXP430G2553LP_core/Debug\libmsp430_MSP-EXP430G2553LP_core.a(wiring.o)
 .text.micros   0x00000000       0x24 C:/Users/NUC/workspace_v7/msp430_MSP-EXP430G2553LP_core/Debug\libmsp430_MSP-EXP430G2553LP_core.a(wiring.o)
 .text.delayMicroseconds
                0x00000000       0x12 C:/Users/NUC/workspace_v7/msp430_MSP-EXP430G2553LP_core/Debug\libmsp430_MSP-EXP430G2553LP_core.a(wiring.o)
 .text.sleepSeconds
                0x00000000       0xf2 C:/Users/NUC/workspace_v7/msp430_MSP-EXP430G2553LP_core/Debug\libmsp430_MSP-EXP430G2553LP_core.a(wiring.o)
 .text.sleep    0x00000000      0x104 C:/Users/NUC/workspace_v7/msp430_MSP-EXP430G2553LP_core/Debug\libmsp430_MSP-EXP430G2553LP_core.a(wiring.o)
 .text.suspend  0x00000000       0x32 C:/Users/NUC/workspace_v7/msp430_MSP-EXP430G2553LP_core/Debug\libmsp430_MSP-EXP430G2553LP_core.a(wiring.o)
 .text.delay    0x00000000       0x7e C:/Users/NUC/workspace_v7/msp430_MSP-EXP430G2553LP_core/Debug\libmsp430_MSP-EXP430G2553LP_core.a(wiring.o)
 .bss.stay_asleep
                0x00000000        0x1 C:/Users/NUC/workspace_v7/msp430_MSP-EXP430G2553LP_core/Debug\libmsp430_MSP-EXP430G2553LP_core.a(wiring.o)
 .text          0x00000000        0x0 C:/Users/NUC/workspace_v7/msp430_MSP-EXP430G2553LP_core/Debug\libmsp430_MSP-EXP430G2553LP_core.a(main.o)
 .data          0x00000000        0x0 C:/Users/NUC/workspace_v7/msp430_MSP-EXP430G2553LP_core/Debug\libmsp430_MSP-EXP430G2553LP_core.a(main.o)
 .bss           0x00000000        0x0 C:/Users/NUC/workspace_v7/msp430_MSP-EXP430G2553LP_core/Debug\libmsp430_MSP-EXP430G2553LP_core.a(main.o)
 .text          0x00000000        0x0 c:/users/nuc/desktop/ti_msp430/energia-1.6.10e18-windows/energia-1.6.10e18/hardware/tools/msp430/bin/../lib/gcc/msp430/4.6.3\libgcc.a(_udivmod16.o)
 .data          0x00000000        0x0 c:/users/nuc/desktop/ti_msp430/energia-1.6.10e18-windows/energia-1.6.10e18/hardware/tools/msp430/bin/../lib/gcc/msp430/4.6.3\libgcc.a(_udivmod16.o)
 .bss           0x00000000        0x0 c:/users/nuc/desktop/ti_msp430/energia-1.6.10e18-windows/energia-1.6.10e18/hardware/tools/msp430/bin/../lib/gcc/msp430/4.6.3\libgcc.a(_udivmod16.o)
 .text.libgcc   0x00000000       0x22 c:/users/nuc/desktop/ti_msp430/energia-1.6.10e18-windows/energia-1.6.10e18/hardware/tools/msp430/bin/../lib/gcc/msp430/4.6.3\libgcc.a(_udivmod16.o)
 .text          0x00000000        0x0 c:/users/nuc/desktop/ti_msp430/energia-1.6.10e18-windows/energia-1.6.10e18/hardware/tools/msp430/bin/../lib/gcc/msp430/4.6.3\libgcc.a(_udivmod32.o)
 .data          0x00000000        0x0 c:/users/nuc/desktop/ti_msp430/energia-1.6.10e18-windows/energia-1.6.10e18/hardware/tools/msp430/bin/../lib/gcc/msp430/4.6.3\libgcc.a(_udivmod32.o)
 .bss           0x00000000        0x0 c:/users/nuc/desktop/ti_msp430/energia-1.6.10e18-windows/energia-1.6.10e18/hardware/tools/msp430/bin/../lib/gcc/msp430/4.6.3\libgcc.a(_udivmod32.o)
 .text.libgcc   0x00000000       0x40 c:/users/nuc/desktop/ti_msp430/energia-1.6.10e18-windows/energia-1.6.10e18/hardware/tools/msp430/bin/../lib/gcc/msp430/4.6.3\libgcc.a(_udivmod32.o)
 .text          0x00000000        0x0 c:/users/nuc/desktop/ti_msp430/energia-1.6.10e18-windows/energia-1.6.10e18/hardware/tools/msp430/bin/../lib/gcc/msp430/4.6.3\libcrt0.a(_reset_vector__.o)
 .data          0x00000000        0x0 c:/users/nuc/desktop/ti_msp430/energia-1.6.10e18-windows/energia-1.6.10e18/hardware/tools/msp430/bin/../lib/gcc/msp430/4.6.3\libcrt0.a(_reset_vector__.o)
 .bss           0x00000000        0x0 c:/users/nuc/desktop/ti_msp430/energia-1.6.10e18-windows/energia-1.6.10e18/hardware/tools/msp430/bin/../lib/gcc/msp430/4.6.3\libcrt0.a(_reset_vector__.o)
 .text          0x00000000        0x0 c:/users/nuc/desktop/ti_msp430/energia-1.6.10e18-windows/energia-1.6.10e18/hardware/tools/msp430/bin/../lib/gcc/msp430/4.6.3\libcrt0.a(__watchdog_support.o)
 .data          0x00000000        0x0 c:/users/nuc/desktop/ti_msp430/energia-1.6.10e18-windows/energia-1.6.10e18/hardware/tools/msp430/bin/../lib/gcc/msp430/4.6.3\libcrt0.a(__watchdog_support.o)
 .bss           0x00000000        0x0 c:/users/nuc/desktop/ti_msp430/energia-1.6.10e18-windows/energia-1.6.10e18/hardware/tools/msp430/bin/../lib/gcc/msp430/4.6.3\libcrt0.a(__watchdog_support.o)
 .text          0x00000000        0x0 c:/users/nuc/desktop/ti_msp430/energia-1.6.10e18-windows/energia-1.6.10e18/hardware/tools/msp430/bin/../lib/gcc/msp430/4.6.3\libcrt0.a(__init_stack.o)
 .data          0x00000000        0x0 c:/users/nuc/desktop/ti_msp430/energia-1.6.10e18-windows/energia-1.6.10e18/hardware/tools/msp430/bin/../lib/gcc/msp430/4.6.3\libcrt0.a(__init_stack.o)
 .bss           0x00000000        0x0 c:/users/nuc/desktop/ti_msp430/energia-1.6.10e18-windows/energia-1.6.10e18/hardware/tools/msp430/bin/../lib/gcc/msp430/4.6.3\libcrt0.a(__init_stack.o)
 .text          0x00000000        0x0 c:/users/nuc/desktop/ti_msp430/energia-1.6.10e18-windows/energia-1.6.10e18/hardware/tools/msp430/bin/../lib/gcc/msp430/4.6.3\libcrt0.a(__low_level_init.o)
 .data          0x00000000        0x0 c:/users/nuc/desktop/ti_msp430/energia-1.6.10e18-windows/energia-1.6.10e18/hardware/tools/msp430/bin/../lib/gcc/msp430/4.6.3\libcrt0.a(__low_level_init.o)
 .bss           0x00000000        0x0 c:/users/nuc/desktop/ti_msp430/energia-1.6.10e18-windows/energia-1.6.10e18/hardware/tools/msp430/bin/../lib/gcc/msp430/4.6.3\libcrt0.a(__low_level_init.o)
 .text          0x00000000        0x0 c:/users/nuc/desktop/ti_msp430/energia-1.6.10e18-windows/energia-1.6.10e18/hardware/tools/msp430/bin/../lib/gcc/msp430/4.6.3\libcrt0.a(_copy_data.o)
 .data          0x00000000        0x0 c:/users/nuc/desktop/ti_msp430/energia-1.6.10e18-windows/energia-1.6.10e18/hardware/tools/msp430/bin/../lib/gcc/msp430/4.6.3\libcrt0.a(_copy_data.o)
 .bss           0x00000000        0x0 c:/users/nuc/desktop/ti_msp430/energia-1.6.10e18-windows/energia-1.6.10e18/hardware/tools/msp430/bin/../lib/gcc/msp430/4.6.3\libcrt0.a(_copy_data.o)
 .text          0x00000000        0x0 c:/users/nuc/desktop/ti_msp430/energia-1.6.10e18-windows/energia-1.6.10e18/hardware/tools/msp430/bin/../lib/gcc/msp430/4.6.3\libcrt0.a(_clear_bss.o)
 .data          0x00000000        0x0 c:/users/nuc/desktop/ti_msp430/energia-1.6.10e18-windows/energia-1.6.10e18/hardware/tools/msp430/bin/../lib/gcc/msp430/4.6.3\libcrt0.a(_clear_bss.o)
 .bss           0x00000000        0x0 c:/users/nuc/desktop/ti_msp430/energia-1.6.10e18-windows/energia-1.6.10e18/hardware/tools/msp430/bin/../lib/gcc/msp430/4.6.3\libcrt0.a(_clear_bss.o)
 .text          0x00000000        0x0 c:/users/nuc/desktop/ti_msp430/energia-1.6.10e18-windows/energia-1.6.10e18/hardware/tools/msp430/bin/../lib/gcc/msp430/4.6.3\libcrt0.a(__stop_progExec__.o)
 .data          0x00000000        0x0 c:/users/nuc/desktop/ti_msp430/energia-1.6.10e18-windows/energia-1.6.10e18/hardware/tools/msp430/bin/../lib/gcc/msp430/4.6.3\libcrt0.a(__stop_progExec__.o)
 .bss           0x00000000        0x0 c:/users/nuc/desktop/ti_msp430/energia-1.6.10e18-windows/energia-1.6.10e18/hardware/tools/msp430/bin/../lib/gcc/msp430/4.6.3\libcrt0.a(__stop_progExec__.o)
 .text          0x00000000        0x0 c:/users/nuc/desktop/ti_msp430/energia-1.6.10e18-windows/energia-1.6.10e18/hardware/tools/msp430/bin/../lib/gcc/msp430/4.6.3\libcrt0.a(_endless_loop__.o)
 .data          0x00000000        0x0 c:/users/nuc/desktop/ti_msp430/energia-1.6.10e18-windows/energia-1.6.10e18/hardware/tools/msp430/bin/../lib/gcc/msp430/4.6.3\libcrt0.a(_endless_loop__.o)
 .bss           0x00000000        0x0 c:/users/nuc/desktop/ti_msp430/energia-1.6.10e18-windows/energia-1.6.10e18/hardware/tools/msp430/bin/../lib/gcc/msp430/4.6.3\libcrt0.a(_endless_loop__.o)
 .text          0x00000000        0x0 c:/users/nuc/desktop/ti_msp430/energia-1.6.10e18-windows/energia-1.6.10e18/hardware/tools/msp430/bin/../lib/gcc/msp430/4.6.3\libcrt0.a(_unexpected_.o)
 .data          0x00000000        0x0 c:/users/nuc/desktop/ti_msp430/energia-1.6.10e18-windows/energia-1.6.10e18/hardware/tools/msp430/bin/../lib/gcc/msp430/4.6.3\libcrt0.a(_unexpected_.o)
 .bss           0x00000000        0x0 c:/users/nuc/desktop/ti_msp430/energia-1.6.10e18-windows/energia-1.6.10e18/hardware/tools/msp430/bin/../lib/gcc/msp430/4.6.3\libcrt0.a(_unexpected_.o)

Memory Configuration

Name             Origin             Length             Attributes
sfr              0x00000000         0x00000010
peripheral_8bit  0x00000010         0x000000f0
peripheral_16bit 0x00000100         0x00000100
ram              0x00000200         0x00000200         xw
infomem          0x00001000         0x00000100
infod            0x00001000         0x00000040
infoc            0x00001040         0x00000040
infob            0x00001080         0x00000040
infoa            0x000010c0         0x00000040
rom              0x0000c000         0x00003fe0         xr
vectors          0x0000ffe0         0x00000020
bsl              0x00000000         0x00000000
ram2             0x00000000         0x00000000         xw
ram_mirror       0x00000000         0x00000000         xw
signature        0x00000000         0x00000000
tinyram          0x00000000         0x00000000         xw
usbram           0x00000000         0x00000000         xw
far_rom          0x00000000         0x00000000
*default*        0x00000000         0xffffffff

Linker script and memory map

LOAD c:/users/nuc/desktop/ti_msp430/energia-1.6.10e18-windows/energia-1.6.10e18/hardware/tools/msp430/bin/../lib/gcc/msp430/4.6.3/crt0ivtbl16.o
LOAD ./register_control.o
START GROUP
LOAD C:/Users/NUC/workspace_v7/msp430_MSP-EXP430G2553LP_core/Debug\libmsp430_MSP-EXP430G2553LP_core.a
LOAD c:/users/nuc/desktop/ti_msp430/energia-1.6.10e18-windows/energia-1.6.10e18/hardware/tools/msp430/bin/../lib/gcc/msp430/4.6.3/../../../../msp430/lib\libm.a
END GROUP
LOAD c:/users/nuc/desktop/ti_msp430/energia-1.6.10e18-windows/energia-1.6.10e18/hardware/tools/msp430/bin/../lib/gcc/msp430/4.6.3\libgcc.a
LOAD c:/users/nuc/desktop/ti_msp430/energia-1.6.10e18-windows/energia-1.6.10e18/hardware/tools/msp430/bin/../lib/gcc/msp430/4.6.3/../../../../msp430/lib\libc.a
LOAD c:/users/nuc/desktop/ti_msp430/energia-1.6.10e18-windows/energia-1.6.10e18/hardware/tools/msp430/bin/../lib/gcc/msp430/4.6.3\libgcc.a
LOAD c:/users/nuc/desktop/ti_msp430/energia-1.6.10e18-windows/energia-1.6.10e18/hardware/tools/msp430/bin/../lib/gcc/msp430/4.6.3\libcrt0.a
                0x00000040                PROVIDE (__info_segment_size, 0x40)
                0x00001000                PROVIDE (__infod, 0x1000)
                0x00001040                PROVIDE (__infoc, 0x1040)
                0x00001080                PROVIDE (__infob, 0x1080)
                0x000010c0                PROVIDE (__infoa, 0x10c0)
                0x00000000                __IE1 = 0x0
                0x00000002                __IFG1 = 0x2
                0x00000001                __IE2 = 0x1
                0x00000003                __IFG2 = 0x3
                0x00000048                __ADC10DTC0 = 0x48
                0x00000049                __ADC10DTC1 = 0x49
                0x0000004a                __ADC10AE0 = 0x4a
                0x000001b0                __ADC10CTL0 = 0x1b0
                0x000001b2                __ADC10CTL1 = 0x1b2
                0x000001b4                __ADC10MEM = 0x1b4
                0x000001bc                __ADC10SA = 0x1bc
                0x00000056                __DCOCTL = 0x56
                0x00000057                __BCSCTL1 = 0x57
                0x00000058                __BCSCTL2 = 0x58
                0x00000053                __BCSCTL3 = 0x53
                0x00000059                __CACTL1 = 0x59
                0x0000005a                __CACTL2 = 0x5a
                0x0000005b                __CAPD = 0x5b
                0x00000128                __FCTL1 = 0x128
                0x0000012a                __FCTL2 = 0x12a
                0x0000012c                __FCTL3 = 0x12c
                0x00000020                __P1IN = 0x20
                0x00000021                __P1OUT = 0x21
                0x00000022                __P1DIR = 0x22
                0x00000023                __P1IFG = 0x23
                0x00000024                __P1IES = 0x24
                0x00000025                __P1IE = 0x25
                0x00000026                __P1SEL = 0x26
                0x00000041                __P1SEL2 = 0x41
                0x00000027                __P1REN = 0x27
                0x00000028                __P2IN = 0x28
                0x00000029                __P2OUT = 0x29
                0x0000002a                __P2DIR = 0x2a
                0x0000002b                __P2IFG = 0x2b
                0x0000002c                __P2IES = 0x2c
                0x0000002d                __P2IE = 0x2d
                0x0000002e                __P2SEL = 0x2e
                0x00000042                __P2SEL2 = 0x42
                0x0000002f                __P2REN = 0x2f
                0x00000018                __P3IN = 0x18
                0x00000019                __P3OUT = 0x19
                0x0000001a                __P3DIR = 0x1a
                0x0000001b                __P3SEL = 0x1b
                0x00000043                __P3SEL2 = 0x43
                0x00000010                __P3REN = 0x10
                0x0000012e                __TA0IV = 0x12e
                0x00000160                __TA0CTL = 0x160
                0x00000162                __TA0CCTL0 = 0x162
                0x00000164                __TA0CCTL1 = 0x164
                0x00000166                __TA0CCTL2 = 0x166
                0x00000170                __TA0R = 0x170
                0x00000172                __TA0CCR0 = 0x172
                0x00000174                __TA0CCR1 = 0x174
                0x00000176                __TA0CCR2 = 0x176
                0x0000011e                __TA1IV = 0x11e
                0x00000180                __TA1CTL = 0x180
                0x00000182                __TA1CCTL0 = 0x182
                0x00000184                __TA1CCTL1 = 0x184
                0x00000186                __TA1CCTL2 = 0x186
                0x00000190                __TA1R = 0x190
                0x00000192                __TA1CCR0 = 0x192
                0x00000194                __TA1CCR1 = 0x194
                0x00000196                __TA1CCR2 = 0x196
                0x00000060                __UCA0CTL0 = 0x60
                0x00000061                __UCA0CTL1 = 0x61
                0x00000062                __UCA0BR0 = 0x62
                0x00000063                __UCA0BR1 = 0x63
                0x00000064                __UCA0MCTL = 0x64
                0x00000065                __UCA0STAT = 0x65
                0x00000066                __UCA0RXBUF = 0x66
                0x00000067                __UCA0TXBUF = 0x67
                0x0000005d                __UCA0ABCTL = 0x5d
                0x0000005e                __UCA0IRTCTL = 0x5e
                0x0000005f                __UCA0IRRCTL = 0x5f
                0x00000068                __UCB0CTL0 = 0x68
                0x00000069                __UCB0CTL1 = 0x69
                0x0000006a                __UCB0BR0 = 0x6a
                0x0000006b                __UCB0BR1 = 0x6b
                0x0000006c                __UCB0I2CIE = 0x6c
                0x0000006d                __UCB0STAT = 0x6d
                0x0000006e                __UCB0RXBUF = 0x6e
                0x0000006f                __UCB0TXBUF = 0x6f
                0x00000118                __UCB0I2COA = 0x118
                0x0000011a                __UCB0I2CSA = 0x11a
                0x00000120                __WDTCTL = 0x120
                0x000010f8                __CALDCO_16MHZ = 0x10f8
                0x000010f9                __CALBC1_16MHZ = 0x10f9
                0x000010fa                __CALDCO_12MHZ = 0x10fa
                0x000010fb                __CALBC1_12MHZ = 0x10fb
                0x000010fc                __CALDCO_8MHZ = 0x10fc
                0x000010fd                __CALBC1_8MHZ = 0x10fd
                0x000010fe                __CALDCO_1MHZ = 0x10fe
                0x000010ff                __CALBC1_1MHZ = 0x10ff
                0x000010c0                __TLV_CHECKSUM = 0x10c0
                0x000010f6                __TLV_DCO_30_TAG = 0x10f6
                0x000010f7                __TLV_DCO_30_LEN = 0x10f7
                0x000010da                __TLV_ADC10_1_TAG = 0x10da
                0x000010db                __TLV_ADC10_1_LEN = 0x10db

.hash
 *(.hash)

.dynsym
 *(.dynsym)

.dynstr
 *(.dynstr)

.gnu.version
 *(.gnu.version)

.gnu.version_d
 *(.gnu.version_d)

.gnu.version_r
 *(.gnu.version_r)

.rel.init
 *(.rel.init)

.rela.init
 *(.rela.init)

.rel.fini
 *(.rel.fini)

.rela.fini
 *(.rela.fini)

.rel.text
 *(.rel.text .rel.text.* .rel.gnu.linkonce.t.*)

.rela.text
 *(.rela.text .rela.text.* .rela.gnu.linkonce.t.*)

.rel.rodata
 *(.rel.rodata .rel.rodata.* .rel.gnu.linkonce.r.*)

.rela.rodata
 *(.rela.rodata .rela.rodata.* .rela.gnu.linkonce.r.*)

.rel.data
 *(.rel.data .rel.data.* .rel.gnu.linkonce.d.*)

.rela.data
 *(.rela.data .rela.data.* .rela.gnu.linkonce.d.*)

.rel.bss
 *(.rel.bss .rel.bss.* .rel.gnu.linkonce.b.*)

.rela.bss
 *(.rela.bss .rela.bss.* .rela.gnu.linkonce.b.*)

.rel.ctors
 *(.rel.ctors)

.rela.ctors
 *(.rela.ctors)

.rel.dtors
 *(.rel.dtors)

.rela.dtors
 *(.rela.dtors)

.rel.got
 *(.rel.got)

.rela.got
 *(.rela.got)

.rel.plt
 *(.rel.plt)

.rela.plt
 *(.rela.plt)

.text           0x0000c000      0x1da
                0x0000c000                . = ALIGN (0x2)
 *(.init .init.*)
 *(.init0)
 .init0         0x0000c000        0x0 c:/users/nuc/desktop/ti_msp430/energia-1.6.10e18-windows/energia-1.6.10e18/hardware/tools/msp430/bin/../lib/gcc/msp430/4.6.3\libcrt0.a(_reset_vector__.o)
                0x0000c000                _reset_vector__
 *(.init1)
 .init1         0x0000c000        0xc c:/users/nuc/desktop/ti_msp430/energia-1.6.10e18-windows/energia-1.6.10e18/hardware/tools/msp430/bin/../lib/gcc/msp430/4.6.3\libcrt0.a(__watchdog_support.o)
                0x0000c000                __watchdog_support
 *(.init2)
 .init2         0x0000c00c        0x4 c:/users/nuc/desktop/ti_msp430/energia-1.6.10e18-windows/energia-1.6.10e18/hardware/tools/msp430/bin/../lib/gcc/msp430/4.6.3\libcrt0.a(__init_stack.o)
                0x0000c00c                __init_stack
 *(.init3)
 .init3         0x0000c010        0x0 c:/users/nuc/desktop/ti_msp430/energia-1.6.10e18-windows/energia-1.6.10e18/hardware/tools/msp430/bin/../lib/gcc/msp430/4.6.3\libcrt0.a(__low_level_init.o)
                0x0000c010                __low_level_init
 *(.init4)
 .init4         0x0000c010       0x18 c:/users/nuc/desktop/ti_msp430/energia-1.6.10e18-windows/energia-1.6.10e18/hardware/tools/msp430/bin/../lib/gcc/msp430/4.6.3\libcrt0.a(_copy_data.o)
                0x0000c010                __do_copy_data
 .init4         0x0000c028       0x16 c:/users/nuc/desktop/ti_msp430/energia-1.6.10e18-windows/energia-1.6.10e18/hardware/tools/msp430/bin/../lib/gcc/msp430/4.6.3\libcrt0.a(_clear_bss.o)
                0x0000c028                __do_clear_bss
 *(.init5)
 *(.init6)
 *(.init7)
 *(.init8)
 *(.init9)
 .init9         0x0000c03e       0x24 C:/Users/NUC/workspace_v7/msp430_MSP-EXP430G2553LP_core/Debug\libmsp430_MSP-EXP430G2553LP_core.a(main.o)
                0x0000c03e                main
 *(.fini9)
 .fini9         0x0000c062        0x0 c:/users/nuc/desktop/ti_msp430/energia-1.6.10e18-windows/energia-1.6.10e18/hardware/tools/msp430/bin/../lib/gcc/msp430/4.6.3\libcrt0.a(__stop_progExec__.o)
                0x0000c062                __stop_progExec__
 *(.fini8)
 *(.fini7)
 *(.fini6)
 *(.fini5)
 *(.fini4)
 *(.fini3)
 *(.fini2)
 *(.fini1)
 *(.fini0)
 .fini0         0x0000c062        0x6 c:/users/nuc/desktop/ti_msp430/energia-1.6.10e18-windows/energia-1.6.10e18/hardware/tools/msp430/bin/../lib/gcc/msp430/4.6.3\libcrt0.a(_endless_loop__.o)
                0x0000c062                _endless_loop__
 *(.fini .fini.*)
                0x0000c068                . = ALIGN (0x2)
                0x0000c068                __ctors_start = .
 *(.ctors)
                0x0000c068                __ctors_end = .
                0x0000c068                __dtors_start = .
 *(.dtors)
                0x0000c068                __dtors_end = .
                0x0000c068                . = ALIGN (0x2)
 *(.text .text.* .gnu.linkonce.t.*)
 .text          0x0000c068        0x4 c:/users/nuc/desktop/ti_msp430/energia-1.6.10e18-windows/energia-1.6.10e18/hardware/tools/msp430/bin/../lib/gcc/msp430/4.6.3/crt0ivtbl16.o
                0x0000c068                __isr_14
                0x0000c068                __isr_4
                0x0000c068                __isr_11
                0x0000c068                __isr_5
                0x0000c068                __isr_2
                0x0000c068                __isr_7
                0x0000c068                __isr_0
                0x0000c068                __isr_8
                0x0000c068                __isr_3
                0x0000c068                __isr_12
                0x0000c068                __isr_13
                0x0000c068                __isr_9
                0x0000c068                __isr_6
                0x0000c068                __isr_1
 .text.setup    0x0000c06c        0xe ./register_control.o
                0x0000c06c                setup
 .text.loop     0x0000c07a       0x34 ./register_control.o
                0x0000c07a                loop
 .text.enableXtal
                0x0000c0ae       0x62 C:/Users/NUC/workspace_v7/msp430_MSP-EXP430G2553LP_core/Debug\libmsp430_MSP-EXP430G2553LP_core.a(wiring.o)
                0x0000c0ae                enableXtal
 .text.initClocks
                0x0000c110       0x1c C:/Users/NUC/workspace_v7/msp430_MSP-EXP430G2553LP_core/Debug\libmsp430_MSP-EXP430G2553LP_core.a(wiring.o)
                0x0000c110                initClocks
 .text.init     0x0000c12c       0x18 C:/Users/NUC/workspace_v7/msp430_MSP-EXP430G2553LP_core/Debug\libmsp430_MSP-EXP430G2553LP_core.a(wiring.o)
                0x0000c12c                init
 .text.millis   0x0000c144       0x12 C:/Users/NUC/workspace_v7/msp430_MSP-EXP430G2553LP_core/Debug\libmsp430_MSP-EXP430G2553LP_core.a(wiring.o)
                0x0000c144                millis
 .text.watchdog_isr
                0x0000c156       0x82 C:/Users/NUC/workspace_v7/msp430_MSP-EXP430G2553LP_core/Debug\libmsp430_MSP-EXP430G2553LP_core.a(wiring.o)
                0x0000c156                __isr_10
                0x0000c156                watchdog_isr
 .text.crt0     0x0000c1d8        0x2 c:/users/nuc/desktop/ti_msp430/energia-1.6.10e18-windows/energia-1.6.10e18/hardware/tools/msp430/bin/../lib/gcc/msp430/4.6.3\libcrt0.a(_unexpected_.o)
                0x0000c1d8                _unexpected_
                0x0000c1da                . = ALIGN (0x2)

.rodata         0x0000c1da        0x0
                0x0000c1da                . = ALIGN (0x2)
 *(.rodata .rodata.* .gnu.linkonce.r.*)
                0x0000c1da                . = ALIGN (0x2)
                0x0000c1da                _etext = .

.data           0x00000200        0x4 load address 0x0000c1da
                0x00000200                . = ALIGN (0x2)
                0x00000200                PROVIDE (__data_start, .)
 *(.data .data.* .gnu.linkonce.d.*)
 .data.interval
                0x00000200        0x4 ./register_control.o
                0x00000200                interval
                0x00000204                . = ALIGN (0x2)
                0x00000204                _edata = .
                0x0000c1da                PROVIDE (__data_load_start, LOADADDR (.data))
                0x00000004                PROVIDE (__data_size, SIZEOF (.data))

.bss            0x00000204       0x16 load address 0x0000c1de
                0x00000204                PROVIDE (__bss_start, .)
 *(.bss .bss.*)
 .bss.previousMillis
                0x00000204        0x4 ./register_control.o
                0x00000204                previousMillis
 .bss.vlo_freq  0x00000208        0x2 C:/Users/NUC/workspace_v7/msp430_MSP-EXP430G2553LP_core/Debug\libmsp430_MSP-EXP430G2553LP_core.a(wiring.o)
                0x00000208                vlo_freq
 .bss.sleeping  0x0000020a        0x1 C:/Users/NUC/workspace_v7/msp430_MSP-EXP430G2553LP_core/Debug\libmsp430_MSP-EXP430G2553LP_core.a(wiring.o)
                0x0000020a                sleeping
 *fill*         0x0000020b        0x1 00
 .bss.wdt_fract
                0x0000020c        0x2 C:/Users/NUC/workspace_v7/msp430_MSP-EXP430G2553LP_core/Debug\libmsp430_MSP-EXP430G2553LP_core.a(wiring.o)
                0x0000020c                wdt_fract
 .bss.wdt_millis
                0x0000020e        0x4 C:/Users/NUC/workspace_v7/msp430_MSP-EXP430G2553LP_core/Debug\libmsp430_MSP-EXP430G2553LP_core.a(wiring.o)
                0x0000020e                wdt_millis
 .bss.wdt_overflow_count
                0x00000212        0x4 C:/Users/NUC/workspace_v7/msp430_MSP-EXP430G2553LP_core/Debug\libmsp430_MSP-EXP430G2553LP_core.a(wiring.o)
                0x00000212                wdt_overflow_count
 *(COMMON)
 COMMON         0x00000216        0x4 C:/Users/NUC/workspace_v7/msp430_MSP-EXP430G2553LP_core/Debug\libmsp430_MSP-EXP430G2553LP_core.a(wiring.o)
                0x00000216                SMILLIS_INC
                0x00000218                SFRACT_INC
                0x0000021a                . = ALIGN (0x2)
                0x0000021a                PROVIDE (__bss_end, .)
                0x00000016                PROVIDE (__bss_size, SIZEOF (.bss))

.noinit         0x0000021a        0x2 load address 0x0000c1de
                0x0000021a                PROVIDE (__noinit_start, .)
 *(.noinit .noinit.*)
 .noinit.crt0   0x0000021a        0x2 c:/users/nuc/desktop/ti_msp430/energia-1.6.10e18-windows/energia-1.6.10e18/hardware/tools/msp430/bin/../lib/gcc/msp430/4.6.3\libcrt0.a(__watchdog_support.o)
                0x0000021a                __wdt_clear_value
                0x0000021c                . = ALIGN (0x2)
                0x0000021c                PROVIDE (__noinit_end, .)
                0x0000021c                . = ALIGN (0x2)
                0x0000021c                _end = .

.infomem        0x00001000        0x0
 *(.infomem)
                0x00001000                . = ALIGN (0x2)
 *(.infomem.*)

.infomemnobits  0x00001000        0x0
 *(.infomemnobits)
                0x00001000                . = ALIGN (0x2)
 *(.infomemnobits.*)

.infoa
 *(.infoa .infoa.*)

.infob
 *(.infob .infob.*)

.infoc
 *(.infoc .infoc.*)

.infod
 *(.infod .infod.*)

.vectors        0x0000ffe0       0x20
                0x0000ffe0                PROVIDE (__vectors_start, .)
 *(.vectors*)
 .vectors       0x0000ffe0       0x20 c:/users/nuc/desktop/ti_msp430/energia-1.6.10e18-windows/energia-1.6.10e18/hardware/tools/msp430/bin/../lib/gcc/msp430/4.6.3/crt0ivtbl16.o
                0x0000ffe0                __ivtbl_16
                0x00010000                _vectors_end = .

.fartext        0x00000000        0x0
                0x00000000                . = ALIGN (0x2)
 *(.fartext)
                0x00000000                . = ALIGN (0x2)
 *(.fartext.*)
                0x00000000                _efartext = .

.profiler
 *(.profiler)

.stab
 *(.stab)

.stabstr
 *(.stabstr)

.stab.excl
 *(.stab.excl)

.stab.exclstr
 *(.stab.exclstr)

.stab.index
 *(.stab.index)

.stab.indexstr
 *(.stab.indexstr)

.comment
 *(.comment)

.debug
 *(.debug)

.line
 *(.line)

.debug_srcinfo
 *(.debug_srcinfo)

.debug_sfnames
 *(.debug_sfnames)

.debug_aranges  0x00000000      0x118
 *(.debug_aranges)
 .debug_aranges
                0x00000000       0x1c ./register_control.o
 .debug_aranges
                0x0000001c       0x48 C:/Users/NUC/workspace_v7/msp430_MSP-EXP430G2553LP_core/Debug\libmsp430_MSP-EXP430G2553LP_core.a(wiring.o)
 .debug_aranges
                0x00000064       0x14 C:/Users/NUC/workspace_v7/msp430_MSP-EXP430G2553LP_core/Debug\libmsp430_MSP-EXP430G2553LP_core.a(main.o)
 .debug_aranges
                0x00000078       0x14 c:/users/nuc/desktop/ti_msp430/energia-1.6.10e18-windows/energia-1.6.10e18/hardware/tools/msp430/bin/../lib/gcc/msp430/4.6.3\libgcc.a(_udivmod16.o)
 .debug_aranges
                0x0000008c       0x14 c:/users/nuc/desktop/ti_msp430/energia-1.6.10e18-windows/energia-1.6.10e18/hardware/tools/msp430/bin/../lib/gcc/msp430/4.6.3\libgcc.a(_udivmod32.o)
 .debug_aranges
                0x000000a0       0x14 c:/users/nuc/desktop/ti_msp430/energia-1.6.10e18-windows/energia-1.6.10e18/hardware/tools/msp430/bin/../lib/gcc/msp430/4.6.3\libcrt0.a(__watchdog_support.o)
 .debug_aranges
                0x000000b4       0x14 c:/users/nuc/desktop/ti_msp430/energia-1.6.10e18-windows/energia-1.6.10e18/hardware/tools/msp430/bin/../lib/gcc/msp430/4.6.3\libcrt0.a(__init_stack.o)
 .debug_aranges
                0x000000c8       0x14 c:/users/nuc/desktop/ti_msp430/energia-1.6.10e18-windows/energia-1.6.10e18/hardware/tools/msp430/bin/../lib/gcc/msp430/4.6.3\libcrt0.a(_copy_data.o)
 .debug_aranges
                0x000000dc       0x14 c:/users/nuc/desktop/ti_msp430/energia-1.6.10e18-windows/energia-1.6.10e18/hardware/tools/msp430/bin/../lib/gcc/msp430/4.6.3\libcrt0.a(_clear_bss.o)
 .debug_aranges
                0x000000f0       0x14 c:/users/nuc/desktop/ti_msp430/energia-1.6.10e18-windows/energia-1.6.10e18/hardware/tools/msp430/bin/../lib/gcc/msp430/4.6.3\libcrt0.a(_endless_loop__.o)
 .debug_aranges
                0x00000104       0x14 c:/users/nuc/desktop/ti_msp430/energia-1.6.10e18-windows/energia-1.6.10e18/hardware/tools/msp430/bin/../lib/gcc/msp430/4.6.3\libcrt0.a(_unexpected_.o)

.debug_pubnames
 *(.debug_pubnames)

.debug_info     0x00000000     0x10b7
 *(.debug_info)
 .debug_info    0x00000000      0x306 ./register_control.o
 .debug_info    0x00000306      0x768 C:/Users/NUC/workspace_v7/msp430_MSP-EXP430G2553LP_core/Debug\libmsp430_MSP-EXP430G2553LP_core.a(wiring.o)
 .debug_info    0x00000a6e      0x277 C:/Users/NUC/workspace_v7/msp430_MSP-EXP430G2553LP_core/Debug\libmsp430_MSP-EXP430G2553LP_core.a(main.o)
 .debug_info    0x00000ce5       0x8d c:/users/nuc/desktop/ti_msp430/energia-1.6.10e18-windows/energia-1.6.10e18/hardware/tools/msp430/bin/../lib/gcc/msp430/4.6.3\libgcc.a(_udivmod16.o)
 .debug_info    0x00000d72       0x8d c:/users/nuc/desktop/ti_msp430/energia-1.6.10e18-windows/energia-1.6.10e18/hardware/tools/msp430/bin/../lib/gcc/msp430/4.6.3\libgcc.a(_udivmod32.o)
 .debug_info    0x00000dff       0x74 c:/users/nuc/desktop/ti_msp430/energia-1.6.10e18-windows/energia-1.6.10e18/hardware/tools/msp430/bin/../lib/gcc/msp430/4.6.3\libcrt0.a(__watchdog_support.o)
 .debug_info    0x00000e73       0x74 c:/users/nuc/desktop/ti_msp430/energia-1.6.10e18-windows/energia-1.6.10e18/hardware/tools/msp430/bin/../lib/gcc/msp430/4.6.3\libcrt0.a(__init_stack.o)
 .debug_info    0x00000ee7       0x74 c:/users/nuc/desktop/ti_msp430/energia-1.6.10e18-windows/energia-1.6.10e18/hardware/tools/msp430/bin/../lib/gcc/msp430/4.6.3\libcrt0.a(_copy_data.o)
 .debug_info    0x00000f5b       0x74 c:/users/nuc/desktop/ti_msp430/energia-1.6.10e18-windows/energia-1.6.10e18/hardware/tools/msp430/bin/../lib/gcc/msp430/4.6.3\libcrt0.a(_clear_bss.o)
 .debug_info    0x00000fcf       0x74 c:/users/nuc/desktop/ti_msp430/energia-1.6.10e18-windows/energia-1.6.10e18/hardware/tools/msp430/bin/../lib/gcc/msp430/4.6.3\libcrt0.a(_endless_loop__.o)
 .debug_info    0x00001043       0x74 c:/users/nuc/desktop/ti_msp430/energia-1.6.10e18-windows/energia-1.6.10e18/hardware/tools/msp430/bin/../lib/gcc/msp430/4.6.3\libcrt0.a(_unexpected_.o)
 *(.gnu.linkonce.wi.*)

.debug_abbrev   0x00000000      0x4d2
 *(.debug_abbrev)
 .debug_abbrev  0x00000000      0x113 ./register_control.o
 .debug_abbrev  0x00000113      0x28e C:/Users/NUC/workspace_v7/msp430_MSP-EXP430G2553LP_core/Debug\libmsp430_MSP-EXP430G2553LP_core.a(wiring.o)
 .debug_abbrev  0x000003a1       0x91 C:/Users/NUC/workspace_v7/msp430_MSP-EXP430G2553LP_core/Debug\libmsp430_MSP-EXP430G2553LP_core.a(main.o)
 .debug_abbrev  0x00000432       0x14 c:/users/nuc/desktop/ti_msp430/energia-1.6.10e18-windows/energia-1.6.10e18/hardware/tools/msp430/bin/../lib/gcc/msp430/4.6.3\libgcc.a(_udivmod16.o)
 .debug_abbrev  0x00000446       0x14 c:/users/nuc/desktop/ti_msp430/energia-1.6.10e18-windows/energia-1.6.10e18/hardware/tools/msp430/bin/../lib/gcc/msp430/4.6.3\libgcc.a(_udivmod32.o)
 .debug_abbrev  0x0000045a       0x14 c:/users/nuc/desktop/ti_msp430/energia-1.6.10e18-windows/energia-1.6.10e18/hardware/tools/msp430/bin/../lib/gcc/msp430/4.6.3\libcrt0.a(__watchdog_support.o)
 .debug_abbrev  0x0000046e       0x14 c:/users/nuc/desktop/ti_msp430/energia-1.6.10e18-windows/energia-1.6.10e18/hardware/tools/msp430/bin/../lib/gcc/msp430/4.6.3\libcrt0.a(__init_stack.o)
 .debug_abbrev  0x00000482       0x14 c:/users/nuc/desktop/ti_msp430/energia-1.6.10e18-windows/energia-1.6.10e18/hardware/tools/msp430/bin/../lib/gcc/msp430/4.6.3\libcrt0.a(_copy_data.o)
 .debug_abbrev  0x00000496       0x14 c:/users/nuc/desktop/ti_msp430/energia-1.6.10e18-windows/energia-1.6.10e18/hardware/tools/msp430/bin/../lib/gcc/msp430/4.6.3\libcrt0.a(_clear_bss.o)
 .debug_abbrev  0x000004aa       0x14 c:/users/nuc/desktop/ti_msp430/energia-1.6.10e18-windows/energia-1.6.10e18/hardware/tools/msp430/bin/../lib/gcc/msp430/4.6.3\libcrt0.a(_endless_loop__.o)
 .debug_abbrev  0x000004be       0x14 c:/users/nuc/desktop/ti_msp430/energia-1.6.10e18-windows/energia-1.6.10e18/hardware/tools/msp430/bin/../lib/gcc/msp430/4.6.3\libcrt0.a(_unexpected_.o)

.debug_line     0x00000000      0xa95
 *(.debug_line)
 .debug_line    0x00000000      0x1d6 ./register_control.o
 .debug_line    0x000001d6      0x3b5 C:/Users/NUC/workspace_v7/msp430_MSP-EXP430G2553LP_core/Debug\libmsp430_MSP-EXP430G2553LP_core.a(wiring.o)
 .debug_line    0x0000058b      0x1e2 C:/Users/NUC/workspace_v7/msp430_MSP-EXP430G2553LP_core/Debug\libmsp430_MSP-EXP430G2553LP_core.a(main.o)
 .debug_line    0x0000076d       0x77 c:/users/nuc/desktop/ti_msp430/energia-1.6.10e18-windows/energia-1.6.10e18/hardware/tools/msp430/bin/../lib/gcc/msp430/4.6.3\libgcc.a(_udivmod16.o)
 .debug_line    0x000007e4       0x86 c:/users/nuc/desktop/ti_msp430/energia-1.6.10e18-windows/energia-1.6.10e18/hardware/tools/msp430/bin/../lib/gcc/msp430/4.6.3\libgcc.a(_udivmod32.o)
 .debug_line    0x0000086a       0x5c c:/users/nuc/desktop/ti_msp430/energia-1.6.10e18-windows/energia-1.6.10e18/hardware/tools/msp430/bin/../lib/gcc/msp430/4.6.3\libcrt0.a(__watchdog_support.o)
 .debug_line    0x000008c6       0x5a c:/users/nuc/desktop/ti_msp430/energia-1.6.10e18-windows/energia-1.6.10e18/hardware/tools/msp430/bin/../lib/gcc/msp430/4.6.3\libcrt0.a(__init_stack.o)
 .debug_line    0x00000920       0x60 c:/users/nuc/desktop/ti_msp430/energia-1.6.10e18-windows/energia-1.6.10e18/hardware/tools/msp430/bin/../lib/gcc/msp430/4.6.3\libcrt0.a(_copy_data.o)
 .debug_line    0x00000980       0x60 c:/users/nuc/desktop/ti_msp430/energia-1.6.10e18-windows/energia-1.6.10e18/hardware/tools/msp430/bin/../lib/gcc/msp430/4.6.3\libcrt0.a(_clear_bss.o)
 .debug_line    0x000009e0       0x5b c:/users/nuc/desktop/ti_msp430/energia-1.6.10e18-windows/energia-1.6.10e18/hardware/tools/msp430/bin/../lib/gcc/msp430/4.6.3\libcrt0.a(_endless_loop__.o)
 .debug_line    0x00000a3b       0x5a c:/users/nuc/desktop/ti_msp430/energia-1.6.10e18-windows/energia-1.6.10e18/hardware/tools/msp430/bin/../lib/gcc/msp430/4.6.3\libcrt0.a(_unexpected_.o)

.debug_frame    0x00000000      0x1a0
 *(.debug_frame)
 .debug_frame   0x00000000       0x36 ./register_control.o
 .debug_frame   0x00000036      0x14c C:/Users/NUC/workspace_v7/msp430_MSP-EXP430G2553LP_core/Debug\libmsp430_MSP-EXP430G2553LP_core.a(wiring.o)
 .debug_frame   0x00000182       0x1e C:/Users/NUC/workspace_v7/msp430_MSP-EXP430G2553LP_core/Debug\libmsp430_MSP-EXP430G2553LP_core.a(main.o)

.debug_str      0x00000000      0x4fd
 *(.debug_str)
 .debug_str     0x00000000      0x1f6 ./register_control.o
                                0x23b (size before relaxing)
 .debug_str     0x000001f6      0x24b C:/Users/NUC/workspace_v7/msp430_MSP-EXP430G2553LP_core/Debug\libmsp430_MSP-EXP430G2553LP_core.a(wiring.o)
                                0x3fc (size before relaxing)
 .debug_str     0x00000441       0xbc C:/Users/NUC/workspace_v7/msp430_MSP-EXP430G2553LP_core/Debug\libmsp430_MSP-EXP430G2553LP_core.a(main.o)
                                0x259 (size before relaxing)

.debug_loc      0x00000000      0x1aa
 *(.debug_loc)
 .debug_loc     0x00000000      0x1aa C:/Users/NUC/workspace_v7/msp430_MSP-EXP430G2553LP_core/Debug\libmsp430_MSP-EXP430G2553LP_core.a(wiring.o)

.debug_macinfo
 *(.debug_macinfo)

.debug_pubtypes
 *(.debug_pubtypes)

.debug_ranges   0x00000000       0x6c
 *(.debug_ranges)
 .debug_ranges  0x00000000       0x10 ./register_control.o
 .debug_ranges  0x00000010       0x54 C:/Users/NUC/workspace_v7/msp430_MSP-EXP430G2553LP_core/Debug\libmsp430_MSP-EXP430G2553LP_core.a(wiring.o)
 .debug_ranges  0x00000064        0x8 C:/Users/NUC/workspace_v7/msp430_MSP-EXP430G2553LP_core/Debug\libmsp430_MSP-EXP430G2553LP_core.a(main.o)
                0x00000400                PROVIDE (__stack, (ORIGIN (ram) + 0x200))
                0x0000c1da                PROVIDE (__data_start_rom, _etext)
                0x0000c1de                PROVIDE (__data_end_rom, (_etext + SIZEOF (.data)))
OUTPUT(register_control.out elf32-msp430)
