******************************************************************************
                  MSP430 Linker PC v16.9.6                     
******************************************************************************
>> Linked Sat Oct 08 20:30:51 2022

OUTPUT FILE NAME:   <Robot_arm.out>
ENTRY POINT SYMBOL: "_c_int00_noargs_noexit"  address: 0000d342


MEMORY CONFIGURATION

         name            origin    length      used     unused   attr    fill
----------------------  --------  ---------  --------  --------  ----  --------
  SFR                   00000000   00000010  00000000  00000010  RWIX
  PERIPHERALS_8BIT      00000010   000000f0  00000000  000000f0  RWIX
  PERIPHERALS_16BIT     00000100   00000100  00000000  00000100  RWIX
  RAM                   00000200   00000200  00000068  00000198  RWIX
  INFOD                 00001000   00000040  00000000  00000040  RWIX
  INFOC                 00001040   00000040  00000000  00000040  RWIX
  INFOB                 00001080   00000040  00000000  00000040  RWIX
  INFOA                 000010c0   00000040  00000000  00000040  RWIX
  FLASH                 0000c000   00003fde  000013fc  00002be2  RWIX
  BSLSIGNATURE          0000ffde   00000002  00000002  00000000  RWIX  ffff 
  INT00                 0000ffe0   00000002  00000002  00000000  RWIX
  INT01                 0000ffe2   00000002  00000000  00000002  RWIX
  INT02                 0000ffe4   00000002  00000002  00000000  RWIX
  INT03                 0000ffe6   00000002  00000002  00000000  RWIX
  INT04                 0000ffe8   00000002  00000000  00000002  RWIX
  INT05                 0000ffea   00000002  00000002  00000000  RWIX
  INT06                 0000ffec   00000002  00000002  00000000  RWIX
  INT07                 0000ffee   00000002  00000002  00000000  RWIX
  INT08                 0000fff0   00000002  00000002  00000000  RWIX
  INT09                 0000fff2   00000002  00000002  00000000  RWIX
  INT10                 0000fff4   00000002  00000002  00000000  RWIX
  INT11                 0000fff6   00000002  00000002  00000000  RWIX
  INT12                 0000fff8   00000002  00000002  00000000  RWIX
  INT13                 0000fffa   00000002  00000002  00000000  RWIX
  INT14                 0000fffc   00000002  00000002  00000000  RWIX
  RESET                 0000fffe   00000002  00000002  00000000  RWIX


SECTION ALLOCATION MAP

 output                                  attributes/
section   page    origin      length       input sections
--------  ----  ----------  ----------   ----------------
.bss       0    00000200    00000018     UNINITIALIZED
                  00000200    00000010     (.common:adc)
                  00000210    00000002     (.common:centerpwm)
                  00000212    00000002     (.common:clamppwm)
                  00000214    00000002     (.common:leftpwm)
                  00000216    00000002     (.common:rightpwm)

.stack     0    000003b0    00000050     UNINITIALIZED
                  000003b0    00000002     rts430_eabi.lib : boot.obj (.stack)
                  000003b2    0000004e     --HOLE--

.text      0    0000c000    000013f2     
                  0000c000    000002e8     rts430_eabi.lib : addd.obj (.text:__mspabi_addd)
                  0000c2e8    00000286                     : frcmpyd.obj (.text:__TI_frcmpyd)
                  0000c56e    0000026e                     : mpyd.obj (.text:__mspabi_mpyd)
                  0000c7dc    00000260                     : frcaddd.obj (.text:__TI_frcaddd)
                  0000ca3c    0000020e     main.obj (.text:main)
                  0000cc4a    000001d0     rts430_eabi.lib : s_floor.obj (.text:floor)
                  0000ce1a    000000dc                     : cmpd.obj (.text:__mspabi_cmpd)
                  0000cef6    000000be                     : renormd.obj (.text:__TI_renormd)
                  0000cfb4    0000008a                     : fltuld.obj (.text:__mspabi_fltuld)
                  0000d03e    00000072                     : fixdli.obj (.text:__mspabi_fixdli)
                  0000d0b0    0000006e                     : autoinit.obj (.text:_auto_init)
                  0000d11e    0000005c                     : lsr32.obj (.text:l_lsr_const)
                  0000d17a    0000005a                     : cpy_tbl.obj (.text:copy_in)
                  0000d1d4    0000004c                     : lsr16.obj (.text)
                  0000d220    0000003e                     : asr32.obj (.text:l_asr_const)
                  0000d25e    0000003e                     : lsl32.obj (.text:l_lsl_const)
                  0000d29c    0000002c                     : asr16.obj (.text)
                  0000d2c8    0000002c                     : lsl16.obj (.text)
                  0000d2f4    00000028                     : fixdi.obj (.text:__mspabi_fixdi)
                  0000d31c    00000026                     : mult32.obj (.text)
                  0000d342    0000001a                     : boot_special.obj (.text:_c_int00_noargs_noexit)
                  0000d35c    00000014                     : copy_zero_init.obj (.text:decompress:ZI:__TI_zero_init)
                  0000d370    00000014                     : mult16.obj (.text)
                  0000d384    00000012                     : lsr32.obj (.text:l_lsr)
                  0000d396    00000012                     : memcpy.obj (.text:memcpy)
                  0000d3a8    00000010                     : asr32.obj (.text:l_asr)
                  0000d3b8    00000010                     : lsl32.obj (.text:l_lsl)
                  0000d3c8    00000010                     : epilog.obj (.text)
                  0000d3d8    00000008                     : isr_trap.obj (.text:_isr:__TI_ISR_TRAP)
                  0000d3e0    00000006                     : fltud.obj (.text:__mspabi_fltud)
                  0000d3e6    00000006                     : exit.obj (.text:abort)
                  0000d3ec    00000004                     : pre_init.obj (.text:_system_pre_init)
                  0000d3f0    00000002                     : startup.obj (.text:_system_post_cinit)

.cinit     0    0000d3f2    0000000a     
                  0000d3f2    00000004     (.cinit..bss.load) [load image, compression = zero_init]
                  0000d3f6    00000002     (__TI_handler_table)
                  0000d3f8    00000004     (__TI_cinit_table)

.binit     0    0000c000    00000000     

.init_array 
*          0    0000c000    00000000     UNINITIALIZED

TRAPINT    0    0000ffe0    00000002     
                  0000ffe0    00000002     rts430_eabi.lib : int00.obj (.int00)

$fill000   0    0000ffde    00000002     
                  0000ffde    00000002     --HOLE-- [fill = ffff]

PORT1      0    0000ffe4    00000002     
                  0000ffe4    00000002     rts430_eabi.lib : int02.obj (.int02)

PORT2      0    0000ffe6    00000002     
                  0000ffe6    00000002     rts430_eabi.lib : int03.obj (.int03)

ADC10      0    0000ffea    00000002     
                  0000ffea    00000002     rts430_eabi.lib : int05.obj (.int05)

USCIAB0TX 
*          0    0000ffec    00000002     
                  0000ffec    00000002     rts430_eabi.lib : int06.obj (.int06)

USCIAB0RX 
*          0    0000ffee    00000002     
                  0000ffee    00000002     rts430_eabi.lib : int07.obj (.int07)

TIMER0_A1 
*          0    0000fff0    00000002     
                  0000fff0    00000002     rts430_eabi.lib : int08.obj (.int08)

TIMER0_A0 
*          0    0000fff2    00000002     
                  0000fff2    00000002     rts430_eabi.lib : int09.obj (.int09)

WDT        0    0000fff4    00000002     
                  0000fff4    00000002     rts430_eabi.lib : int10.obj (.int10)

COMPARATORA 
*          0    0000fff6    00000002     
                  0000fff6    00000002     rts430_eabi.lib : int11.obj (.int11)

TIMER1_A1 
*          0    0000fff8    00000002     
                  0000fff8    00000002     rts430_eabi.lib : int12.obj (.int12)

TIMER1_A0 
*          0    0000fffa    00000002     
                  0000fffa    00000002     rts430_eabi.lib : int13.obj (.int13)

NMI        0    0000fffc    00000002     
                  0000fffc    00000002     rts430_eabi.lib : int14.obj (.int14)

.reset     0    0000fffe    00000002     
                  0000fffe    00000002     rts430_eabi.lib : boot.obj (.reset)

MODULE SUMMARY

       Module               code   ro data   rw data
       ------               ----   -------   -------
    .\
       main.obj             526    0         24     
    +--+--------------------+------+---------+---------+
       Total:               526    0         24     
                                                    
    C:\ti\ccs740\ccsv7\tools\compiler\ti-cgt-msp430_16.9.6.LTS\lib\rts430_eabi.lib
       addd.obj             744    0         0      
       frcmpyd.obj          646    0         0      
       mpyd.obj             622    0         0      
       frcaddd.obj          608    0         0      
       s_floor.obj          464    0         0      
       cmpd.obj             220    0         0      
       renormd.obj          190    0         0      
       fltuld.obj           138    0         0      
       fixdli.obj           114    0         0      
       autoinit.obj         110    0         0      
       lsr32.obj            110    0         0      
       cpy_tbl.obj          90     0         0      
       asr32.obj            78     0         0      
       lsl32.obj            78     0         0      
       lsr16.obj            76     0         0      
       asr16.obj            44     0         0      
       lsl16.obj            44     0         0      
       fixdi.obj            40     0         0      
       mult32.obj           38     0         0      
       boot_special.obj     26     0         0      
       copy_zero_init.obj   20     0         0      
       mult16.obj           20     0         0      
       memcpy.obj           18     0         0      
       epilog.obj           16     0         0      
       isr_trap.obj         8      0         0      
       exit.obj             6      0         0      
       fltud.obj            6      0         0      
       pre_init.obj         4      0         0      
       boot.obj             0      2         0      
       int00.obj            0      2         0      
       int02.obj            0      2         0      
       int03.obj            0      2         0      
       int05.obj            0      2         0      
       int06.obj            0      2         0      
       int07.obj            0      2         0      
       int08.obj            0      2         0      
       int09.obj            0      2         0      
       int10.obj            0      2         0      
       int11.obj            0      2         0      
       int12.obj            0      2         0      
       int13.obj            0      2         0      
       int14.obj            0      2         0      
       startup.obj          2      0         0      
    +--+--------------------+------+---------+---------+
       Total:               4580   28        0      
                                                    
       Stack:               0      0         80     
       Linker Generated:    0      10        0      
    +--+--------------------+------+---------+---------+
       Grand Total:         5106   38        104    


LINKER GENERATED COPY TABLES

__TI_cinit_table @ 0000d3f8 records: 1, size/record: 4, table size: 4
	.bss: load addr=0000d3f2, load size=00000004 bytes, run addr=00000200, run size=00000018 bytes, compression=zero_init


LINKER GENERATED HANDLER TABLE

__TI_handler_table @ 0000d3f6 records: 1, size/record: 2, table size: 2
	index: 0, handler: __TI_zero_init


GLOBAL SYMBOLS: SORTED ALPHABETICALLY BY Name 

address   name                    
-------   ----                    
0000004a  ADC10AE0                
000001b0  ADC10CTL0               
000001b2  ADC10CTL1               
00000048  ADC10DTC0               
00000049  ADC10DTC1               
000001b4  ADC10MEM                
000001bc  ADC10SA                 
00000057  BCSCTL1                 
00000058  BCSCTL2                 
00000053  BCSCTL3                 
0000d3e6  C$$EXIT                 
00000059  CACTL1                  
0000005a  CACTL2                  
000010fb  CALBC1_12MHZ            
000010f9  CALBC1_16MHZ            
000010ff  CALBC1_1MHZ             
000010fd  CALBC1_8MHZ             
000010fa  CALDCO_12MHZ            
000010f8  CALDCO_16MHZ            
000010fe  CALDCO_1MHZ             
000010fc  CALDCO_8MHZ             
0000005b  CAPD                    
00000056  DCOCTL                  
00000128  FCTL1                   
0000012a  FCTL2                   
0000012c  FCTL3                   
00000000  IE1                     
00000001  IE2                     
00000002  IFG1                    
00000003  IFG2                    
00000022  P1DIR                   
00000025  P1IE                    
00000024  P1IES                   
00000023  P1IFG                   
00000020  P1IN                    
00000021  P1OUT                   
00000027  P1REN                   
00000026  P1SEL                   
00000041  P1SEL2                  
0000002a  P2DIR                   
0000002d  P2IE                    
0000002c  P2IES                   
0000002b  P2IFG                   
00000028  P2IN                    
00000029  P2OUT                   
0000002f  P2REN                   
0000002e  P2SEL                   
00000042  P2SEL2                  
0000001a  P3DIR                   
00000018  P3IN                    
00000019  P3OUT                   
00000010  P3REN                   
0000001b  P3SEL                   
00000043  P3SEL2                  
00000172  TA0CCR0                 
00000174  TA0CCR1                 
00000176  TA0CCR2                 
00000162  TA0CCTL0                
00000164  TA0CCTL1                
00000166  TA0CCTL2                
00000160  TA0CTL                  
0000012e  TA0IV                   
00000170  TA0R                    
00000192  TA1CCR0                 
00000194  TA1CCR1                 
00000196  TA1CCR2                 
00000182  TA1CCTL0                
00000184  TA1CCTL1                
00000186  TA1CCTL2                
00000180  TA1CTL                  
0000011e  TA1IV                   
00000190  TA1R                    
000010db  TLV_ADC10_1_LEN         
000010da  TLV_ADC10_1_TAG         
000010c0  TLV_CHECKSUM            
000010f7  TLV_DCO_30_LEN          
000010f6  TLV_DCO_30_TAG          
0000005d  UCA0ABCTL               
00000062  UCA0BR0                 
00000063  UCA0BR1                 
00000060  UCA0CTL0                
00000061  UCA0CTL1                
0000005f  UCA0IRRCTL              
0000005e  UCA0IRTCTL              
00000064  UCA0MCTL                
00000066  UCA0RXBUF               
00000065  UCA0STAT                
00000067  UCA0TXBUF               
0000006a  UCB0BR0                 
0000006b  UCB0BR1                 
00000068  UCB0CTL0                
00000069  UCB0CTL1                
0000006c  UCB0I2CIE               
00000118  UCB0I2COA               
0000011a  UCB0I2CSA               
0000006e  UCB0RXBUF               
0000006d  UCB0STAT                
0000006f  UCB0TXBUF               
00000120  WDTCTL                  
00000400  __STACK_END             
00000050  __STACK_SIZE            
UNDEFED   __TI_BINIT_Base         
UNDEFED   __TI_BINIT_Limit        
0000d3f8  __TI_CINIT_Base         
0000d3fc  __TI_CINIT_Limit        
0000d3f6  __TI_Handler_Table_Base 
0000d3f8  __TI_Handler_Table_Limit
UNDEFED   __TI_INITARRAY_Base     
UNDEFED   __TI_INITARRAY_Limit    
0000d3d8  __TI_ISR_TRAP           
0000c7dc  __TI_frcaddd            
0000c2e8  __TI_frcmpyd            
0000ffe0  __TI_int00              
0000ffe4  __TI_int02              
0000ffe6  __TI_int03              
0000ffea  __TI_int05              
0000ffec  __TI_int06              
0000ffee  __TI_int07              
0000fff0  __TI_int08              
0000fff2  __TI_int09              
0000fff4  __TI_int10              
0000fff6  __TI_int11              
0000fff8  __TI_int12              
0000fffa  __TI_int13              
0000fffc  __TI_int14              
ffffffff  __TI_pprof_out_hndl     
ffffffff  __TI_prof_data_size     
ffffffff  __TI_prof_data_start    
0000cef6  __TI_renormd            
0000d35c  __TI_zero_init          
ffffffff  __c_args__              
0000c000  __mspabi_addd           
0000ce1a  __mspabi_cmpd           
0000d2f4  __mspabi_fixdi          
0000d03e  __mspabi_fixdli         
0000d3e0  __mspabi_fltud          
0000cfb4  __mspabi_fltuld         
0000d3d4  __mspabi_func_epilog_1  
0000d3d2  __mspabi_func_epilog_2  
0000d3d0  __mspabi_func_epilog_3  
0000d3ce  __mspabi_func_epilog_4  
0000d3cc  __mspabi_func_epilog_5  
0000d3ca  __mspabi_func_epilog_6  
0000d3c8  __mspabi_func_epilog_7  
0000c56e  __mspabi_mpyd           
0000d370  __mspabi_mpyi           
0000d370  __mspabi_mpyi_sw        
0000d31c  __mspabi_mpyl           
0000d31c  __mspabi_mpyl_sw        
0000d2c8  __mspabi_slli           
0000d2f0  __mspabi_slli_1         
0000d2de  __mspabi_slli_10        
0000d2dc  __mspabi_slli_11        
0000d2da  __mspabi_slli_12        
0000d2d8  __mspabi_slli_13        
0000d2d6  __mspabi_slli_14        
0000d2d4  __mspabi_slli_15        
0000d2ee  __mspabi_slli_2         
0000d2ec  __mspabi_slli_3         
0000d2ea  __mspabi_slli_4         
0000d2e8  __mspabi_slli_5         
0000d2e6  __mspabi_slli_6         
0000d2e4  __mspabi_slli_7         
0000d2e2  __mspabi_slli_8         
0000d2e0  __mspabi_slli_9         
0000d3b8  __mspabi_slll           
0000d296  __mspabi_slll_1         
0000d272  __mspabi_slll_10        
0000d26e  __mspabi_slll_11        
0000d26a  __mspabi_slll_12        
0000d266  __mspabi_slll_13        
0000d262  __mspabi_slll_14        
0000d25e  __mspabi_slll_15        
0000d292  __mspabi_slll_2         
0000d28e  __mspabi_slll_3         
0000d28a  __mspabi_slll_4         
0000d286  __mspabi_slll_5         
0000d282  __mspabi_slll_6         
0000d27e  __mspabi_slll_7         
0000d27a  __mspabi_slll_8         
0000d276  __mspabi_slll_9         
0000d29c  __mspabi_srai           
0000d2c4  __mspabi_srai_1         
0000d2b2  __mspabi_srai_10        
0000d2b0  __mspabi_srai_11        
0000d2ae  __mspabi_srai_12        
0000d2ac  __mspabi_srai_13        
0000d2aa  __mspabi_srai_14        
0000d2a8  __mspabi_srai_15        
0000d2c2  __mspabi_srai_2         
0000d2c0  __mspabi_srai_3         
0000d2be  __mspabi_srai_4         
0000d2bc  __mspabi_srai_5         
0000d2ba  __mspabi_srai_6         
0000d2b8  __mspabi_srai_7         
0000d2b6  __mspabi_srai_8         
0000d2b4  __mspabi_srai_9         
0000d3a8  __mspabi_sral           
0000d258  __mspabi_sral_1         
0000d234  __mspabi_sral_10        
0000d230  __mspabi_sral_11        
0000d22c  __mspabi_sral_12        
0000d228  __mspabi_sral_13        
0000d224  __mspabi_sral_14        
0000d220  __mspabi_sral_15        
0000d254  __mspabi_sral_2         
0000d250  __mspabi_sral_3         
0000d24c  __mspabi_sral_4         
0000d248  __mspabi_sral_5         
0000d244  __mspabi_sral_6         
0000d240  __mspabi_sral_7         
0000d23c  __mspabi_sral_8         
0000d238  __mspabi_sral_9         
0000d1d4  __mspabi_srli           
0000d21a  __mspabi_srli_1         
0000d1f6  __mspabi_srli_10        
0000d1f2  __mspabi_srli_11        
0000d1ee  __mspabi_srli_12        
0000d1ea  __mspabi_srli_13        
0000d1e6  __mspabi_srli_14        
0000d1e2  __mspabi_srli_15        
0000d216  __mspabi_srli_2         
0000d212  __mspabi_srli_3         
0000d20e  __mspabi_srli_4         
0000d20a  __mspabi_srli_5         
0000d206  __mspabi_srli_6         
0000d202  __mspabi_srli_7         
0000d1fe  __mspabi_srli_8         
0000d1fa  __mspabi_srli_9         
0000d384  __mspabi_srll           
0000d172  __mspabi_srll_1         
0000d13c  __mspabi_srll_10        
0000d136  __mspabi_srll_11        
0000d130  __mspabi_srll_12        
0000d12a  __mspabi_srll_13        
0000d124  __mspabi_srll_14        
0000d11e  __mspabi_srll_15        
0000d16c  __mspabi_srll_2         
0000d166  __mspabi_srll_3         
0000d160  __mspabi_srll_4         
0000d15a  __mspabi_srll_5         
0000d154  __mspabi_srll_6         
0000d14e  __mspabi_srll_7         
0000d148  __mspabi_srll_8         
0000d142  __mspabi_srll_9         
0000d0b0  _auto_init              
0000d342  _c_int00_noargs_noexit  
0000fffe  _reset_vector           
000003b0  _stack                  
0000d3f0  _system_post_cinit      
0000d3ec  _system_pre_init        
0000d3e6  abort                   
00000200  adc                     
00000210  centerpwm               
00000212  clamppwm                
0000d17a  copy_in                 
0000cc4a  floor                   
0000cc4a  floorl                  
00000214  leftpwm                 
0000ca3c  main                    
0000d396  memcpy                  
00000216  rightpwm                


GLOBAL SYMBOLS: SORTED BY Symbol Address 

address   name                    
-------   ----                    
00000000  IE1                     
00000001  IE2                     
00000002  IFG1                    
00000003  IFG2                    
00000010  P3REN                   
00000018  P3IN                    
00000019  P3OUT                   
0000001a  P3DIR                   
0000001b  P3SEL                   
00000020  P1IN                    
00000021  P1OUT                   
00000022  P1DIR                   
00000023  P1IFG                   
00000024  P1IES                   
00000025  P1IE                    
00000026  P1SEL                   
00000027  P1REN                   
00000028  P2IN                    
00000029  P2OUT                   
0000002a  P2DIR                   
0000002b  P2IFG                   
0000002c  P2IES                   
0000002d  P2IE                    
0000002e  P2SEL                   
0000002f  P2REN                   
00000041  P1SEL2                  
00000042  P2SEL2                  
00000043  P3SEL2                  
00000048  ADC10DTC0               
00000049  ADC10DTC1               
0000004a  ADC10AE0                
00000050  __STACK_SIZE            
00000053  BCSCTL3                 
00000056  DCOCTL                  
00000057  BCSCTL1                 
00000058  BCSCTL2                 
00000059  CACTL1                  
0000005a  CACTL2                  
0000005b  CAPD                    
0000005d  UCA0ABCTL               
0000005e  UCA0IRTCTL              
0000005f  UCA0IRRCTL              
00000060  UCA0CTL0                
00000061  UCA0CTL1                
00000062  UCA0BR0                 
00000063  UCA0BR1                 
00000064  UCA0MCTL                
00000065  UCA0STAT                
00000066  UCA0RXBUF               
00000067  UCA0TXBUF               
00000068  UCB0CTL0                
00000069  UCB0CTL1                
0000006a  UCB0BR0                 
0000006b  UCB0BR1                 
0000006c  UCB0I2CIE               
0000006d  UCB0STAT                
0000006e  UCB0RXBUF               
0000006f  UCB0TXBUF               
00000118  UCB0I2COA               
0000011a  UCB0I2CSA               
0000011e  TA1IV                   
00000120  WDTCTL                  
00000128  FCTL1                   
0000012a  FCTL2                   
0000012c  FCTL3                   
0000012e  TA0IV                   
00000160  TA0CTL                  
00000162  TA0CCTL0                
00000164  TA0CCTL1                
00000166  TA0CCTL2                
00000170  TA0R                    
00000172  TA0CCR0                 
00000174  TA0CCR1                 
00000176  TA0CCR2                 
00000180  TA1CTL                  
00000182  TA1CCTL0                
00000184  TA1CCTL1                
00000186  TA1CCTL2                
00000190  TA1R                    
00000192  TA1CCR0                 
00000194  TA1CCR1                 
00000196  TA1CCR2                 
000001b0  ADC10CTL0               
000001b2  ADC10CTL1               
000001b4  ADC10MEM                
000001bc  ADC10SA                 
00000200  adc                     
00000210  centerpwm               
00000212  clamppwm                
00000214  leftpwm                 
00000216  rightpwm                
000003b0  _stack                  
00000400  __STACK_END             
000010c0  TLV_CHECKSUM            
000010da  TLV_ADC10_1_TAG         
000010db  TLV_ADC10_1_LEN         
000010f6  TLV_DCO_30_TAG          
000010f7  TLV_DCO_30_LEN          
000010f8  CALDCO_16MHZ            
000010f9  CALBC1_16MHZ            
000010fa  CALDCO_12MHZ            
000010fb  CALBC1_12MHZ            
000010fc  CALDCO_8MHZ             
000010fd  CALBC1_8MHZ             
000010fe  CALDCO_1MHZ             
000010ff  CALBC1_1MHZ             
0000c000  __mspabi_addd           
0000c2e8  __TI_frcmpyd            
0000c56e  __mspabi_mpyd           
0000c7dc  __TI_frcaddd            
0000ca3c  main                    
0000cc4a  floor                   
0000cc4a  floorl                  
0000ce1a  __mspabi_cmpd           
0000cef6  __TI_renormd            
0000cfb4  __mspabi_fltuld         
0000d03e  __mspabi_fixdli         
0000d0b0  _auto_init              
0000d11e  __mspabi_srll_15        
0000d124  __mspabi_srll_14        
0000d12a  __mspabi_srll_13        
0000d130  __mspabi_srll_12        
0000d136  __mspabi_srll_11        
0000d13c  __mspabi_srll_10        
0000d142  __mspabi_srll_9         
0000d148  __mspabi_srll_8         
0000d14e  __mspabi_srll_7         
0000d154  __mspabi_srll_6         
0000d15a  __mspabi_srll_5         
0000d160  __mspabi_srll_4         
0000d166  __mspabi_srll_3         
0000d16c  __mspabi_srll_2         
0000d172  __mspabi_srll_1         
0000d17a  copy_in                 
0000d1d4  __mspabi_srli           
0000d1e2  __mspabi_srli_15        
0000d1e6  __mspabi_srli_14        
0000d1ea  __mspabi_srli_13        
0000d1ee  __mspabi_srli_12        
0000d1f2  __mspabi_srli_11        
0000d1f6  __mspabi_srli_10        
0000d1fa  __mspabi_srli_9         
0000d1fe  __mspabi_srli_8         
0000d202  __mspabi_srli_7         
0000d206  __mspabi_srli_6         
0000d20a  __mspabi_srli_5         
0000d20e  __mspabi_srli_4         
0000d212  __mspabi_srli_3         
0000d216  __mspabi_srli_2         
0000d21a  __mspabi_srli_1         
0000d220  __mspabi_sral_15        
0000d224  __mspabi_sral_14        
0000d228  __mspabi_sral_13        
0000d22c  __mspabi_sral_12        
0000d230  __mspabi_sral_11        
0000d234  __mspabi_sral_10        
0000d238  __mspabi_sral_9         
0000d23c  __mspabi_sral_8         
0000d240  __mspabi_sral_7         
0000d244  __mspabi_sral_6         
0000d248  __mspabi_sral_5         
0000d24c  __mspabi_sral_4         
0000d250  __mspabi_sral_3         
0000d254  __mspabi_sral_2         
0000d258  __mspabi_sral_1         
0000d25e  __mspabi_slll_15        
0000d262  __mspabi_slll_14        
0000d266  __mspabi_slll_13        
0000d26a  __mspabi_slll_12        
0000d26e  __mspabi_slll_11        
0000d272  __mspabi_slll_10        
0000d276  __mspabi_slll_9         
0000d27a  __mspabi_slll_8         
0000d27e  __mspabi_slll_7         
0000d282  __mspabi_slll_6         
0000d286  __mspabi_slll_5         
0000d28a  __mspabi_slll_4         
0000d28e  __mspabi_slll_3         
0000d292  __mspabi_slll_2         
0000d296  __mspabi_slll_1         
0000d29c  __mspabi_srai           
0000d2a8  __mspabi_srai_15        
0000d2aa  __mspabi_srai_14        
0000d2ac  __mspabi_srai_13        
0000d2ae  __mspabi_srai_12        
0000d2b0  __mspabi_srai_11        
0000d2b2  __mspabi_srai_10        
0000d2b4  __mspabi_srai_9         
0000d2b6  __mspabi_srai_8         
0000d2b8  __mspabi_srai_7         
0000d2ba  __mspabi_srai_6         
0000d2bc  __mspabi_srai_5         
0000d2be  __mspabi_srai_4         
0000d2c0  __mspabi_srai_3         
0000d2c2  __mspabi_srai_2         
0000d2c4  __mspabi_srai_1         
0000d2c8  __mspabi_slli           
0000d2d4  __mspabi_slli_15        
0000d2d6  __mspabi_slli_14        
0000d2d8  __mspabi_slli_13        
0000d2da  __mspabi_slli_12        
0000d2dc  __mspabi_slli_11        
0000d2de  __mspabi_slli_10        
0000d2e0  __mspabi_slli_9         
0000d2e2  __mspabi_slli_8         
0000d2e4  __mspabi_slli_7         
0000d2e6  __mspabi_slli_6         
0000d2e8  __mspabi_slli_5         
0000d2ea  __mspabi_slli_4         
0000d2ec  __mspabi_slli_3         
0000d2ee  __mspabi_slli_2         
0000d2f0  __mspabi_slli_1         
0000d2f4  __mspabi_fixdi          
0000d31c  __mspabi_mpyl           
0000d31c  __mspabi_mpyl_sw        
0000d342  _c_int00_noargs_noexit  
0000d35c  __TI_zero_init          
0000d370  __mspabi_mpyi           
0000d370  __mspabi_mpyi_sw        
0000d384  __mspabi_srll           
0000d396  memcpy                  
0000d3a8  __mspabi_sral           
0000d3b8  __mspabi_slll           
0000d3c8  __mspabi_func_epilog_7  
0000d3ca  __mspabi_func_epilog_6  
0000d3cc  __mspabi_func_epilog_5  
0000d3ce  __mspabi_func_epilog_4  
0000d3d0  __mspabi_func_epilog_3  
0000d3d2  __mspabi_func_epilog_2  
0000d3d4  __mspabi_func_epilog_1  
0000d3d8  __TI_ISR_TRAP           
0000d3e0  __mspabi_fltud          
0000d3e6  C$$EXIT                 
0000d3e6  abort                   
0000d3ec  _system_pre_init        
0000d3f0  _system_post_cinit      
0000d3f6  __TI_Handler_Table_Base 
0000d3f8  __TI_CINIT_Base         
0000d3f8  __TI_Handler_Table_Limit
0000d3fc  __TI_CINIT_Limit        
0000ffe0  __TI_int00              
0000ffe4  __TI_int02              
0000ffe6  __TI_int03              
0000ffea  __TI_int05              
0000ffec  __TI_int06              
0000ffee  __TI_int07              
0000fff0  __TI_int08              
0000fff2  __TI_int09              
0000fff4  __TI_int10              
0000fff6  __TI_int11              
0000fff8  __TI_int12              
0000fffa  __TI_int13              
0000fffc  __TI_int14              
0000fffe  _reset_vector           
ffffffff  __TI_pprof_out_hndl     
ffffffff  __TI_prof_data_size     
ffffffff  __TI_prof_data_start    
ffffffff  __c_args__              
UNDEFED   __TI_BINIT_Base         
UNDEFED   __TI_BINIT_Limit        
UNDEFED   __TI_INITARRAY_Base     
UNDEFED   __TI_INITARRAY_Limit    

[262 symbols]
