******************************************************************************
                  MSP430 Linker PC v16.9.6                     
******************************************************************************
>> Linked Sat Oct 22 19:27:10 2022

OUTPUT FILE NAME:   <LCD_2_btn_counter.out>
ENTRY POINT SYMBOL: "_c_int00_noargs_noexit"  address: 0000ebc8


MEMORY CONFIGURATION

         name            origin    length      used     unused   attr    fill
----------------------  --------  ---------  --------  --------  ----  --------
  SFR                   00000000   00000010  00000000  00000010  RWIX
  PERIPHERALS_8BIT      00000010   000000f0  00000000  000000f0  RWIX
  PERIPHERALS_16BIT     00000100   00000100  00000000  00000100  RWIX
  RAM                   00000200   00000200  0000005e  000001a2  RWIX
  INFOD                 00001000   00000040  00000000  00000040  RWIX
  INFOC                 00001040   00000040  00000000  00000040  RWIX
  INFOB                 00001080   00000040  00000000  00000040  RWIX
  INFOA                 000010c0   00000040  00000000  00000040  RWIX
  FLASH                 0000c000   00003fde  00002dbe  00001220  RWIX
  BSLSIGNATURE          0000ffde   00000002  00000002  00000000  RWIX  ffff 
  INT00                 0000ffe0   00000002  00000002  00000000  RWIX
  INT01                 0000ffe2   00000002  00000000  00000002  RWIX
  INT02                 0000ffe4   00000002  00000002  00000000  RWIX
  INT03                 0000ffe6   00000002  00000002  00000000  RWIX
  INT04                 0000ffe8   00000002  00000000  00000002  RWIX
  INT05                 0000ffea   00000002  00000002  00000000  RWIX
  INT06                 0000ffec   00000002  00000002  00000000  RWIX
  INT07                 0000ffee   00000002  00000002  00000000  RWIX
  INT08                 0000fff0   00000002  00000002  00000000  RWIX
  INT09                 0000fff2   00000002  00000002  00000000  RWIX
  INT10                 0000fff4   00000002  00000002  00000000  RWIX
  INT11                 0000fff6   00000002  00000002  00000000  RWIX
  INT12                 0000fff8   00000002  00000002  00000000  RWIX
  INT13                 0000fffa   00000002  00000002  00000000  RWIX
  INT14                 0000fffc   00000002  00000002  00000000  RWIX
  RESET                 0000fffe   00000002  00000002  00000000  RWIX


SECTION ALLOCATION MAP

 output                                  attributes/
section   page    origin      length       input sections
--------  ----  ----------  ----------   ----------------
.data      0    00000200    0000000e     UNINITIALIZED
                  00000200    0000000e     main.obj (.data)

.stack     0    000003b0    00000050     UNINITIALIZED
                  000003b0    00000002     rts430_eabi.lib : boot.obj (.stack)
                  000003b2    0000004e     --HOLE--

.text      0    0000c000    00002c94     
                  0000c000    0000038a     lcd.obj (.text:LCD1602_Printf)
                  0000c38a    00000360     rts430_eabi.lib : div64u.obj (.text:__mspabi_divull)
                  0000c6ea    000002e8                     : addd.obj (.text:__mspabi_addd)
                  0000c9d2    00000286                     : frcmpyd.obj (.text:__TI_frcmpyd)
                  0000cc58    0000026e                     : mpyd.obj (.text:__mspabi_mpyd)
                  0000cec6    00000260                     : frcaddd.obj (.text:__TI_frcaddd)
                  0000d126    0000020e     main.obj (.text:main)
                  0000d334    000001ee     lcd.obj (.text:LCD1602_Dato)
                  0000d522    000001e8     lcd.obj (.text:LCD1602_Com)
                  0000d70a    000001c6     lcd.obj (.text:Conf_LCD1602)
                  0000d8d0    00000150     lcd.obj (.text:LCD1602_Busy)
                  0000da20    00000148     rts430_eabi.lib : div64s.obj (.text:__mspabi_divlli)
                  0000db68    0000013e                     : fltllid.obj (.text:__mspabi_fltllid)
                  0000dca6    0000011a     lcd.obj (.text:Conv_Entero)
                  0000ddc0    00000114     rts430_eabi.lib : mult64.obj (.text:__mpyll)
                  0000ded4    000000fa     lcd.obj (.text:Conv_Float)
                  0000dfce    000000ee     lcd.obj (.text:LCD1602_Print)
                  0000e0bc    000000d6     lcd.obj (.text:Conv_HEX)
                  0000e192    000000d6     lcd.obj (.text:Conv_Hex)
                  0000e268    000000ca     lcd.obj (.text:Conv_Oct)
                  0000e332    000000be     rts430_eabi.lib : renormd.obj (.text:__TI_renormd)
                  0000e3f0    0000009e                     : fixdlli.obj (.text:__mspabi_fixdlli)
                  0000e48e    0000008c                     : cvtdf.obj (.text:__mspabi_cvtdf)
                  0000e51a    0000007c                     : copy_decompress_lzss.obj (.text:decompress:lzss:__TI_decompress_lzss)
                  0000e596    00000072                     : cvtfd.obj (.text:__mspabi_cvtfd)
                  0000e608    0000006e     lcd.obj (.text:LCD1602_Char)
                  0000e676    0000006e     rts430_eabi.lib : autoinit.obj (.text:_auto_init)
                  0000e6e4    0000005c                     : rem64s.obj (.text:__mspabi_remlli)
                  0000e740    0000005c                     : lsr32.obj (.text:l_lsr_const)
                  0000e79c    0000005a                     : cpy_tbl.obj (.text:copy_in)
                  0000e7f6    0000004c     lcd.obj (.text:LCD1602_Cadena)
                  0000e842    0000004c     rts430_eabi.lib : lsr16.obj (.text)
                  0000e88e    0000004a                     : asr64.obj (.text:__mspabi_srall)
                  0000e8d8    00000046                     : lsr64.obj (.text:__mspabi_srlll)
                  0000e91e    00000044                     : lsl64.obj (.text:__mspabi_sllll)
                  0000e962    00000040     main.obj (.text:PORT1_IRQ)
                  0000e9a2    0000003e     rts430_eabi.lib : asr32.obj (.text:l_asr_const)
                  0000e9e0    0000003e                     : lsl32.obj (.text:l_lsl_const)
                  0000ea1e    00000038     lcd.obj (.text:LCD1602_GC)
                  0000ea56    00000036     clock.obj (.text:Conf_Reloj)
                  0000ea8c    00000032     main.obj (.text:PORT2_IRQ)
                  0000eabe    0000002e     rts430_eabi.lib : subd.obj (.text:__mspabi_subd)
                  0000eaec    0000002c                     : asr16.obj (.text)
                  0000eb18    0000002c                     : lsl16.obj (.text)
                  0000eb44    00000026                     : mult32.obj (.text)
                  0000eb6a    00000022                     : mult1632.obj (.text:__mpyul)
                  0000eb8c    0000001e     lcd.obj (.text:LCD1602_Limites)
                  0000ebaa    0000001e     lcd.obj (.text:LCD1602_Pos)
                  0000ebc8    0000001a     rts430_eabi.lib : boot_special.obj (.text:_c_int00_noargs_noexit)
                  0000ebe2    00000016                     : llabs.obj (.text:llabs)
                  0000ebf8    00000014                     : mult16.obj (.text)
                  0000ec0c    00000012                     : copy_decompress_none.obj (.text:decompress:none:__TI_decompress_none)
                  0000ec1e    00000012                     : lsr32.obj (.text:l_lsr)
                  0000ec30    00000012                     : memcpy.obj (.text:memcpy)
                  0000ec42    00000010                     : asr32.obj (.text:l_asr)
                  0000ec52    00000010                     : lsl32.obj (.text:l_lsl)
                  0000ec62    00000010                     : epilog.obj (.text)
                  0000ec72    0000000e     lcd.obj (.text:LCD1602_E)
                  0000ec80    00000008     rts430_eabi.lib : isr_trap.obj (.text:_isr:__TI_ISR_TRAP)
                  0000ec88    00000006                     : exit.obj (.text:abort)
                  0000ec8e    00000004                     : pre_init.obj (.text:_system_pre_init)
                  0000ec92    00000002                     : startup.obj (.text:_system_post_cinit)

.binit     0    0000c000    00000000     

.const     0    0000ec94    0000011a     
                  0000ec94    00000080     lcd.obj (.const:dec)
                  0000ed14    00000040     lcd.obj (.const:signos)
                  0000ed54    0000003a     main.obj (.const:.string)
                  0000ed8e    00000010     lcd.obj (.const:.string:HEXA)
                  0000ed9e    00000010     lcd.obj (.const:.string:hexa)

.cinit     0    0000edae    00000010     
                  0000edae    00000007     (.cinit..data.load) [load image, compression = lzss]
                  0000edb5    00000001     --HOLE-- [fill = 0]
                  0000edb6    00000004     (__TI_handler_table)
                  0000edba    00000004     (__TI_cinit_table)

.init_array 
*          0    0000c000    00000000     UNINITIALIZED

TRAPINT    0    0000ffe0    00000002     
                  0000ffe0    00000002     rts430_eabi.lib : int00.obj (.int00)

PORT1      0    0000ffe4    00000002     
                  0000ffe4    00000002     main.obj (.int02)

PORT2      0    0000ffe6    00000002     
                  0000ffe6    00000002     main.obj (.int03)

$fill000   0    0000ffde    00000002     
                  0000ffde    00000002     --HOLE-- [fill = ffff]

ADC10      0    0000ffea    00000002     
                  0000ffea    00000002     rts430_eabi.lib : int05.obj (.int05)

USCIAB0TX 
*          0    0000ffec    00000002     
                  0000ffec    00000002     rts430_eabi.lib : int06.obj (.int06)

USCIAB0RX 
*          0    0000ffee    00000002     
                  0000ffee    00000002     rts430_eabi.lib : int07.obj (.int07)

TIMER0_A1 
*          0    0000fff0    00000002     
                  0000fff0    00000002     rts430_eabi.lib : int08.obj (.int08)

TIMER0_A0 
*          0    0000fff2    00000002     
                  0000fff2    00000002     rts430_eabi.lib : int09.obj (.int09)

WDT        0    0000fff4    00000002     
                  0000fff4    00000002     rts430_eabi.lib : int10.obj (.int10)

COMPARATORA 
*          0    0000fff6    00000002     
                  0000fff6    00000002     rts430_eabi.lib : int11.obj (.int11)

TIMER1_A1 
*          0    0000fff8    00000002     
                  0000fff8    00000002     rts430_eabi.lib : int12.obj (.int12)

TIMER1_A0 
*          0    0000fffa    00000002     
                  0000fffa    00000002     rts430_eabi.lib : int13.obj (.int13)

NMI        0    0000fffc    00000002     
                  0000fffc    00000002     rts430_eabi.lib : int14.obj (.int14)

.reset     0    0000fffe    00000002     
                  0000fffe    00000002     rts430_eabi.lib : boot.obj (.reset)

MODULE SUMMARY

       Module                     code    ro data   rw data
       ------                     ----    -------   -------
    .\
       lcd.obj                    4394    224       0      
       main.obj                   640     62        14     
       clock.obj                  54      0         0      
    +--+--------------------------+-------+---------+---------+
       Total:                     5088    286       14     
                                                           
    C:\ti\ccs740\ccsv7\tools\compiler\ti-cgt-msp430_16.9.6.LTS\lib\rts430_eabi.lib
       div64u.obj                 864     0         0      
       addd.obj                   744     0         0      
       frcmpyd.obj                646     0         0      
       mpyd.obj                   622     0         0      
       frcaddd.obj                608     0         0      
       div64s.obj                 328     0         0      
       fltllid.obj                318     0         0      
       mult64.obj                 276     0         0      
       renormd.obj                190     0         0      
       fixdlli.obj                158     0         0      
       cvtdf.obj                  140     0         0      
       copy_decompress_lzss.obj   124     0         0      
       cvtfd.obj                  114     0         0      
       autoinit.obj               110     0         0      
       lsr32.obj                  110     0         0      
       rem64s.obj                 92      0         0      
       cpy_tbl.obj                90      0         0      
       asr32.obj                  78      0         0      
       lsl32.obj                  78      0         0      
       lsr16.obj                  76      0         0      
       asr64.obj                  74      0         0      
       lsr64.obj                  70      0         0      
       lsl64.obj                  68      0         0      
       subd.obj                   46      0         0      
       asr16.obj                  44      0         0      
       lsl16.obj                  44      0         0      
       mult32.obj                 38      0         0      
       mult1632.obj               34      0         0      
       boot_special.obj           26      0         0      
       llabs.obj                  22      0         0      
       mult16.obj                 20      0         0      
       copy_decompress_none.obj   18      0         0      
       memcpy.obj                 18      0         0      
       epilog.obj                 16      0         0      
       isr_trap.obj               8       0         0      
       exit.obj                   6       0         0      
       pre_init.obj               4       0         0      
       boot.obj                   0       2         0      
       int00.obj                  0       2         0      
       int05.obj                  0       2         0      
       int06.obj                  0       2         0      
       int07.obj                  0       2         0      
       int08.obj                  0       2         0      
       int09.obj                  0       2         0      
       int10.obj                  0       2         0      
       int11.obj                  0       2         0      
       int12.obj                  0       2         0      
       int13.obj                  0       2         0      
       int14.obj                  0       2         0      
       startup.obj                2       0         0      
    +--+--------------------------+-------+---------+---------+
       Total:                     6324    24        0      
                                                           
       Stack:                     0       0         80     
       Linker Generated:          0       15        0      
    +--+--------------------------+-------+---------+---------+
       Grand Total:               11412   325       94     


LINKER GENERATED COPY TABLES

__TI_cinit_table @ 0000edba records: 1, size/record: 4, table size: 4
	.data: load addr=0000edae, load size=00000007 bytes, run addr=00000200, run size=0000000e bytes, compression=lzss


LINKER GENERATED HANDLER TABLE

__TI_handler_table @ 0000edb6 records: 2, size/record: 2, table size: 4
	index: 0, handler: __TI_decompress_lzss
	index: 1, handler: __TI_decompress_none


GLOBAL SYMBOLS: SORTED ALPHABETICALLY BY Name 

address   name                    
-------   ----                    
0000004a  ADC10AE0                
000001b0  ADC10CTL0               
000001b2  ADC10CTL1               
00000048  ADC10DTC0               
00000049  ADC10DTC1               
000001b4  ADC10MEM                
000001bc  ADC10SA                 
00000057  BCSCTL1                 
00000058  BCSCTL2                 
00000053  BCSCTL3                 
0000ec88  C$$EXIT                 
00000059  CACTL1                  
0000005a  CACTL2                  
000010fb  CALBC1_12MHZ            
000010f9  CALBC1_16MHZ            
000010ff  CALBC1_1MHZ             
000010fd  CALBC1_8MHZ             
000010fa  CALDCO_12MHZ            
000010f8  CALDCO_16MHZ            
000010fe  CALDCO_1MHZ             
000010fc  CALDCO_8MHZ             
0000005b  CAPD                    
0000d70a  Conf_LCD1602            
0000ea56  Conf_Reloj              
0000dca6  Conv_Entero             
0000ded4  Conv_Float              
0000e0bc  Conv_HEX                
0000e192  Conv_Hex                
0000e268  Conv_Oct                
00000056  DCOCTL                  
00000128  FCTL1                   
0000012a  FCTL2                   
0000012c  FCTL3                   
0000ed8e  HEXA                    
00000000  IE1                     
00000001  IE2                     
00000002  IFG1                    
00000003  IFG2                    
0000d8d0  LCD1602_Busy            
0000e7f6  LCD1602_Cadena          
0000e608  LCD1602_Char            
0000d522  LCD1602_Com             
0000d334  LCD1602_Dato            
0000ec72  LCD1602_E               
0000ea1e  LCD1602_GC              
0000eb8c  LCD1602_Limites         
0000ebaa  LCD1602_Pos             
0000dfce  LCD1602_Print           
0000c000  LCD1602_Printf          
00000022  P1DIR                   
00000025  P1IE                    
00000024  P1IES                   
00000023  P1IFG                   
00000020  P1IN                    
00000021  P1OUT                   
00000027  P1REN                   
00000026  P1SEL                   
00000041  P1SEL2                  
0000002a  P2DIR                   
0000002d  P2IE                    
0000002c  P2IES                   
0000002b  P2IFG                   
00000028  P2IN                    
00000029  P2OUT                   
0000002f  P2REN                   
0000002e  P2SEL                   
00000042  P2SEL2                  
0000001a  P3DIR                   
00000018  P3IN                    
00000019  P3OUT                   
00000010  P3REN                   
0000001b  P3SEL                   
00000043  P3SEL2                  
0000e962  PORT1_IRQ               
0000ea8c  PORT2_IRQ               
00000172  TA0CCR0                 
00000174  TA0CCR1                 
00000176  TA0CCR2                 
00000162  TA0CCTL0                
00000164  TA0CCTL1                
00000166  TA0CCTL2                
00000160  TA0CTL                  
0000012e  TA0IV                   
00000170  TA0R                    
00000192  TA1CCR0                 
00000194  TA1CCR1                 
00000196  TA1CCR2                 
00000182  TA1CCTL0                
00000184  TA1CCTL1                
00000186  TA1CCTL2                
00000180  TA1CTL                  
0000011e  TA1IV                   
00000190  TA1R                    
000010db  TLV_ADC10_1_LEN         
000010da  TLV_ADC10_1_TAG         
000010c0  TLV_CHECKSUM            
000010f7  TLV_DCO_30_LEN          
000010f6  TLV_DCO_30_TAG          
0000005d  UCA0ABCTL               
00000062  UCA0BR0                 
00000063  UCA0BR1                 
00000060  UCA0CTL0                
00000061  UCA0CTL1                
0000005f  UCA0IRRCTL              
0000005e  UCA0IRTCTL              
00000064  UCA0MCTL                
00000066  UCA0RXBUF               
00000065  UCA0STAT                
00000067  UCA0TXBUF               
0000006a  UCB0BR0                 
0000006b  UCB0BR1                 
00000068  UCB0CTL0                
00000069  UCB0CTL1                
0000006c  UCB0I2CIE               
00000118  UCB0I2COA               
0000011a  UCB0I2CSA               
0000006e  UCB0RXBUF               
0000006d  UCB0STAT                
0000006f  UCB0TXBUF               
00000120  WDTCTL                  
00000400  __STACK_END             
00000050  __STACK_SIZE            
UNDEFED   __TI_BINIT_Base         
UNDEFED   __TI_BINIT_Limit        
0000edba  __TI_CINIT_Base         
0000edbe  __TI_CINIT_Limit        
0000edb6  __TI_Handler_Table_Base 
0000edba  __TI_Handler_Table_Limit
UNDEFED   __TI_INITARRAY_Base     
UNDEFED   __TI_INITARRAY_Limit    
0000ec80  __TI_ISR_TRAP           
0000e51a  __TI_decompress_lzss    
0000ec0c  __TI_decompress_none    
0000cec6  __TI_frcaddd            
0000c9d2  __TI_frcmpyd            
0000ffe0  __TI_int00              
0000ffe4  __TI_int02              
0000ffe6  __TI_int03              
0000ffea  __TI_int05              
0000ffec  __TI_int06              
0000ffee  __TI_int07              
0000fff0  __TI_int08              
0000fff2  __TI_int09              
0000fff4  __TI_int10              
0000fff6  __TI_int11              
0000fff8  __TI_int12              
0000fffa  __TI_int13              
0000fffc  __TI_int14              
ffffffff  __TI_pprof_out_hndl     
ffffffff  __TI_prof_data_size     
ffffffff  __TI_prof_data_start    
0000e332  __TI_renormd            
ffffffff  __c_args__              
0000c6ea  __mspabi_addd           
0000e48e  __mspabi_cvtdf          
0000e596  __mspabi_cvtfd          
0000da20  __mspabi_divlli         
0000c38a  __mspabi_divull         
0000e3f0  __mspabi_fixdlli        
0000db68  __mspabi_fltllid        
0000ec6e  __mspabi_func_epilog_1  
0000ec6c  __mspabi_func_epilog_2  
0000ec6a  __mspabi_func_epilog_3  
0000ec68  __mspabi_func_epilog_4  
0000ec66  __mspabi_func_epilog_5  
0000ec64  __mspabi_func_epilog_6  
0000ec62  __mspabi_func_epilog_7  
0000cc58  __mspabi_mpyd           
0000ebf8  __mspabi_mpyi           
0000ebf8  __mspabi_mpyi_sw        
0000eb44  __mspabi_mpyl           
0000eb44  __mspabi_mpyl_sw        
0000ddc0  __mspabi_mpyll          
0000ddc0  __mspabi_mpyll_sw       
0000eb6a  __mspabi_mpyul          
0000eb6a  __mspabi_mpyul_sw       
0000e6e4  __mspabi_remlli         
0000eb18  __mspabi_slli           
0000eb40  __mspabi_slli_1         
0000eb2e  __mspabi_slli_10        
0000eb2c  __mspabi_slli_11        
0000eb2a  __mspabi_slli_12        
0000eb28  __mspabi_slli_13        
0000eb26  __mspabi_slli_14        
0000eb24  __mspabi_slli_15        
0000eb3e  __mspabi_slli_2         
0000eb3c  __mspabi_slli_3         
0000eb3a  __mspabi_slli_4         
0000eb38  __mspabi_slli_5         
0000eb36  __mspabi_slli_6         
0000eb34  __mspabi_slli_7         
0000eb32  __mspabi_slli_8         
0000eb30  __mspabi_slli_9         
0000ec52  __mspabi_slll           
0000ea18  __mspabi_slll_1         
0000e9f4  __mspabi_slll_10        
0000e9f0  __mspabi_slll_11        
0000e9ec  __mspabi_slll_12        
0000e9e8  __mspabi_slll_13        
0000e9e4  __mspabi_slll_14        
0000e9e0  __mspabi_slll_15        
0000ea14  __mspabi_slll_2         
0000ea10  __mspabi_slll_3         
0000ea0c  __mspabi_slll_4         
0000ea08  __mspabi_slll_5         
0000ea04  __mspabi_slll_6         
0000ea00  __mspabi_slll_7         
0000e9fc  __mspabi_slll_8         
0000e9f8  __mspabi_slll_9         
0000e91e  __mspabi_sllll          
0000eaec  __mspabi_srai           
0000eb14  __mspabi_srai_1         
0000eb02  __mspabi_srai_10        
0000eb00  __mspabi_srai_11        
0000eafe  __mspabi_srai_12        
0000eafc  __mspabi_srai_13        
0000eafa  __mspabi_srai_14        
0000eaf8  __mspabi_srai_15        
0000eb12  __mspabi_srai_2         
0000eb10  __mspabi_srai_3         
0000eb0e  __mspabi_srai_4         
0000eb0c  __mspabi_srai_5         
0000eb0a  __mspabi_srai_6         
0000eb08  __mspabi_srai_7         
0000eb06  __mspabi_srai_8         
0000eb04  __mspabi_srai_9         
0000ec42  __mspabi_sral           
0000e9da  __mspabi_sral_1         
0000e9b6  __mspabi_sral_10        
0000e9b2  __mspabi_sral_11        
0000e9ae  __mspabi_sral_12        
0000e9aa  __mspabi_sral_13        
0000e9a6  __mspabi_sral_14        
0000e9a2  __mspabi_sral_15        
0000e9d6  __mspabi_sral_2         
0000e9d2  __mspabi_sral_3         
0000e9ce  __mspabi_sral_4         
0000e9ca  __mspabi_sral_5         
0000e9c6  __mspabi_sral_6         
0000e9c2  __mspabi_sral_7         
0000e9be  __mspabi_sral_8         
0000e9ba  __mspabi_sral_9         
0000e88e  __mspabi_srall          
0000e842  __mspabi_srli           
0000e888  __mspabi_srli_1         
0000e864  __mspabi_srli_10        
0000e860  __mspabi_srli_11        
0000e85c  __mspabi_srli_12        
0000e858  __mspabi_srli_13        
0000e854  __mspabi_srli_14        
0000e850  __mspabi_srli_15        
0000e884  __mspabi_srli_2         
0000e880  __mspabi_srli_3         
0000e87c  __mspabi_srli_4         
0000e878  __mspabi_srli_5         
0000e874  __mspabi_srli_6         
0000e870  __mspabi_srli_7         
0000e86c  __mspabi_srli_8         
0000e868  __mspabi_srli_9         
0000ec1e  __mspabi_srll           
0000e794  __mspabi_srll_1         
0000e75e  __mspabi_srll_10        
0000e758  __mspabi_srll_11        
0000e752  __mspabi_srll_12        
0000e74c  __mspabi_srll_13        
0000e746  __mspabi_srll_14        
0000e740  __mspabi_srll_15        
0000e78e  __mspabi_srll_2         
0000e788  __mspabi_srll_3         
0000e782  __mspabi_srll_4         
0000e77c  __mspabi_srll_5         
0000e776  __mspabi_srll_6         
0000e770  __mspabi_srll_7         
0000e76a  __mspabi_srll_8         
0000e764  __mspabi_srll_9         
0000e8d8  __mspabi_srlll          
0000eabe  __mspabi_subd           
0000e676  _auto_init              
0000ebc8  _c_int00_noargs_noexit  
0000fffe  _reset_vector           
000003b0  _stack                  
0000ec92  _system_post_cinit      
0000ec8e  _system_pre_init        
0000ec88  abort                   
00000206  actualizarCONTEO1       
00000208  actualizarCONTEO2       
0000020a  actualizarLED           
0000020c  actualizarRESET         
00000200  contador1               
00000202  contador2               
0000e79c  copy_in                 
0000ec94  dec                     
0000ed9e  hexa                    
00000204  led                     
0000ebe2  llabs                   
0000d126  main                    
0000ec30  memcpy                  
0000ed14  signos                  


GLOBAL SYMBOLS: SORTED BY Symbol Address 

address   name                    
-------   ----                    
00000000  IE1                     
00000001  IE2                     
00000002  IFG1                    
00000003  IFG2                    
00000010  P3REN                   
00000018  P3IN                    
00000019  P3OUT                   
0000001a  P3DIR                   
0000001b  P3SEL                   
00000020  P1IN                    
00000021  P1OUT                   
00000022  P1DIR                   
00000023  P1IFG                   
00000024  P1IES                   
00000025  P1IE                    
00000026  P1SEL                   
00000027  P1REN                   
00000028  P2IN                    
00000029  P2OUT                   
0000002a  P2DIR                   
0000002b  P2IFG                   
0000002c  P2IES                   
0000002d  P2IE                    
0000002e  P2SEL                   
0000002f  P2REN                   
00000041  P1SEL2                  
00000042  P2SEL2                  
00000043  P3SEL2                  
00000048  ADC10DTC0               
00000049  ADC10DTC1               
0000004a  ADC10AE0                
00000050  __STACK_SIZE            
00000053  BCSCTL3                 
00000056  DCOCTL                  
00000057  BCSCTL1                 
00000058  BCSCTL2                 
00000059  CACTL1                  
0000005a  CACTL2                  
0000005b  CAPD                    
0000005d  UCA0ABCTL               
0000005e  UCA0IRTCTL              
0000005f  UCA0IRRCTL              
00000060  UCA0CTL0                
00000061  UCA0CTL1                
00000062  UCA0BR0                 
00000063  UCA0BR1                 
00000064  UCA0MCTL                
00000065  UCA0STAT                
00000066  UCA0RXBUF               
00000067  UCA0TXBUF               
00000068  UCB0CTL0                
00000069  UCB0CTL1                
0000006a  UCB0BR0                 
0000006b  UCB0BR1                 
0000006c  UCB0I2CIE               
0000006d  UCB0STAT                
0000006e  UCB0RXBUF               
0000006f  UCB0TXBUF               
00000118  UCB0I2COA               
0000011a  UCB0I2CSA               
0000011e  TA1IV                   
00000120  WDTCTL                  
00000128  FCTL1                   
0000012a  FCTL2                   
0000012c  FCTL3                   
0000012e  TA0IV                   
00000160  TA0CTL                  
00000162  TA0CCTL0                
00000164  TA0CCTL1                
00000166  TA0CCTL2                
00000170  TA0R                    
00000172  TA0CCR0                 
00000174  TA0CCR1                 
00000176  TA0CCR2                 
00000180  TA1CTL                  
00000182  TA1CCTL0                
00000184  TA1CCTL1                
00000186  TA1CCTL2                
00000190  TA1R                    
00000192  TA1CCR0                 
00000194  TA1CCR1                 
00000196  TA1CCR2                 
000001b0  ADC10CTL0               
000001b2  ADC10CTL1               
000001b4  ADC10MEM                
000001bc  ADC10SA                 
00000200  contador1               
00000202  contador2               
00000204  led                     
00000206  actualizarCONTEO1       
00000208  actualizarCONTEO2       
0000020a  actualizarLED           
0000020c  actualizarRESET         
000003b0  _stack                  
00000400  __STACK_END             
000010c0  TLV_CHECKSUM            
000010da  TLV_ADC10_1_TAG         
000010db  TLV_ADC10_1_LEN         
000010f6  TLV_DCO_30_TAG          
000010f7  TLV_DCO_30_LEN          
000010f8  CALDCO_16MHZ            
000010f9  CALBC1_16MHZ            
000010fa  CALDCO_12MHZ            
000010fb  CALBC1_12MHZ            
000010fc  CALDCO_8MHZ             
000010fd  CALBC1_8MHZ             
000010fe  CALDCO_1MHZ             
000010ff  CALBC1_1MHZ             
0000c000  LCD1602_Printf          
0000c38a  __mspabi_divull         
0000c6ea  __mspabi_addd           
0000c9d2  __TI_frcmpyd            
0000cc58  __mspabi_mpyd           
0000cec6  __TI_frcaddd            
0000d126  main                    
0000d334  LCD1602_Dato            
0000d522  LCD1602_Com             
0000d70a  Conf_LCD1602            
0000d8d0  LCD1602_Busy            
0000da20  __mspabi_divlli         
0000db68  __mspabi_fltllid        
0000dca6  Conv_Entero             
0000ddc0  __mspabi_mpyll          
0000ddc0  __mspabi_mpyll_sw       
0000ded4  Conv_Float              
0000dfce  LCD1602_Print           
0000e0bc  Conv_HEX                
0000e192  Conv_Hex                
0000e268  Conv_Oct                
0000e332  __TI_renormd            
0000e3f0  __mspabi_fixdlli        
0000e48e  __mspabi_cvtdf          
0000e51a  __TI_decompress_lzss    
0000e596  __mspabi_cvtfd          
0000e608  LCD1602_Char            
0000e676  _auto_init              
0000e6e4  __mspabi_remlli         
0000e740  __mspabi_srll_15        
0000e746  __mspabi_srll_14        
0000e74c  __mspabi_srll_13        
0000e752  __mspabi_srll_12        
0000e758  __mspabi_srll_11        
0000e75e  __mspabi_srll_10        
0000e764  __mspabi_srll_9         
0000e76a  __mspabi_srll_8         
0000e770  __mspabi_srll_7         
0000e776  __mspabi_srll_6         
0000e77c  __mspabi_srll_5         
0000e782  __mspabi_srll_4         
0000e788  __mspabi_srll_3         
0000e78e  __mspabi_srll_2         
0000e794  __mspabi_srll_1         
0000e79c  copy_in                 
0000e7f6  LCD1602_Cadena          
0000e842  __mspabi_srli           
0000e850  __mspabi_srli_15        
0000e854  __mspabi_srli_14        
0000e858  __mspabi_srli_13        
0000e85c  __mspabi_srli_12        
0000e860  __mspabi_srli_11        
0000e864  __mspabi_srli_10        
0000e868  __mspabi_srli_9         
0000e86c  __mspabi_srli_8         
0000e870  __mspabi_srli_7         
0000e874  __mspabi_srli_6         
0000e878  __mspabi_srli_5         
0000e87c  __mspabi_srli_4         
0000e880  __mspabi_srli_3         
0000e884  __mspabi_srli_2         
0000e888  __mspabi_srli_1         
0000e88e  __mspabi_srall          
0000e8d8  __mspabi_srlll          
0000e91e  __mspabi_sllll          
0000e962  PORT1_IRQ               
0000e9a2  __mspabi_sral_15        
0000e9a6  __mspabi_sral_14        
0000e9aa  __mspabi_sral_13        
0000e9ae  __mspabi_sral_12        
0000e9b2  __mspabi_sral_11        
0000e9b6  __mspabi_sral_10        
0000e9ba  __mspabi_sral_9         
0000e9be  __mspabi_sral_8         
0000e9c2  __mspabi_sral_7         
0000e9c6  __mspabi_sral_6         
0000e9ca  __mspabi_sral_5         
0000e9ce  __mspabi_sral_4         
0000e9d2  __mspabi_sral_3         
0000e9d6  __mspabi_sral_2         
0000e9da  __mspabi_sral_1         
0000e9e0  __mspabi_slll_15        
0000e9e4  __mspabi_slll_14        
0000e9e8  __mspabi_slll_13        
0000e9ec  __mspabi_slll_12        
0000e9f0  __mspabi_slll_11        
0000e9f4  __mspabi_slll_10        
0000e9f8  __mspabi_slll_9         
0000e9fc  __mspabi_slll_8         
0000ea00  __mspabi_slll_7         
0000ea04  __mspabi_slll_6         
0000ea08  __mspabi_slll_5         
0000ea0c  __mspabi_slll_4         
0000ea10  __mspabi_slll_3         
0000ea14  __mspabi_slll_2         
0000ea18  __mspabi_slll_1         
0000ea1e  LCD1602_GC              
0000ea56  Conf_Reloj              
0000ea8c  PORT2_IRQ               
0000eabe  __mspabi_subd           
0000eaec  __mspabi_srai           
0000eaf8  __mspabi_srai_15        
0000eafa  __mspabi_srai_14        
0000eafc  __mspabi_srai_13        
0000eafe  __mspabi_srai_12        
0000eb00  __mspabi_srai_11        
0000eb02  __mspabi_srai_10        
0000eb04  __mspabi_srai_9         
0000eb06  __mspabi_srai_8         
0000eb08  __mspabi_srai_7         
0000eb0a  __mspabi_srai_6         
0000eb0c  __mspabi_srai_5         
0000eb0e  __mspabi_srai_4         
0000eb10  __mspabi_srai_3         
0000eb12  __mspabi_srai_2         
0000eb14  __mspabi_srai_1         
0000eb18  __mspabi_slli           
0000eb24  __mspabi_slli_15        
0000eb26  __mspabi_slli_14        
0000eb28  __mspabi_slli_13        
0000eb2a  __mspabi_slli_12        
0000eb2c  __mspabi_slli_11        
0000eb2e  __mspabi_slli_10        
0000eb30  __mspabi_slli_9         
0000eb32  __mspabi_slli_8         
0000eb34  __mspabi_slli_7         
0000eb36  __mspabi_slli_6         
0000eb38  __mspabi_slli_5         
0000eb3a  __mspabi_slli_4         
0000eb3c  __mspabi_slli_3         
0000eb3e  __mspabi_slli_2         
0000eb40  __mspabi_slli_1         
0000eb44  __mspabi_mpyl           
0000eb44  __mspabi_mpyl_sw        
0000eb6a  __mspabi_mpyul          
0000eb6a  __mspabi_mpyul_sw       
0000eb8c  LCD1602_Limites         
0000ebaa  LCD1602_Pos             
0000ebc8  _c_int00_noargs_noexit  
0000ebe2  llabs                   
0000ebf8  __mspabi_mpyi           
0000ebf8  __mspabi_mpyi_sw        
0000ec0c  __TI_decompress_none    
0000ec1e  __mspabi_srll           
0000ec30  memcpy                  
0000ec42  __mspabi_sral           
0000ec52  __mspabi_slll           
0000ec62  __mspabi_func_epilog_7  
0000ec64  __mspabi_func_epilog_6  
0000ec66  __mspabi_func_epilog_5  
0000ec68  __mspabi_func_epilog_4  
0000ec6a  __mspabi_func_epilog_3  
0000ec6c  __mspabi_func_epilog_2  
0000ec6e  __mspabi_func_epilog_1  
0000ec72  LCD1602_E               
0000ec80  __TI_ISR_TRAP           
0000ec88  C$$EXIT                 
0000ec88  abort                   
0000ec8e  _system_pre_init        
0000ec92  _system_post_cinit      
0000ec94  dec                     
0000ed14  signos                  
0000ed8e  HEXA                    
0000ed9e  hexa                    
0000edb6  __TI_Handler_Table_Base 
0000edba  __TI_CINIT_Base         
0000edba  __TI_Handler_Table_Limit
0000edbe  __TI_CINIT_Limit        
0000ffe0  __TI_int00              
0000ffe4  __TI_int02              
0000ffe6  __TI_int03              
0000ffea  __TI_int05              
0000ffec  __TI_int06              
0000ffee  __TI_int07              
0000fff0  __TI_int08              
0000fff2  __TI_int09              
0000fff4  __TI_int10              
0000fff6  __TI_int11              
0000fff8  __TI_int12              
0000fffa  __TI_int13              
0000fffc  __TI_int14              
0000fffe  _reset_vector           
ffffffff  __TI_pprof_out_hndl     
ffffffff  __TI_prof_data_size     
ffffffff  __TI_prof_data_start    
ffffffff  __c_args__              
UNDEFED   __TI_BINIT_Base         
UNDEFED   __TI_BINIT_Limit        
UNDEFED   __TI_INITARRAY_Base     
UNDEFED   __TI_INITARRAY_Limit    

[298 symbols]
