******************************************************************************
                  MSP430 Linker PC v16.9.6                     
******************************************************************************
>> Linked Sat Oct 08 20:04:13 2022

OUTPUT FILE NAME:   <HCSR04_USART_distance.out>
ENTRY POINT SYMBOL: "_c_int00_noargs_noexit"  address: 0000d2e8


MEMORY CONFIGURATION

         name            origin    length      used     unused   attr    fill
----------------------  --------  ---------  --------  --------  ----  --------
  SFR                   00000000   00000010  00000000  00000010  RWIX
  PERIPHERALS_8BIT      00000010   000000f0  00000000  000000f0  RWIX
  PERIPHERALS_16BIT     00000100   00000100  00000000  00000100  RWIX
  RAM                   00000200   00000200  000000d4  0000012c  RWIX
  INFOD                 00001000   00000040  00000000  00000040  RWIX
  INFOC                 00001040   00000040  00000000  00000040  RWIX
  INFOB                 00001080   00000040  00000000  00000040  RWIX
  INFOA                 000010c0   00000040  00000000  00000040  RWIX
  FLASH                 0000c000   00003fde  00001462  00002b7c  RWIX
  BSLSIGNATURE          0000ffde   00000002  00000002  00000000  RWIX  ffff 
  INT00                 0000ffe0   00000002  00000002  00000000  RWIX
  INT01                 0000ffe2   00000002  00000000  00000002  RWIX
  INT02                 0000ffe4   00000002  00000002  00000000  RWIX
  INT03                 0000ffe6   00000002  00000002  00000000  RWIX
  INT04                 0000ffe8   00000002  00000000  00000002  RWIX
  INT05                 0000ffea   00000002  00000002  00000000  RWIX
  INT06                 0000ffec   00000002  00000002  00000000  RWIX
  INT07                 0000ffee   00000002  00000002  00000000  RWIX
  INT08                 0000fff0   00000002  00000002  00000000  RWIX
  INT09                 0000fff2   00000002  00000002  00000000  RWIX
  INT10                 0000fff4   00000002  00000002  00000000  RWIX
  INT11                 0000fff6   00000002  00000002  00000000  RWIX
  INT12                 0000fff8   00000002  00000002  00000000  RWIX
  INT13                 0000fffa   00000002  00000002  00000000  RWIX
  INT14                 0000fffc   00000002  00000002  00000000  RWIX
  RESET                 0000fffe   00000002  00000002  00000000  RWIX


SECTION ALLOCATION MAP

 output                                  attributes/
section   page    origin      length       input sections
--------  ----  ----------  ----------   ----------------
.data      0    00000200    00000064     UNINITIALIZED
                  00000200    00000056     main.obj (.data:printdist)
                  00000256    00000004     main.obj (.data:centimeter)
                  0000025a    00000004     main.obj (.data:newline)
                  0000025e    00000002     main.obj (.data:dot)
                  00000260    00000002     main.obj (.data)
                  00000262    00000002     main.obj (.data:zerro)

.bss       0    00000264    00000020     UNINITIALIZED
                  00000264    00000006     (.common:dst_char)
                  0000026a    00000006     (.common:dst_flt_char)
                  00000270    00000004     (.common:diff)
                  00000274    00000004     (.common:distance)
                  00000278    00000004     (.common:temp)
                  0000027c    00000004     (.common:tmp_flt)
                  00000280    00000002     (.common:dst_flt)
                  00000282    00000002     (.common:dst_int)

.stack     0    000003b0    00000050     UNINITIALIZED
                  000003b0    00000002     rts430_eabi.lib : boot.obj (.stack)
                  000003b2    0000004e     --HOLE--

.text      0    0000c000    0000140a     
                  0000c000    000002e8     rts430_eabi.lib : addd.obj (.text:__mspabi_addd)
                  0000c2e8    00000260                     : frcaddd.obj (.text:__TI_frcaddd)
                  0000c548    000001d0                     : s_floor.obj (.text:floor)
                  0000c718    000001ba     main.obj (.text:main)
                  0000c8d2    00000132     rts430_eabi.lib : fs_add.obj (.text)
                  0000ca04    000000dc                     : cmpd.obj (.text:__mspabi_cmpd)
                  0000cae0    000000c4                     : fs_mpy.obj (.text)
                  0000cba4    000000be                     : renormd.obj (.text:__TI_renormd)
                  0000cc62    0000009c                     : fs_div.obj (.text)
                  0000ccfe    00000084                     : ltoa.obj (.text:ltoa)
                  0000cd82    0000007c                     : copy_decompress_lzss.obj (.text:decompress:lzss:__TI_decompress_lzss)
                  0000cdfe    00000072                     : cvtfd.obj (.text:__mspabi_cvtfd)
                  0000ce70    00000072                     : fixdli.obj (.text:__mspabi_fixdli)
                  0000cee2    0000006e                     : autoinit.obj (.text:_auto_init)
                  0000cf50    0000005c     main.obj (.text:Timer_A1_ISR)
                  0000cfac    0000005c     rts430_eabi.lib : lsr32.obj (.text:l_lsr_const)
                  0000d008    0000005a                     : cpy_tbl.obj (.text:copy_in)
                  0000d062    00000058                     : div32u.obj (.text)
                  0000d0ba    0000004c                     : lsr16.obj (.text)
                  0000d106    0000004c     main.obj (.text:show_result)
                  0000d152    00000040     rts430_eabi.lib : div32s.obj (.text)
                  0000d192    0000003e                     : asr32.obj (.text:l_asr_const)
                  0000d1d0    0000003e                     : lsl32.obj (.text:l_lsl_const)
                  0000d20e    00000036                     : fs_itof.obj (.text)
                  0000d244    0000002c                     : asr16.obj (.text)
                  0000d270    0000002c                     : lsl16.obj (.text)
                  0000d29c    00000028                     : fixdi.obj (.text:__mspabi_fixdi)
                  0000d2c4    00000024     main.obj (.text:tA0_settings)
                  0000d2e8    0000001a     rts430_eabi.lib : boot_special.obj (.text:_c_int00_noargs_noexit)
                  0000d302    0000001a     main.obj (.text:usart_init)
                  0000d31c    00000018     main.obj (.text:gpio_setup)
                  0000d334    00000014     rts430_eabi.lib : copy_zero_init.obj (.text:decompress:ZI:__TI_zero_init)
                  0000d348    00000014                     : mult16.obj (.text)
                  0000d35c    00000014     main.obj (.text:ser_output)
                  0000d370    00000012     rts430_eabi.lib : copy_decompress_none.obj (.text:decompress:none:__TI_decompress_none)
                  0000d382    00000012                     : lsr32.obj (.text:l_lsr)
                  0000d394    00000012                     : memcpy.obj (.text:memcpy)
                  0000d3a6    00000010                     : asr32.obj (.text:l_asr)
                  0000d3b6    00000010                     : lsl32.obj (.text:l_lsl)
                  0000d3c6    00000010                     : epilog.obj (.text)
                  0000d3d6    0000000e     main.obj (.text:clk_config)
                  0000d3e4    0000000a     rts430_eabi.lib : abs.obj (.text:abs)
                  0000d3ee    00000008                     : isr_trap.obj (.text:_isr:__TI_ISR_TRAP)
                  0000d3f6    00000008     main.obj (.text:stop_watchdog_tmr)
                  0000d3fe    00000006     rts430_eabi.lib : exit.obj (.text:abort)
                  0000d404    00000004                     : pre_init.obj (.text:_system_pre_init)
                  0000d408    00000002                     : startup.obj (.text:_system_post_cinit)

.cinit     0    0000d40a    00000058     
                  0000d40a    00000046     (.cinit..data.load) [load image, compression = lzss]
                  0000d450    00000006     (__TI_handler_table)
                  0000d456    00000004     (.cinit..bss.load) [load image, compression = zero_init]
                  0000d45a    00000008     (__TI_cinit_table)

.binit     0    0000c000    00000000     

.init_array 
*          0    0000c000    00000000     UNINITIALIZED

TRAPINT    0    0000ffe0    00000002     
                  0000ffe0    00000002     rts430_eabi.lib : int00.obj (.int00)

$fill000   0    0000ffde    00000002     
                  0000ffde    00000002     --HOLE-- [fill = ffff]

PORT1      0    0000ffe4    00000002     
                  0000ffe4    00000002     rts430_eabi.lib : int02.obj (.int02)

PORT2      0    0000ffe6    00000002     
                  0000ffe6    00000002     rts430_eabi.lib : int03.obj (.int03)

ADC10      0    0000ffea    00000002     
                  0000ffea    00000002     rts430_eabi.lib : int05.obj (.int05)

USCIAB0TX 
*          0    0000ffec    00000002     
                  0000ffec    00000002     rts430_eabi.lib : int06.obj (.int06)

USCIAB0RX 
*          0    0000ffee    00000002     
                  0000ffee    00000002     rts430_eabi.lib : int07.obj (.int07)

TIMER0_A1 
*          0    0000fff0    00000002     
                  0000fff0    00000002     rts430_eabi.lib : int08.obj (.int08)

TIMER0_A0 
*          0    0000fff2    00000002     
                  0000fff2    00000002     rts430_eabi.lib : int09.obj (.int09)

WDT        0    0000fff4    00000002     
                  0000fff4    00000002     rts430_eabi.lib : int10.obj (.int10)

COMPARATORA 
*          0    0000fff6    00000002     
                  0000fff6    00000002     rts430_eabi.lib : int11.obj (.int11)

TIMER1_A1 
*          0    0000fff8    00000002     
                  0000fff8    00000002     main.obj (.int12)

TIMER1_A0 
*          0    0000fffa    00000002     
                  0000fffa    00000002     rts430_eabi.lib : int13.obj (.int13)

NMI        0    0000fffc    00000002     
                  0000fffc    00000002     rts430_eabi.lib : int14.obj (.int14)

.reset     0    0000fffe    00000002     
                  0000fffe    00000002     rts430_eabi.lib : boot.obj (.reset)

MODULE SUMMARY

       Module                     code   ro data   rw data
       ------                     ----   -------   -------
    .\
       main.obj                   738    2         132    
    +--+--------------------------+------+---------+---------+
       Total:                     738    2         132    
                                                          
    C:\ti\ccs740\ccsv7\tools\compiler\ti-cgt-msp430_16.9.6.LTS\lib\rts430_eabi.lib
       addd.obj                   744    0         0      
       frcaddd.obj                608    0         0      
       s_floor.obj                464    0         0      
       fs_add.obj                 306    0         0      
       cmpd.obj                   220    0         0      
       fs_mpy.obj                 196    0         0      
       renormd.obj                190    0         0      
       fs_div.obj                 156    0         0      
       ltoa.obj                   132    0         0      
       copy_decompress_lzss.obj   124    0         0      
       cvtfd.obj                  114    0         0      
       fixdli.obj                 114    0         0      
       autoinit.obj               110    0         0      
       lsr32.obj                  110    0         0      
       cpy_tbl.obj                90     0         0      
       div32u.obj                 88     0         0      
       asr32.obj                  78     0         0      
       lsl32.obj                  78     0         0      
       lsr16.obj                  76     0         0      
       div32s.obj                 64     0         0      
       fs_itof.obj                54     0         0      
       asr16.obj                  44     0         0      
       lsl16.obj                  44     0         0      
       fixdi.obj                  40     0         0      
       boot_special.obj           26     0         0      
       copy_zero_init.obj         20     0         0      
       mult16.obj                 20     0         0      
       copy_decompress_none.obj   18     0         0      
       memcpy.obj                 18     0         0      
       epilog.obj                 16     0         0      
       abs.obj                    10     0         0      
       isr_trap.obj               8      0         0      
       exit.obj                   6      0         0      
       pre_init.obj               4      0         0      
       boot.obj                   0      2         0      
       int00.obj                  0      2         0      
       int02.obj                  0      2         0      
       int03.obj                  0      2         0      
       int05.obj                  0      2         0      
       int06.obj                  0      2         0      
       int07.obj                  0      2         0      
       int08.obj                  0      2         0      
       int09.obj                  0      2         0      
       int10.obj                  0      2         0      
       int11.obj                  0      2         0      
       int13.obj                  0      2         0      
       int14.obj                  0      2         0      
       startup.obj                2      0         0      
    +--+--------------------------+------+---------+---------+
       Total:                     4392   26        0      
                                                          
       Stack:                     0      0         80     
       Linker Generated:          0      88        0      
    +--+--------------------------+------+---------+---------+
       Grand Total:               5130   116       212    


LINKER GENERATED COPY TABLES

__TI_cinit_table @ 0000d45a records: 2, size/record: 4, table size: 8
	.data: load addr=0000d40a, load size=00000046 bytes, run addr=00000200, run size=00000064 bytes, compression=lzss
	.bss: load addr=0000d456, load size=00000004 bytes, run addr=00000264, run size=00000020 bytes, compression=zero_init


LINKER GENERATED HANDLER TABLE

__TI_handler_table @ 0000d450 records: 3, size/record: 2, table size: 6
	index: 0, handler: __TI_zero_init
	index: 1, handler: __TI_decompress_lzss
	index: 2, handler: __TI_decompress_none


GLOBAL SYMBOLS: SORTED ALPHABETICALLY BY Name 

address   name                    
-------   ----                    
0000004a  ADC10AE0                
000001b0  ADC10CTL0               
000001b2  ADC10CTL1               
00000048  ADC10DTC0               
00000049  ADC10DTC1               
000001b4  ADC10MEM                
000001bc  ADC10SA                 
00000057  BCSCTL1                 
00000058  BCSCTL2                 
00000053  BCSCTL3                 
0000d3fe  C$$EXIT                 
00000059  CACTL1                  
0000005a  CACTL2                  
000010fb  CALBC1_12MHZ            
000010f9  CALBC1_16MHZ            
000010ff  CALBC1_1MHZ             
000010fd  CALBC1_8MHZ             
000010fa  CALDCO_12MHZ            
000010f8  CALDCO_16MHZ            
000010fe  CALDCO_1MHZ             
000010fc  CALDCO_8MHZ             
0000005b  CAPD                    
00000056  DCOCTL                  
00000128  FCTL1                   
0000012a  FCTL2                   
0000012c  FCTL3                   
00000000  IE1                     
00000001  IE2                     
00000002  IFG1                    
00000003  IFG2                    
00000022  P1DIR                   
00000025  P1IE                    
00000024  P1IES                   
00000023  P1IFG                   
00000020  P1IN                    
00000021  P1OUT                   
00000027  P1REN                   
00000026  P1SEL                   
00000041  P1SEL2                  
0000002a  P2DIR                   
0000002d  P2IE                    
0000002c  P2IES                   
0000002b  P2IFG                   
00000028  P2IN                    
00000029  P2OUT                   
0000002f  P2REN                   
0000002e  P2SEL                   
00000042  P2SEL2                  
0000001a  P3DIR                   
00000018  P3IN                    
00000019  P3OUT                   
00000010  P3REN                   
0000001b  P3SEL                   
00000043  P3SEL2                  
00000172  TA0CCR0                 
00000174  TA0CCR1                 
00000176  TA0CCR2                 
00000162  TA0CCTL0                
00000164  TA0CCTL1                
00000166  TA0CCTL2                
00000160  TA0CTL                  
0000012e  TA0IV                   
00000170  TA0R                    
00000192  TA1CCR0                 
00000194  TA1CCR1                 
00000196  TA1CCR2                 
00000182  TA1CCTL0                
00000184  TA1CCTL1                
00000186  TA1CCTL2                
00000180  TA1CTL                  
0000011e  TA1IV                   
00000190  TA1R                    
000010db  TLV_ADC10_1_LEN         
000010da  TLV_ADC10_1_TAG         
000010c0  TLV_CHECKSUM            
000010f7  TLV_DCO_30_LEN          
000010f6  TLV_DCO_30_TAG          
0000cf50  Timer_A1_ISR            
0000005d  UCA0ABCTL               
00000062  UCA0BR0                 
00000063  UCA0BR1                 
00000060  UCA0CTL0                
00000061  UCA0CTL1                
0000005f  UCA0IRRCTL              
0000005e  UCA0IRTCTL              
00000064  UCA0MCTL                
00000066  UCA0RXBUF               
00000065  UCA0STAT                
00000067  UCA0TXBUF               
0000006a  UCB0BR0                 
0000006b  UCB0BR1                 
00000068  UCB0CTL0                
00000069  UCB0CTL1                
0000006c  UCB0I2CIE               
00000118  UCB0I2COA               
0000011a  UCB0I2CSA               
0000006e  UCB0RXBUF               
0000006d  UCB0STAT                
0000006f  UCB0TXBUF               
00000120  WDTCTL                  
00000400  __STACK_END             
00000050  __STACK_SIZE            
UNDEFED   __TI_BINIT_Base         
UNDEFED   __TI_BINIT_Limit        
0000d45a  __TI_CINIT_Base         
0000d462  __TI_CINIT_Limit        
0000d450  __TI_Handler_Table_Base 
0000d456  __TI_Handler_Table_Limit
UNDEFED   __TI_INITARRAY_Base     
UNDEFED   __TI_INITARRAY_Limit    
0000d3ee  __TI_ISR_TRAP           
0000cd82  __TI_decompress_lzss    
0000d370  __TI_decompress_none    
0000c2e8  __TI_frcaddd            
0000ffe0  __TI_int00              
0000ffe4  __TI_int02              
0000ffe6  __TI_int03              
0000ffea  __TI_int05              
0000ffec  __TI_int06              
0000ffee  __TI_int07              
0000fff0  __TI_int08              
0000fff2  __TI_int09              
0000fff4  __TI_int10              
0000fff6  __TI_int11              
0000fff8  __TI_int12              
0000fffa  __TI_int13              
0000fffc  __TI_int14              
ffffffff  __TI_pprof_out_hndl     
ffffffff  __TI_prof_data_size     
ffffffff  __TI_prof_data_start    
0000cba4  __TI_renormd            
0000d334  __TI_zero_init          
ffffffff  __c_args__              
0000c000  __mspabi_addd           
0000c8d8  __mspabi_addf           
0000ca04  __mspabi_cmpd           
0000cdfe  __mspabi_cvtfd          
0000cc62  __mspabi_divf           
0000d152  __mspabi_divli          
0000d062  __mspabi_divul          
0000d29c  __mspabi_fixdi          
0000ce70  __mspabi_fixdli         
0000d20e  __mspabi_fltif          
0000d3d2  __mspabi_func_epilog_1  
0000d3d0  __mspabi_func_epilog_2  
0000d3ce  __mspabi_func_epilog_3  
0000d3cc  __mspabi_func_epilog_4  
0000d3ca  __mspabi_func_epilog_5  
0000d3c8  __mspabi_func_epilog_6  
0000d3c6  __mspabi_func_epilog_7  
0000cae0  __mspabi_mpyf           
0000d348  __mspabi_mpyi           
0000d348  __mspabi_mpyi_sw        
0000d152  __mspabi_remli          
0000d062  __mspabi_remul          
0000d270  __mspabi_slli           
0000d298  __mspabi_slli_1         
0000d286  __mspabi_slli_10        
0000d284  __mspabi_slli_11        
0000d282  __mspabi_slli_12        
0000d280  __mspabi_slli_13        
0000d27e  __mspabi_slli_14        
0000d27c  __mspabi_slli_15        
0000d296  __mspabi_slli_2         
0000d294  __mspabi_slli_3         
0000d292  __mspabi_slli_4         
0000d290  __mspabi_slli_5         
0000d28e  __mspabi_slli_6         
0000d28c  __mspabi_slli_7         
0000d28a  __mspabi_slli_8         
0000d288  __mspabi_slli_9         
0000d3b6  __mspabi_slll           
0000d208  __mspabi_slll_1         
0000d1e4  __mspabi_slll_10        
0000d1e0  __mspabi_slll_11        
0000d1dc  __mspabi_slll_12        
0000d1d8  __mspabi_slll_13        
0000d1d4  __mspabi_slll_14        
0000d1d0  __mspabi_slll_15        
0000d204  __mspabi_slll_2         
0000d200  __mspabi_slll_3         
0000d1fc  __mspabi_slll_4         
0000d1f8  __mspabi_slll_5         
0000d1f4  __mspabi_slll_6         
0000d1f0  __mspabi_slll_7         
0000d1ec  __mspabi_slll_8         
0000d1e8  __mspabi_slll_9         
0000d244  __mspabi_srai           
0000d26c  __mspabi_srai_1         
0000d25a  __mspabi_srai_10        
0000d258  __mspabi_srai_11        
0000d256  __mspabi_srai_12        
0000d254  __mspabi_srai_13        
0000d252  __mspabi_srai_14        
0000d250  __mspabi_srai_15        
0000d26a  __mspabi_srai_2         
0000d268  __mspabi_srai_3         
0000d266  __mspabi_srai_4         
0000d264  __mspabi_srai_5         
0000d262  __mspabi_srai_6         
0000d260  __mspabi_srai_7         
0000d25e  __mspabi_srai_8         
0000d25c  __mspabi_srai_9         
0000d3a6  __mspabi_sral           
0000d1ca  __mspabi_sral_1         
0000d1a6  __mspabi_sral_10        
0000d1a2  __mspabi_sral_11        
0000d19e  __mspabi_sral_12        
0000d19a  __mspabi_sral_13        
0000d196  __mspabi_sral_14        
0000d192  __mspabi_sral_15        
0000d1c6  __mspabi_sral_2         
0000d1c2  __mspabi_sral_3         
0000d1be  __mspabi_sral_4         
0000d1ba  __mspabi_sral_5         
0000d1b6  __mspabi_sral_6         
0000d1b2  __mspabi_sral_7         
0000d1ae  __mspabi_sral_8         
0000d1aa  __mspabi_sral_9         
0000d0ba  __mspabi_srli           
0000d100  __mspabi_srli_1         
0000d0dc  __mspabi_srli_10        
0000d0d8  __mspabi_srli_11        
0000d0d4  __mspabi_srli_12        
0000d0d0  __mspabi_srli_13        
0000d0cc  __mspabi_srli_14        
0000d0c8  __mspabi_srli_15        
0000d0fc  __mspabi_srli_2         
0000d0f8  __mspabi_srli_3         
0000d0f4  __mspabi_srli_4         
0000d0f0  __mspabi_srli_5         
0000d0ec  __mspabi_srli_6         
0000d0e8  __mspabi_srli_7         
0000d0e4  __mspabi_srli_8         
0000d0e0  __mspabi_srli_9         
0000d382  __mspabi_srll           
0000d000  __mspabi_srll_1         
0000cfca  __mspabi_srll_10        
0000cfc4  __mspabi_srll_11        
0000cfbe  __mspabi_srll_12        
0000cfb8  __mspabi_srll_13        
0000cfb2  __mspabi_srll_14        
0000cfac  __mspabi_srll_15        
0000cffa  __mspabi_srll_2         
0000cff4  __mspabi_srll_3         
0000cfee  __mspabi_srll_4         
0000cfe8  __mspabi_srll_5         
0000cfe2  __mspabi_srll_6         
0000cfdc  __mspabi_srll_7         
0000cfd6  __mspabi_srll_8         
0000cfd0  __mspabi_srll_9         
0000c8d2  __mspabi_subf           
0000cee2  _auto_init              
0000d2e8  _c_int00_noargs_noexit  
0000fffe  _reset_vector           
000003b0  _stack                  
0000d408  _system_post_cinit      
0000d404  _system_pre_init        
0000d3fe  abort                   
0000d3e4  abs                     
00000256  centimeter              
0000d3d6  clk_config              
0000d008  copy_in                 
00000270  diff                    
00000274  distance                
0000025e  dot                     
00000264  dst_char                
00000280  dst_flt                 
0000026a  dst_flt_char            
00000282  dst_int                 
0000c548  floor                   
0000c548  floorl                  
0000d31c  gpio_setup              
00000260  i                       
0000ccfe  ltoa                    
0000c718  main                    
0000d394  memcpy                  
0000025a  newline                 
00000200  printdist               
0000d35c  ser_output              
0000d106  show_result             
0000d3f6  stop_watchdog_tmr       
0000d2c4  tA0_settings            
00000278  temp                    
0000027c  tmp_flt                 
0000d302  usart_init              
00000262  zerro                   


GLOBAL SYMBOLS: SORTED BY Symbol Address 

address   name                    
-------   ----                    
00000000  IE1                     
00000001  IE2                     
00000002  IFG1                    
00000003  IFG2                    
00000010  P3REN                   
00000018  P3IN                    
00000019  P3OUT                   
0000001a  P3DIR                   
0000001b  P3SEL                   
00000020  P1IN                    
00000021  P1OUT                   
00000022  P1DIR                   
00000023  P1IFG                   
00000024  P1IES                   
00000025  P1IE                    
00000026  P1SEL                   
00000027  P1REN                   
00000028  P2IN                    
00000029  P2OUT                   
0000002a  P2DIR                   
0000002b  P2IFG                   
0000002c  P2IES                   
0000002d  P2IE                    
0000002e  P2SEL                   
0000002f  P2REN                   
00000041  P1SEL2                  
00000042  P2SEL2                  
00000043  P3SEL2                  
00000048  ADC10DTC0               
00000049  ADC10DTC1               
0000004a  ADC10AE0                
00000050  __STACK_SIZE            
00000053  BCSCTL3                 
00000056  DCOCTL                  
00000057  BCSCTL1                 
00000058  BCSCTL2                 
00000059  CACTL1                  
0000005a  CACTL2                  
0000005b  CAPD                    
0000005d  UCA0ABCTL               
0000005e  UCA0IRTCTL              
0000005f  UCA0IRRCTL              
00000060  UCA0CTL0                
00000061  UCA0CTL1                
00000062  UCA0BR0                 
00000063  UCA0BR1                 
00000064  UCA0MCTL                
00000065  UCA0STAT                
00000066  UCA0RXBUF               
00000067  UCA0TXBUF               
00000068  UCB0CTL0                
00000069  UCB0CTL1                
0000006a  UCB0BR0                 
0000006b  UCB0BR1                 
0000006c  UCB0I2CIE               
0000006d  UCB0STAT                
0000006e  UCB0RXBUF               
0000006f  UCB0TXBUF               
00000118  UCB0I2COA               
0000011a  UCB0I2CSA               
0000011e  TA1IV                   
00000120  WDTCTL                  
00000128  FCTL1                   
0000012a  FCTL2                   
0000012c  FCTL3                   
0000012e  TA0IV                   
00000160  TA0CTL                  
00000162  TA0CCTL0                
00000164  TA0CCTL1                
00000166  TA0CCTL2                
00000170  TA0R                    
00000172  TA0CCR0                 
00000174  TA0CCR1                 
00000176  TA0CCR2                 
00000180  TA1CTL                  
00000182  TA1CCTL0                
00000184  TA1CCTL1                
00000186  TA1CCTL2                
00000190  TA1R                    
00000192  TA1CCR0                 
00000194  TA1CCR1                 
00000196  TA1CCR2                 
000001b0  ADC10CTL0               
000001b2  ADC10CTL1               
000001b4  ADC10MEM                
000001bc  ADC10SA                 
00000200  printdist               
00000256  centimeter              
0000025a  newline                 
0000025e  dot                     
00000260  i                       
00000262  zerro                   
00000264  dst_char                
0000026a  dst_flt_char            
00000270  diff                    
00000274  distance                
00000278  temp                    
0000027c  tmp_flt                 
00000280  dst_flt                 
00000282  dst_int                 
000003b0  _stack                  
00000400  __STACK_END             
000010c0  TLV_CHECKSUM            
000010da  TLV_ADC10_1_TAG         
000010db  TLV_ADC10_1_LEN         
000010f6  TLV_DCO_30_TAG          
000010f7  TLV_DCO_30_LEN          
000010f8  CALDCO_16MHZ            
000010f9  CALBC1_16MHZ            
000010fa  CALDCO_12MHZ            
000010fb  CALBC1_12MHZ            
000010fc  CALDCO_8MHZ             
000010fd  CALBC1_8MHZ             
000010fe  CALDCO_1MHZ             
000010ff  CALBC1_1MHZ             
0000c000  __mspabi_addd           
0000c2e8  __TI_frcaddd            
0000c548  floor                   
0000c548  floorl                  
0000c718  main                    
0000c8d2  __mspabi_subf           
0000c8d8  __mspabi_addf           
0000ca04  __mspabi_cmpd           
0000cae0  __mspabi_mpyf           
0000cba4  __TI_renormd            
0000cc62  __mspabi_divf           
0000ccfe  ltoa                    
0000cd82  __TI_decompress_lzss    
0000cdfe  __mspabi_cvtfd          
0000ce70  __mspabi_fixdli         
0000cee2  _auto_init              
0000cf50  Timer_A1_ISR            
0000cfac  __mspabi_srll_15        
0000cfb2  __mspabi_srll_14        
0000cfb8  __mspabi_srll_13        
0000cfbe  __mspabi_srll_12        
0000cfc4  __mspabi_srll_11        
0000cfca  __mspabi_srll_10        
0000cfd0  __mspabi_srll_9         
0000cfd6  __mspabi_srll_8         
0000cfdc  __mspabi_srll_7         
0000cfe2  __mspabi_srll_6         
0000cfe8  __mspabi_srll_5         
0000cfee  __mspabi_srll_4         
0000cff4  __mspabi_srll_3         
0000cffa  __mspabi_srll_2         
0000d000  __mspabi_srll_1         
0000d008  copy_in                 
0000d062  __mspabi_divul          
0000d062  __mspabi_remul          
0000d0ba  __mspabi_srli           
0000d0c8  __mspabi_srli_15        
0000d0cc  __mspabi_srli_14        
0000d0d0  __mspabi_srli_13        
0000d0d4  __mspabi_srli_12        
0000d0d8  __mspabi_srli_11        
0000d0dc  __mspabi_srli_10        
0000d0e0  __mspabi_srli_9         
0000d0e4  __mspabi_srli_8         
0000d0e8  __mspabi_srli_7         
0000d0ec  __mspabi_srli_6         
0000d0f0  __mspabi_srli_5         
0000d0f4  __mspabi_srli_4         
0000d0f8  __mspabi_srli_3         
0000d0fc  __mspabi_srli_2         
0000d100  __mspabi_srli_1         
0000d106  show_result             
0000d152  __mspabi_divli          
0000d152  __mspabi_remli          
0000d192  __mspabi_sral_15        
0000d196  __mspabi_sral_14        
0000d19a  __mspabi_sral_13        
0000d19e  __mspabi_sral_12        
0000d1a2  __mspabi_sral_11        
0000d1a6  __mspabi_sral_10        
0000d1aa  __mspabi_sral_9         
0000d1ae  __mspabi_sral_8         
0000d1b2  __mspabi_sral_7         
0000d1b6  __mspabi_sral_6         
0000d1ba  __mspabi_sral_5         
0000d1be  __mspabi_sral_4         
0000d1c2  __mspabi_sral_3         
0000d1c6  __mspabi_sral_2         
0000d1ca  __mspabi_sral_1         
0000d1d0  __mspabi_slll_15        
0000d1d4  __mspabi_slll_14        
0000d1d8  __mspabi_slll_13        
0000d1dc  __mspabi_slll_12        
0000d1e0  __mspabi_slll_11        
0000d1e4  __mspabi_slll_10        
0000d1e8  __mspabi_slll_9         
0000d1ec  __mspabi_slll_8         
0000d1f0  __mspabi_slll_7         
0000d1f4  __mspabi_slll_6         
0000d1f8  __mspabi_slll_5         
0000d1fc  __mspabi_slll_4         
0000d200  __mspabi_slll_3         
0000d204  __mspabi_slll_2         
0000d208  __mspabi_slll_1         
0000d20e  __mspabi_fltif          
0000d244  __mspabi_srai           
0000d250  __mspabi_srai_15        
0000d252  __mspabi_srai_14        
0000d254  __mspabi_srai_13        
0000d256  __mspabi_srai_12        
0000d258  __mspabi_srai_11        
0000d25a  __mspabi_srai_10        
0000d25c  __mspabi_srai_9         
0000d25e  __mspabi_srai_8         
0000d260  __mspabi_srai_7         
0000d262  __mspabi_srai_6         
0000d264  __mspabi_srai_5         
0000d266  __mspabi_srai_4         
0000d268  __mspabi_srai_3         
0000d26a  __mspabi_srai_2         
0000d26c  __mspabi_srai_1         
0000d270  __mspabi_slli           
0000d27c  __mspabi_slli_15        
0000d27e  __mspabi_slli_14        
0000d280  __mspabi_slli_13        
0000d282  __mspabi_slli_12        
0000d284  __mspabi_slli_11        
0000d286  __mspabi_slli_10        
0000d288  __mspabi_slli_9         
0000d28a  __mspabi_slli_8         
0000d28c  __mspabi_slli_7         
0000d28e  __mspabi_slli_6         
0000d290  __mspabi_slli_5         
0000d292  __mspabi_slli_4         
0000d294  __mspabi_slli_3         
0000d296  __mspabi_slli_2         
0000d298  __mspabi_slli_1         
0000d29c  __mspabi_fixdi          
0000d2c4  tA0_settings            
0000d2e8  _c_int00_noargs_noexit  
0000d302  usart_init              
0000d31c  gpio_setup              
0000d334  __TI_zero_init          
0000d348  __mspabi_mpyi           
0000d348  __mspabi_mpyi_sw        
0000d35c  ser_output              
0000d370  __TI_decompress_none    
0000d382  __mspabi_srll           
0000d394  memcpy                  
0000d3a6  __mspabi_sral           
0000d3b6  __mspabi_slll           
0000d3c6  __mspabi_func_epilog_7  
0000d3c8  __mspabi_func_epilog_6  
0000d3ca  __mspabi_func_epilog_5  
0000d3cc  __mspabi_func_epilog_4  
0000d3ce  __mspabi_func_epilog_3  
0000d3d0  __mspabi_func_epilog_2  
0000d3d2  __mspabi_func_epilog_1  
0000d3d6  clk_config              
0000d3e4  abs                     
0000d3ee  __TI_ISR_TRAP           
0000d3f6  stop_watchdog_tmr       
0000d3fe  C$$EXIT                 
0000d3fe  abort                   
0000d404  _system_pre_init        
0000d408  _system_post_cinit      
0000d450  __TI_Handler_Table_Base 
0000d456  __TI_Handler_Table_Limit
0000d45a  __TI_CINIT_Base         
0000d462  __TI_CINIT_Limit        
0000ffe0  __TI_int00              
0000ffe4  __TI_int02              
0000ffe6  __TI_int03              
0000ffea  __TI_int05              
0000ffec  __TI_int06              
0000ffee  __TI_int07              
0000fff0  __TI_int08              
0000fff2  __TI_int09              
0000fff4  __TI_int10              
0000fff6  __TI_int11              
0000fff8  __TI_int12              
0000fffa  __TI_int13              
0000fffc  __TI_int14              
0000fffe  _reset_vector           
ffffffff  __TI_pprof_out_hndl     
ffffffff  __TI_prof_data_size     
ffffffff  __TI_prof_data_start    
ffffffff  __c_args__              
UNDEFED   __TI_BINIT_Base         
UNDEFED   __TI_BINIT_Limit        
UNDEFED   __TI_INITARRAY_Base     
UNDEFED   __TI_INITARRAY_Limit    

[287 symbols]
